QuestaSim-64 vopt 2023.4 Compiler 2023.10 Oct  9 2023
** Warning: (vopt-10587) Some optimizations are turned off because the +acc switch is in effect. This will cause your simulation to run slowly. Please use -access/-debug to maintain needed visibility.
Start time: 12:55:30 on Jul 02,2026
vopt -L /nas/ei/home/ge87dix/Edu4Chip/Didactic-SoC/sim/../build/didactic_lib -sv -suppress vopt-2577 "+acc=npr" -work /nas/ei/home/ge87dix/Edu4Chip/Didactic-SoC/sim/../build/didactic_lib tb_didactic -o tb_didactic_opt -l /nas/ei/home/ge87dix/Edu4Chip/Didactic-SoC/sim/../build/logs/opt/2026-07-02_12:55_vopt.log 

Top level modules:
	tb_didactic

Analyzing design...
-- Loading module tb_didactic
-- Importing package jtag_pkg
-- Importing package dm
-- Importing package riscv
-- Loading module Didactic
-- Loading module analog_wrapper_0
-- Loading module TOPCELL_ISAR_with_padframe
-- Loading module obi_icn_ss
-- Loading module obi_xbar_intf
-- Importing package obi_pkg
-- Importing package cf_math_pkg
-- Loading module obi_xbar
-- Loading module SysCtrl_SS_wrapper_0
-- Loading module SysCtrl_SS_0
-- Loading module apb_gpio
-- Loading module apb_spi_master
-- Loading module spi_master_apb_if
-- Loading module spi_master_fifo
-- Loading module spi_master_controller
-- Loading module spi_master_clkgen
-- Loading module spi_master_tx
-- Loading module spi_master_rx
-- Loading module apb_uart
-- Loading module slib_input_sync
-- Loading module slib_input_filter
-- Loading module uart_interrupt
-- Loading module slib_edge_detect
-- Loading module uart_baudgen
-- Loading module slib_clock_div
-- Loading module slib_fifo
-- Loading module uart_transmitter
-- Loading module uart_receiver
-- Loading module slib_counter
-- Loading module slib_mv_filter
-- Loading module SS_Ctrl_reg_array
-- Loading module obi_sram
-- Loading module tc_sram
-- Loading module ibex_wrapper
-- Importing package ibex_pkg
-- Importing package prim_ram_1p_pkg
-- Loading module ibex_top_tracing
-- Loading module ibex_top
-- Importing package prim_secded_pkg
-- Loading module prim_clock_gating
-- Importing package prim_pkg
-- Loading module prim_buf
-- Loading module ibex_core
-- Loading module ibex_if_stage
-- Loading module ibex_compressed_decoder
-- Loading module ibex_id_stage
-- Loading module ibex_decoder
-- Loading module ibex_controller
-- Loading module ibex_ex_block
-- Loading module ibex_alu
-- Loading module ibex_load_store_unit
-- Loading module ibex_wb_stage
-- Loading module ibex_cs_registers
-- Loading module ibex_csr
-- Loading module ibex_counter
-- Loading module ibex_tracer
-- Importing package ibex_tracer_pkg
-- Loading module jtag_dbg_wrapper_obi
-- Loading module dmi_jtag
-- Loading module dmi_jtag_tap
-- Loading module tc_clk_inverter
-- Loading module tc_clk_mux2
-- Loading module dmi_cdc
-- Loading module cdc_2phase_clearable
-- Loading module cdc_2phase_src_clearable
-- Loading module sync
-- Loading module cdc_2phase_dst_clearable
-- Loading module cdc_reset_ctrlr
-- Importing package cdc_reset_ctrlr_pkg
-- Loading module cdc_reset_ctrlr_half
-- Loading module cdc_4phase_src
-- Loading module cdc_4phase_dst
-- Loading module dm_obi_top
-- Loading module dm_top
-- Loading module dm_csrs
-- Loading module fifo_v2
-- Loading module fifo_v3
-- Loading module dm_sba
-- Loading module dm_mem
-- Loading module peripherals_obi_to_apb
-- Loading module obi_to_apb_intf
-- Loading module sysctrl_obi_xbar
-- Loading module io_cell_frame_sysctrl
-- Loading module io_cell_wrapper
-- Loading module pmod_mux
-- Loading module rstgen
-- Loading module rstgen_bypass
-- Loading module student_wrapper_0
-- Loading module tc_clk_gating
-- Loading module generic_and
-- Loading module student_wrapper_1
-- Loading module student_wrapper_2
-- Loading module student_wrapper_3
-- Loading module student_wrapper_4
-- Loading module student_wrapper_5
-- Loading module student_wrapper_6
-- Loading module uart_tb_rx
-- Loading interface spi_slave
** Error: /nas/ei/home/ge87dix/Edu4Chip/Didactic-SoC/src/generated/student_wrapper_0.v(154): Module 'subsystem' is not defined.
 For instance 'i_subsystem_0' at path 'tb_didactic.i_didactic.student_wrapper_1'
** Error: /nas/ei/home/ge87dix/Edu4Chip/Didactic-SoC/src/generated/student_wrapper_1.v(154): Module 'subsystem' is not defined.
 For instance 'i_subsystem_1' at path 'tb_didactic.i_didactic.student_wrapper_2'
** Error: /nas/ei/home/ge87dix/Edu4Chip/Didactic-SoC/src/generated/student_wrapper_2.v(154): Module 'subsystem' is not defined.
 For instance 'i_subsystem_2' at path 'tb_didactic.i_didactic.student_wrapper_3'
** Error: /nas/ei/home/ge87dix/Edu4Chip/Didactic-SoC/src/generated/student_wrapper_3.v(154): Module 'subsystem' is not defined.
 For instance 'i_subsystem_3' at path 'tb_didactic.i_didactic.student_wrapper_4'
** Error: /nas/ei/home/ge87dix/Edu4Chip/Didactic-SoC/src/generated/student_wrapper_4.v(154): Module 'subsystem' is not defined.
 For instance 'i_subsystem_4' at path 'tb_didactic.i_didactic.student_wrapper_5'
** Error: /nas/ei/home/ge87dix/Edu4Chip/Didactic-SoC/src/generated/student_wrapper_5.v(154): Module 'subsystem' is not defined.
 For instance 'i_subsystem_5' at path 'tb_didactic.i_didactic.student_wrapper_6'
** Error: /nas/ei/home/ge87dix/Edu4Chip/Didactic-SoC/src/generated/student_wrapper_6.v(154): Module 'subsystem' is not defined.
 For instance 'i_subsystem_6' at path 'tb_didactic.i_didactic.student_wrapper_7'
-- Loading interface OBI_BUS
-- Loading interface APB
-- Importing package apb_pkg
-- Loading module obi_cut_intf
-- Loading module obi_cut
-- Loading module spill_register
-- Loading module spill_register_flushable
-- Loading module addr_decode
-- Loading module addr_decode_dync
-- Loading module obi_demux
-- Loading module delta_counter
-- Loading module obi_mux
-- Loading module rr_arb_tree
-- Loading module tech_sync
-- Loading module prim_generic_clock_gating
-- Loading module prim_generic_buf
-- Loading module ibex_prefetch_buffer
-- Loading module ibex_fetch_fifo
-- Loading module ibex_multdiv_fast
-- Loading module ibex_register_file_ff
-- Loading module debug_rom
-- Loading module i_cell
-- Loading module o_cell
-- Loading module io_cell
-- Loading module lzc
Optimization failed
End time: 12:55:30 on Jul 02,2026, Elapsed time: 0:00:00
Errors: 7, Warnings: 1
