QuestaSim-64 vlog 2023.4 Compiler 2023.10 Oct  9 2023
Start time: 12:52:56 on Jul 02,2026
vlog -sv -work didactic_lib "+define+RVFI" "+define+INC_ASSERT" "+define+USE_UART" "+define+USE_SPI" "+incdir+/nas/ei/home/ge87dix/Edu4Chip/Didactic-SoC/.bender/git/checkouts/common_cells-3bd5b2d671aaec0e/include" "+incdir+/nas/ei/home/ge87dix/Edu4Chip/Didactic-SoC/.bender/git/checkouts/axi-aae2d6c181d6f97b/include" "+incdir+/nas/ei/home/ge87dix/Edu4Chip/Didactic-SoC/.bender/git/checkouts/apb-e4460f86c75afc6a/include" "+incdir+/nas/ei/home/ge87dix/Edu4Chip/Didactic-SoC/.bender/git/checkouts/register_interface-26afcadbe8460c5f/include" "+incdir+/nas/ei/home/ge87dix/Edu4Chip/Didactic-SoC/.bender/git/checkouts/obi-cbdec09f22f66762/include" "+incdir+/nas/ei/home/ge87dix/Edu4Chip/Didactic-SoC/sim/../build/../vendor_ips/ibex/vendor/lowrisc_ip/dv/sv/dv_utils" "+incdir+/nas/ei/home/ge87dix/Edu4Chip/Didactic-SoC/sim/../build/../vendor_ips/ibex/vendor/lowrisc_ip/ip/prim/rtl" "+incdir+/nas/ei/home/ge87dix/Edu4Chip/Didactic-SoC/sim/../build/../vendor_ips/ibex/rtl" -L /nas/ei/home/ge87dix/Edu4Chip/Didactic-SoC/sim/../build/didactic_lib -svinputport=compat -suppress vlog-2583 -suppress vlog-2244 -l /nas/ei/home/ge87dix/Edu4Chip/Didactic-SoC/sim/../build/logs/compile/2026-07-02_12:52_didactic.log 
    The vlog command compiles Verilog source code and SystemVerilog extensions
    into a specified working library (or to the work library by default).
    Compressed SystemVerilog source files (those compressed with zlib) are
    accepted.
    
    The vlog command may be invoked from within Questa SIM or from the
    operating system command prompt. It may also be invoked during simulation.
    Compiled libraries are major-version dependent. When moving between major
    version, you have to refresh compiled libraries using the -refresh argument
    to vlog. This is not true for minor versions (letter releases).
    
    All arguments to the vlog command are case sensitive. For example, -WORK
    and -work are not equivalent.
    
    SystemVerilog requires that the default behavior of the vlog command is to
    treat each Verilog design file listed on the command line as a separate
    compilation unit. To treat multiple files listed within a single command
    line as a single compilation unit, use either the vlog -mfcu argument or
    the MultiFileCompilationUnit in the User's Manual
    
    Try the following to get help on specific options or categories: 

    vlog -help all            : List all categories and options
    vlog -help category       : List all categories
    vlog -help <option>       : Help on an option
    vlog -help <command-line> : Help on all options in a command-line
    vlog -help <category>     : List all options in a category

    Category:       The list of categories in vlog tool.

    General         List most common general options
    Analog          List options supporting analog mixed-signal (AMS)
    Coverage        List options for Coverage
    Cpp             List options supporting SystemC module
    Debug           List options for debug, and assertion
    GLS             List options for Gate Level Simulation
    Language        List all options supported by hardware language Verilog/VHDL
    Library         List options for design, work library
    Messages        List all warn, error, note, fatal messages options
    Optimize        List options for optimization
    Report          List options for reporting log file, statistics, capstats
    RNM             List options for the RNM flow
