QuestaSim-64 vlog 2023.4 Compiler 2023.10 Oct  9 2023
Start time: 13:01:18 on Jul 02,2026
vlog -sv -work didactic_lib "+define+RVFI" "+define+INC_ASSERT" "+define+USE_UART" "+define+USE_SPI" "+incdir+/nas/ei/home/ge87dix/Edu4Chip/Didactic-SoC/.bender/git/checkouts/common_cells-3bd5b2d671aaec0e/include" "+incdir+/nas/ei/home/ge87dix/Edu4Chip/Didactic-SoC/.bender/git/checkouts/axi-aae2d6c181d6f97b/include" "+incdir+/nas/ei/home/ge87dix/Edu4Chip/Didactic-SoC/.bender/git/checkouts/apb-e4460f86c75afc6a/include" "+incdir+/nas/ei/home/ge87dix/Edu4Chip/Didactic-SoC/.bender/git/checkouts/register_interface-26afcadbe8460c5f/include" "+incdir+/nas/ei/home/ge87dix/Edu4Chip/Didactic-SoC/.bender/git/checkouts/obi-cbdec09f22f66762/include" "+incdir+/nas/ei/home/ge87dix/Edu4Chip/Didactic-SoC/sim/../build/../vendor_ips/ibex/vendor/lowrisc_ip/dv/sv/dv_utils" "+incdir+/nas/ei/home/ge87dix/Edu4Chip/Didactic-SoC/sim/../build/../vendor_ips/ibex/vendor/lowrisc_ip/ip/prim/rtl" "+incdir+/nas/ei/home/ge87dix/Edu4Chip/Didactic-SoC/sim/../build/../vendor_ips/ibex/rtl" -L /nas/ei/home/ge87dix/Edu4Chip/Didactic-SoC/sim/../build/didactic_lib -svinputport=compat -suppress vlog-2583 -suppress vlog-2244 /nas/ei/home/ge87dix/Edu4Chip/Didactic-SoC/.bender/git/checkouts/common_verification-164aab5bf502df17/src/clk_rst_gen.sv /nas/ei/home/ge87dix/Edu4Chip/Didactic-SoC/.bender/git/checkouts/common_verification-164aab5bf502df17/src/sim_timeout.sv /nas/ei/home/ge87dix/Edu4Chip/Didactic-SoC/.bender/git/checkouts/common_verification-164aab5bf502df17/src/stream_watchdog.sv /nas/ei/home/ge87dix/Edu4Chip/Didactic-SoC/.bender/git/checkouts/common_verification-164aab5bf502df17/src/signal_highlighter.sv /nas/ei/home/ge87dix/Edu4Chip/Didactic-SoC/.bender/git/checkouts/common_verification-164aab5bf502df17/src/rand_id_queue.sv /nas/ei/home/ge87dix/Edu4Chip/Didactic-SoC/.bender/git/checkouts/common_verification-164aab5bf502df17/src/rand_stream_mst.sv /nas/ei/home/ge87dix/Edu4Chip/Didactic-SoC/.bender/git/checkouts/common_verification-164aab5bf502df17/src/rand_synch_holdable_driver.sv /nas/ei/home/ge87dix/Edu4Chip/Didactic-SoC/.bender/git/checkouts/common_verification-164aab5bf502df17/src/rand_verif_pkg.sv /nas/ei/home/ge87dix/Edu4Chip/Didactic-SoC/.bender/git/checkouts/common_verification-164aab5bf502df17/src/rand_synch_driver.sv /nas/ei/home/ge87dix/Edu4Chip/Didactic-SoC/.bender/git/checkouts/common_verification-164aab5bf502df17/src/rand_stream_slv.sv /nas/ei/home/ge87dix/Edu4Chip/Didactic-SoC/.bender/git/checkouts/tech_cells_generic-c6f7639ae8d3c67d/src/rtl/tc_sram.sv /nas/ei/home/ge87dix/Edu4Chip/Didactic-SoC/.bender/git/checkouts/tech_cells_generic-c6f7639ae8d3c67d/src/rtl/tc_sram_impl.sv /nas/ei/home/ge87dix/Edu4Chip/Didactic-SoC/.bender/git/checkouts/tech_cells_generic-c6f7639ae8d3c67d/src/rtl/tc_clk.sv /nas/ei/home/ge87dix/Edu4Chip/Didactic-SoC/.bender/git/checkouts/tech_cells_generic-c6f7639ae8d3c67d/src/rtl/tc_sync.sv /nas/ei/home/ge87dix/Edu4Chip/Didactic-SoC/.bender/git/checkouts/tech_cells_generic-c6f7639ae8d3c67d/src/deprecated/cluster_pwr_cells.sv /nas/ei/home/ge87dix/Edu4Chip/Didactic-SoC/.bender/git/checkouts/tech_cells_generic-c6f7639ae8d3c67d/src/deprecated/generic_memory.sv /nas/ei/home/ge87dix/Edu4Chip/Didactic-SoC/.bender/git/checkouts/tech_cells_generic-c6f7639ae8d3c67d/src/deprecated/generic_rom.sv /nas/ei/home/ge87dix/Edu4Chip/Didactic-SoC/.bender/git/checkouts/tech_cells_generic-c6f7639ae8d3c67d/src/deprecated/pad_functional.sv /nas/ei/home/ge87dix/Edu4Chip/Didactic-SoC/.bender/git/checkouts/tech_cells_generic-c6f7639ae8d3c67d/src/deprecated/pulp_buffer.sv /nas/ei/home/ge87dix/Edu4Chip/Didactic-SoC/.bender/git/checkouts/tech_cells_generic-c6f7639ae8d3c67d/src/deprecated/pulp_pwr_cells.sv /nas/ei/home/ge87dix/Edu4Chip/Didactic-SoC/.bender/git/checkouts/tech_cells_generic-c6f7639ae8d3c67d/src/tc_pwr.sv /nas/ei/home/ge87dix/Edu4Chip/Didactic-SoC/.bender/git/checkouts/tech_cells_generic-c6f7639ae8d3c67d/src/deprecated/pulp_clock_gating_async.sv /nas/ei/home/ge87dix/Edu4Chip/Didactic-SoC/.bender/git/checkouts/tech_cells_generic-c6f7639ae8d3c67d/src/deprecated/cluster_clk_cells.sv /nas/ei/home/ge87dix/Edu4Chip/Didactic-SoC/.bender/git/checkouts/tech_cells_generic-c6f7639ae8d3c67d/src/deprecated/pulp_clk_cells.sv /nas/ei/home/ge87dix/Edu4Chip/Didactic-SoC/.bender/git/checkouts/common_cells-3bd5b2d671aaec0e/src/binary_to_gray.sv /nas/ei/home/ge87dix/Edu4Chip/Didactic-SoC/.bender/git/checkouts/common_cells-3bd5b2d671aaec0e/src/cb_filter_pkg.sv /nas/ei/home/ge87dix/Edu4Chip/Didactic-SoC/.bender/git/checkouts/common_cells-3bd5b2d671aaec0e/src/cc_onehot.sv /nas/ei/home/ge87dix/Edu4Chip/Didactic-SoC/.bender/git/checkouts/common_cells-3bd5b2d671aaec0e/src/cdc_reset_ctrlr_pkg.sv /nas/ei/home/ge87dix/Edu4Chip/Didactic-SoC/.bender/git/checkouts/common_cells-3bd5b2d671aaec0e/src/cf_math_pkg.sv /nas/ei/home/ge87dix/Edu4Chip/Didactic-SoC/.bender/git/checkouts/common_cells-3bd5b2d671aaec0e/src/clk_int_div.sv /nas/ei/home/ge87dix/Edu4Chip/Didactic-SoC/.bender/git/checkouts/common_cells-3bd5b2d671aaec0e/src/credit_counter.sv /nas/ei/home/ge87dix/Edu4Chip/Didactic-SoC/.bender/git/checkouts/common_cells-3bd5b2d671aaec0e/src/delta_counter.sv /nas/ei/home/ge87dix/Edu4Chip/Didactic-SoC/.bender/git/checkouts/common_cells-3bd5b2d671aaec0e/src/ecc_pkg.sv /nas/ei/home/ge87dix/Edu4Chip/Didactic-SoC/.bender/git/checkouts/common_cells-3bd5b2d671aaec0e/src/edge_propagator_tx.sv /nas/ei/home/ge87dix/Edu4Chip/Didactic-SoC/.bender/git/checkouts/common_cells-3bd5b2d671aaec0e/src/exp_backoff.sv /nas/ei/home/ge87dix/Edu4Chip/Didactic-SoC/.bender/git/checkouts/common_cells-3bd5b2d671aaec0e/src/fifo_v3.sv /nas/ei/home/ge87dix/Edu4Chip/Didactic-SoC/.bender/git/checkouts/common_cells-3bd5b2d671aaec0e/src/gray_to_binary.sv /nas/ei/home/ge87dix/Edu4Chip/Didactic-SoC/.bender/git/checkouts/common_cells-3bd5b2d671aaec0e/src/heaviside.sv /nas/ei/home/ge87dix/Edu4Chip/Didactic-SoC/.bender/git/checkouts/common_cells-3bd5b2d671aaec0e/src/isochronous_4phase_handshake.sv /nas/ei/home/ge87dix/Edu4Chip/Didactic-SoC/.bender/git/checkouts/common_cells-3bd5b2d671aaec0e/src/isochronous_spill_register.sv /nas/ei/home/ge87dix/Edu4Chip/Didactic-SoC/.bender/git/checkouts/common_cells-3bd5b2d671aaec0e/src/lfsr.sv /nas/ei/home/ge87dix/Edu4Chip/Didactic-SoC/.bender/git/checkouts/common_cells-3bd5b2d671aaec0e/src/lfsr_16bit.sv /nas/ei/home/ge87dix/Edu4Chip/Didactic-SoC/.bender/git/checkouts/common_cells-3bd5b2d671aaec0e/src/lfsr_8bit.sv /nas/ei/home/ge87dix/Edu4Chip/Didactic-SoC/.bender/git/checkouts/common_cells-3bd5b2d671aaec0e/src/lossy_valid_to_stream.sv /nas/ei/home/ge87dix/Edu4Chip/Didactic-SoC/.bender/git/checkouts/common_cells-3bd5b2d671aaec0e/src/mv_filter.sv /nas/ei/home/ge87dix/Edu4Chip/Didactic-SoC/.bender/git/checkouts/common_cells-3bd5b2d671aaec0e/src/onehot_to_bin.sv /nas/ei/home/ge87dix/Edu4Chip/Didactic-SoC/.bender/git/checkouts/common_cells-3bd5b2d671aaec0e/src/plru_tree.sv /nas/ei/home/ge87dix/Edu4Chip/Didactic-SoC/.bender/git/checkouts/common_cells-3bd5b2d671aaec0e/src/passthrough_stream_fifo.sv /nas/ei/home/ge87dix/Edu4Chip/Didactic-SoC/.bender/git/checkouts/common_cells-3bd5b2d671aaec0e/src/popcount.sv /nas/ei/home/ge87dix/Edu4Chip/Didactic-SoC/.bender/git/checkouts/common_cells-3bd5b2d671aaec0e/src/ring_buffer.sv /nas/ei/home/ge87dix/Edu4Chip/Didactic-SoC/.bender/git/checkouts/common_cells-3bd5b2d671aaec0e/src/rr_arb_tree.sv /nas/ei/home/ge87dix/Edu4Chip/Didactic-SoC/.bender/git/checkouts/common_cells-3bd5b2d671aaec0e/src/rstgen_bypass.sv /nas/ei/home/ge87dix/Edu4Chip/Didactic-SoC/.bender/git/checkouts/common_cells-3bd5b2d671aaec0e/src/serial_deglitch.sv /nas/ei/home/ge87dix/Edu4Chip/Didactic-SoC/.bender/git/checkouts/common_cells-3bd5b2d671aaec0e/src/shift_reg.sv /nas/ei/home/ge87dix/Edu4Chip/Didactic-SoC/.bender/git/checkouts/common_cells-3bd5b2d671aaec0e/src/shift_reg_gated.sv /nas/ei/home/ge87dix/Edu4Chip/Didactic-SoC/.bender/git/checkouts/common_cells-3bd5b2d671aaec0e/src/spill_register_flushable.sv /nas/ei/home/ge87dix/Edu4Chip/Didactic-SoC/.bender/git/checkouts/common_cells-3bd5b2d671aaec0e/src/stream_demux.sv /nas/ei/home/ge87dix/Edu4Chip/Didactic-SoC/.bender/git/checkouts/common_cells-3bd5b2d671aaec0e/src/stream_filter.sv /nas/ei/home/ge87dix/Edu4Chip/Didactic-SoC/.bender/git/checkouts/common_cells-3bd5b2d671aaec0e/src/stream_fork.sv /nas/ei/home/ge87dix/Edu4Chip/Didactic-SoC/.bender/git/checkouts/common_cells-3bd5b2d671aaec0e/src/stream_intf.sv /nas/ei/home/ge87dix/Edu4Chip/Didactic-SoC/.bender/git/checkouts/common_cells-3bd5b2d671aaec0e/src/stream_join_dynamic.sv /nas/ei/home/ge87dix/Edu4Chip/Didactic-SoC/.bender/git/checkouts/common_cells-3bd5b2d671aaec0e/src/stream_mux.sv /nas/ei/home/ge87dix/Edu4Chip/Didactic-SoC/.bender/git/checkouts/common_cells-3bd5b2d671aaec0e/src/stream_throttle.sv /nas/ei/home/ge87dix/Edu4Chip/Didactic-SoC/.bender/git/checkouts/common_cells-3bd5b2d671aaec0e/src/sub_per_hash.sv /nas/ei/home/ge87dix/Edu4Chip/Didactic-SoC/.bender/git/checkouts/common_cells-3bd5b2d671aaec0e/src/sync.sv /nas/ei/home/ge87dix/Edu4Chip/Didactic-SoC/.bender/git/checkouts/common_cells-3bd5b2d671aaec0e/src/sync_wedge.sv /nas/ei/home/ge87dix/Edu4Chip/Didactic-SoC/.bender/git/checkouts/common_cells-3bd5b2d671aaec0e/src/unread.sv /nas/ei/home/ge87dix/Edu4Chip/Didactic-SoC/.bender/git/checkouts/common_cells-3bd5b2d671aaec0e/src/read.sv /nas/ei/home/ge87dix/Edu4Chip/Didactic-SoC/.bender/git/checkouts/common_cells-3bd5b2d671aaec0e/src/addr_decode_dync.sv /nas/ei/home/ge87dix/Edu4Chip/Didactic-SoC/.bender/git/checkouts/common_cells-3bd5b2d671aaec0e/src/boxcar.sv /nas/ei/home/ge87dix/Edu4Chip/Didactic-SoC/.bender/git/checkouts/common_cells-3bd5b2d671aaec0e/src/cdc_2phase.sv /nas/ei/home/ge87dix/Edu4Chip/Didactic-SoC/.bender/git/checkouts/common_cells-3bd5b2d671aaec0e/src/cdc_4phase.sv /nas/ei/home/ge87dix/Edu4Chip/Didactic-SoC/.bender/git/checkouts/common_cells-3bd5b2d671aaec0e/src/clk_int_div_static.sv /nas/ei/home/ge87dix/Edu4Chip/Didactic-SoC/.bender/git/checkouts/common_cells-3bd5b2d671aaec0e/src/trip_counter.sv /nas/ei/home/ge87dix/Edu4Chip/Didactic-SoC/.bender/git/checkouts/common_cells-3bd5b2d671aaec0e/src/addr_decode.sv /nas/ei/home/ge87dix/Edu4Chip/Didactic-SoC/.bender/git/checkouts/common_cells-3bd5b2d671aaec0e/src/addr_decode_napot.sv /nas/ei/home/ge87dix/Edu4Chip/Didactic-SoC/.bender/git/checkouts/common_cells-3bd5b2d671aaec0e/src/multiaddr_decode.sv /nas/ei/home/ge87dix/Edu4Chip/Didactic-SoC/.bender/git/checkouts/common_cells-3bd5b2d671aaec0e/src/cb_filter.sv /nas/ei/home/ge87dix/Edu4Chip/Didactic-SoC/.bender/git/checkouts/common_cells-3bd5b2d671aaec0e/src/cdc_fifo_2phase.sv /nas/ei/home/ge87dix/Edu4Chip/Didactic-SoC/.bender/git/checkouts/common_cells-3bd5b2d671aaec0e/src/clk_mux_glitch_free.sv /nas/ei/home/ge87dix/Edu4Chip/Didactic-SoC/.bender/git/checkouts/common_cells-3bd5b2d671aaec0e/src/counter.sv /nas/ei/home/ge87dix/Edu4Chip/Didactic-SoC/.bender/git/checkouts/common_cells-3bd5b2d671aaec0e/src/ecc_decode.sv /nas/ei/home/ge87dix/Edu4Chip/Didactic-SoC/.bender/git/checkouts/common_cells-3bd5b2d671aaec0e/src/ecc_encode.sv /nas/ei/home/ge87dix/Edu4Chip/Didactic-SoC/.bender/git/checkouts/common_cells-3bd5b2d671aaec0e/src/edge_detect.sv /nas/ei/home/ge87dix/Edu4Chip/Didactic-SoC/.bender/git/checkouts/common_cells-3bd5b2d671aaec0e/src/lzc.sv /nas/ei/home/ge87dix/Edu4Chip/Didactic-SoC/.bender/git/checkouts/common_cells-3bd5b2d671aaec0e/src/max_counter.sv /nas/ei/home/ge87dix/Edu4Chip/Didactic-SoC/.bender/git/checkouts/common_cells-3bd5b2d671aaec0e/src/rstgen.sv /nas/ei/home/ge87dix/Edu4Chip/Didactic-SoC/.bender/git/checkouts/common_cells-3bd5b2d671aaec0e/src/spill_register.sv /nas/ei/home/ge87dix/Edu4Chip/Didactic-SoC/.bender/git/checkouts/common_cells-3bd5b2d671aaec0e/src/stream_delay.sv /nas/ei/home/ge87dix/Edu4Chip/Didactic-SoC/.bender/git/checkouts/common_cells-3bd5b2d671aaec0e/src/stream_fifo.sv /nas/ei/home/ge87dix/Edu4Chip/Didactic-SoC/.bender/git/checkouts/common_cells-3bd5b2d671aaec0e/src/stream_fork_dynamic.sv /nas/ei/home/ge87dix/Edu4Chip/Didactic-SoC/.bender/git/checkouts/common_cells-3bd5b2d671aaec0e/src/stream_join.sv /nas/ei/home/ge87dix/Edu4Chip/Didactic-SoC/.bender/git/checkouts/common_cells-3bd5b2d671aaec0e/src/cdc_reset_ctrlr.sv /nas/ei/home/ge87dix/Edu4Chip/Didactic-SoC/.bender/git/checkouts/common_cells-3bd5b2d671aaec0e/src/cdc_fifo_gray.sv /nas/ei/home/ge87dix/Edu4Chip/Didactic-SoC/.bender/git/checkouts/common_cells-3bd5b2d671aaec0e/src/fall_through_register.sv /nas/ei/home/ge87dix/Edu4Chip/Didactic-SoC/.bender/git/checkouts/common_cells-3bd5b2d671aaec0e/src/id_queue.sv /nas/ei/home/ge87dix/Edu4Chip/Didactic-SoC/.bender/git/checkouts/common_cells-3bd5b2d671aaec0e/src/stream_to_mem.sv /nas/ei/home/ge87dix/Edu4Chip/Didactic-SoC/.bender/git/checkouts/common_cells-3bd5b2d671aaec0e/src/stream_arbiter_flushable.sv /nas/ei/home/ge87dix/Edu4Chip/Didactic-SoC/.bender/git/checkouts/common_cells-3bd5b2d671aaec0e/src/stream_fifo_optimal_wrap.sv /nas/ei/home/ge87dix/Edu4Chip/Didactic-SoC/.bender/git/checkouts/common_cells-3bd5b2d671aaec0e/src/stream_register.sv /nas/ei/home/ge87dix/Edu4Chip/Didactic-SoC/.bender/git/checkouts/common_cells-3bd5b2d671aaec0e/src/stream_xbar.sv /nas/ei/home/ge87dix/Edu4Chip/Didactic-SoC/.bender/git/checkouts/common_cells-3bd5b2d671aaec0e/src/cdc_fifo_gray_clearable.sv /nas/ei/home/ge87dix/Edu4Chip/Didactic-SoC/.bender/git/checkouts/common_cells-3bd5b2d671aaec0e/src/cdc_2phase_clearable.sv /nas/ei/home/ge87dix/Edu4Chip/Didactic-SoC/.bender/git/checkouts/common_cells-3bd5b2d671aaec0e/src/mem_to_banks_detailed.sv /nas/ei/home/ge87dix/Edu4Chip/Didactic-SoC/.bender/git/checkouts/common_cells-3bd5b2d671aaec0e/src/stream_arbiter.sv /nas/ei/home/ge87dix/Edu4Chip/Didactic-SoC/.bender/git/checkouts/common_cells-3bd5b2d671aaec0e/src/stream_omega_net.sv /nas/ei/home/ge87dix/Edu4Chip/Didactic-SoC/.bender/git/checkouts/common_cells-3bd5b2d671aaec0e/src/mem_to_banks.sv /nas/ei/home/ge87dix/Edu4Chip/Didactic-SoC/.bender/git/checkouts/common_cells-3bd5b2d671aaec0e/src/deprecated/sram.sv /nas/ei/home/ge87dix/Edu4Chip/Didactic-SoC/.bender/git/checkouts/common_cells-3bd5b2d671aaec0e/src/deprecated/clock_divider_counter.sv /nas/ei/home/ge87dix/Edu4Chip/Didactic-SoC/.bender/git/checkouts/common_cells-3bd5b2d671aaec0e/src/deprecated/clk_div.sv /nas/ei/home/ge87dix/Edu4Chip/Didactic-SoC/.bender/git/checkouts/common_cells-3bd5b2d671aaec0e/src/deprecated/find_first_one.sv /nas/ei/home/ge87dix/Edu4Chip/Didactic-SoC/.bender/git/checkouts/common_cells-3bd5b2d671aaec0e/src/deprecated/generic_LFSR_8bit.sv /nas/ei/home/ge87dix/Edu4Chip/Didactic-SoC/.bender/git/checkouts/common_cells-3bd5b2d671aaec0e/src/deprecated/generic_fifo.sv /nas/ei/home/ge87dix/Edu4Chip/Didactic-SoC/.bender/git/checkouts/common_cells-3bd5b2d671aaec0e/src/deprecated/prioarbiter.sv /nas/ei/home/ge87dix/Edu4Chip/Didactic-SoC/.bender/git/checkouts/common_cells-3bd5b2d671aaec0e/src/deprecated/pulp_sync.sv /nas/ei/home/ge87dix/Edu4Chip/Didactic-SoC/.bender/git/checkouts/common_cells-3bd5b2d671aaec0e/src/deprecated/pulp_sync_wedge.sv /nas/ei/home/ge87dix/Edu4Chip/Didactic-SoC/.bender/git/checkouts/common_cells-3bd5b2d671aaec0e/src/deprecated/rrarbiter.sv /nas/ei/home/ge87dix/Edu4Chip/Didactic-SoC/.bender/git/checkouts/common_cells-3bd5b2d671aaec0e/src/deprecated/clock_divider.sv /nas/ei/home/ge87dix/Edu4Chip/Didactic-SoC/.bender/git/checkouts/common_cells-3bd5b2d671aaec0e/src/deprecated/fifo_v2.sv /nas/ei/home/ge87dix/Edu4Chip/Didactic-SoC/.bender/git/checkouts/common_cells-3bd5b2d671aaec0e/src/deprecated/fifo_v1.sv /nas/ei/home/ge87dix/Edu4Chip/Didactic-SoC/.bender/git/checkouts/common_cells-3bd5b2d671aaec0e/src/edge_propagator_ack.sv /nas/ei/home/ge87dix/Edu4Chip/Didactic-SoC/.bender/git/checkouts/common_cells-3bd5b2d671aaec0e/src/edge_propagator.sv /nas/ei/home/ge87dix/Edu4Chip/Didactic-SoC/.bender/git/checkouts/common_cells-3bd5b2d671aaec0e/src/edge_propagator_rx.sv /nas/ei/home/ge87dix/Edu4Chip/Didactic-SoC/.bender/git/checkouts/apb-e4460f86c75afc6a/src/apb_pkg.sv /nas/ei/home/ge87dix/Edu4Chip/Didactic-SoC/.bender/git/checkouts/apb-e4460f86c75afc6a/src/apb_intf.sv /nas/ei/home/ge87dix/Edu4Chip/Didactic-SoC/.bender/git/checkouts/apb-e4460f86c75afc6a/src/apb_err_slv.sv /nas/ei/home/ge87dix/Edu4Chip/Didactic-SoC/.bender/git/checkouts/apb-e4460f86c75afc6a/src/apb_regs.sv /nas/ei/home/ge87dix/Edu4Chip/Didactic-SoC/.bender/git/checkouts/apb-e4460f86c75afc6a/src/apb_cdc.sv /nas/ei/home/ge87dix/Edu4Chip/Didactic-SoC/.bender/git/checkouts/apb-e4460f86c75afc6a/src/apb_demux.sv /nas/ei/home/ge87dix/Edu4Chip/Didactic-SoC/.bender/git/checkouts/apb-e4460f86c75afc6a/src/apb_test.sv /nas/ei/home/ge87dix/Edu4Chip/Didactic-SoC/.bender/git/checkouts/axi-aae2d6c181d6f97b/src/axi_pkg.sv /nas/ei/home/ge87dix/Edu4Chip/Didactic-SoC/.bender/git/checkouts/axi-aae2d6c181d6f97b/src/axi_intf.sv /nas/ei/home/ge87dix/Edu4Chip/Didactic-SoC/.bender/git/checkouts/axi-aae2d6c181d6f97b/src/axi_atop_filter.sv /nas/ei/home/ge87dix/Edu4Chip/Didactic-SoC/.bender/git/checkouts/axi-aae2d6c181d6f97b/src/axi_burst_splitter.sv /nas/ei/home/ge87dix/Edu4Chip/Didactic-SoC/.bender/git/checkouts/axi-aae2d6c181d6f97b/src/axi_cdc_dst.sv /nas/ei/home/ge87dix/Edu4Chip/Didactic-SoC/.bender/git/checkouts/axi-aae2d6c181d6f97b/src/axi_cdc_src.sv /nas/ei/home/ge87dix/Edu4Chip/Didactic-SoC/.bender/git/checkouts/axi-aae2d6c181d6f97b/src/axi_cut.sv /nas/ei/home/ge87dix/Edu4Chip/Didactic-SoC/.bender/git/checkouts/axi-aae2d6c181d6f97b/src/axi_delayer.sv /nas/ei/home/ge87dix/Edu4Chip/Didactic-SoC/.bender/git/checkouts/axi-aae2d6c181d6f97b/src/axi_demux.sv /nas/ei/home/ge87dix/Edu4Chip/Didactic-SoC/.bender/git/checkouts/axi-aae2d6c181d6f97b/src/axi_dw_downsizer.sv /nas/ei/home/ge87dix/Edu4Chip/Didactic-SoC/.bender/git/checkouts/axi-aae2d6c181d6f97b/src/axi_dw_upsizer.sv /nas/ei/home/ge87dix/Edu4Chip/Didactic-SoC/.bender/git/checkouts/axi-aae2d6c181d6f97b/src/axi_fifo.sv /nas/ei/home/ge87dix/Edu4Chip/Didactic-SoC/.bender/git/checkouts/axi-aae2d6c181d6f97b/src/axi_id_remap.sv /nas/ei/home/ge87dix/Edu4Chip/Didactic-SoC/.bender/git/checkouts/axi-aae2d6c181d6f97b/src/axi_id_prepend.sv /nas/ei/home/ge87dix/Edu4Chip/Didactic-SoC/.bender/git/checkouts/axi-aae2d6c181d6f97b/src/axi_isolate.sv /nas/ei/home/ge87dix/Edu4Chip/Didactic-SoC/.bender/git/checkouts/axi-aae2d6c181d6f97b/src/axi_join.sv /nas/ei/home/ge87dix/Edu4Chip/Didactic-SoC/.bender/git/checkouts/axi-aae2d6c181d6f97b/src/axi_lite_demux.sv /nas/ei/home/ge87dix/Edu4Chip/Didactic-SoC/.bender/git/checkouts/axi-aae2d6c181d6f97b/src/axi_lite_join.sv /nas/ei/home/ge87dix/Edu4Chip/Didactic-SoC/.bender/git/checkouts/axi-aae2d6c181d6f97b/src/axi_lite_lfsr.sv /nas/ei/home/ge87dix/Edu4Chip/Didactic-SoC/.bender/git/checkouts/axi-aae2d6c181d6f97b/src/axi_lite_mailbox.sv /nas/ei/home/ge87dix/Edu4Chip/Didactic-SoC/.bender/git/checkouts/axi-aae2d6c181d6f97b/src/axi_lite_mux.sv /nas/ei/home/ge87dix/Edu4Chip/Didactic-SoC/.bender/git/checkouts/axi-aae2d6c181d6f97b/src/axi_lite_regs.sv /nas/ei/home/ge87dix/Edu4Chip/Didactic-SoC/.bender/git/checkouts/axi-aae2d6c181d6f97b/src/axi_lite_to_apb.sv /nas/ei/home/ge87dix/Edu4Chip/Didactic-SoC/.bender/git/checkouts/axi-aae2d6c181d6f97b/src/axi_lite_to_axi.sv /nas/ei/home/ge87dix/Edu4Chip/Didactic-SoC/.bender/git/checkouts/axi-aae2d6c181d6f97b/src/axi_modify_address.sv /nas/ei/home/ge87dix/Edu4Chip/Didactic-SoC/.bender/git/checkouts/axi-aae2d6c181d6f97b/src/axi_mux.sv /nas/ei/home/ge87dix/Edu4Chip/Didactic-SoC/.bender/git/checkouts/axi-aae2d6c181d6f97b/src/axi_serializer.sv /nas/ei/home/ge87dix/Edu4Chip/Didactic-SoC/.bender/git/checkouts/axi-aae2d6c181d6f97b/src/axi_throttle.sv /nas/ei/home/ge87dix/Edu4Chip/Didactic-SoC/.bender/git/checkouts/axi-aae2d6c181d6f97b/src/axi_to_mem.sv /nas/ei/home/ge87dix/Edu4Chip/Didactic-SoC/.bender/git/checkouts/axi-aae2d6c181d6f97b/src/axi_cdc.sv /nas/ei/home/ge87dix/Edu4Chip/Didactic-SoC/.bender/git/checkouts/axi-aae2d6c181d6f97b/src/axi_err_slv.sv /nas/ei/home/ge87dix/Edu4Chip/Didactic-SoC/.bender/git/checkouts/axi-aae2d6c181d6f97b/src/axi_dw_converter.sv /nas/ei/home/ge87dix/Edu4Chip/Didactic-SoC/.bender/git/checkouts/axi-aae2d6c181d6f97b/src/axi_id_serialize.sv /nas/ei/home/ge87dix/Edu4Chip/Didactic-SoC/.bender/git/checkouts/axi-aae2d6c181d6f97b/src/axi_lfsr.sv /nas/ei/home/ge87dix/Edu4Chip/Didactic-SoC/.bender/git/checkouts/axi-aae2d6c181d6f97b/src/axi_multicut.sv /nas/ei/home/ge87dix/Edu4Chip/Didactic-SoC/.bender/git/checkouts/axi-aae2d6c181d6f97b/src/axi_to_axi_lite.sv /nas/ei/home/ge87dix/Edu4Chip/Didactic-SoC/.bender/git/checkouts/axi-aae2d6c181d6f97b/src/axi_to_mem_banked.sv /nas/ei/home/ge87dix/Edu4Chip/Didactic-SoC/.bender/git/checkouts/axi-aae2d6c181d6f97b/src/axi_to_mem_interleaved.sv /nas/ei/home/ge87dix/Edu4Chip/Didactic-SoC/.bender/git/checkouts/axi-aae2d6c181d6f97b/src/axi_to_mem_split.sv /nas/ei/home/ge87dix/Edu4Chip/Didactic-SoC/.bender/git/checkouts/axi-aae2d6c181d6f97b/src/axi_iw_converter.sv /nas/ei/home/ge87dix/Edu4Chip/Didactic-SoC/.bender/git/checkouts/axi-aae2d6c181d6f97b/src/axi_lite_xbar.sv /nas/ei/home/ge87dix/Edu4Chip/Didactic-SoC/.bender/git/checkouts/axi-aae2d6c181d6f97b/src/axi_xbar.sv /nas/ei/home/ge87dix/Edu4Chip/Didactic-SoC/.bender/git/checkouts/axi-aae2d6c181d6f97b/src/axi_xp.sv /nas/ei/home/ge87dix/Edu4Chip/Didactic-SoC/.bender/git/checkouts/axi-aae2d6c181d6f97b/src/axi_dumper.sv /nas/ei/home/ge87dix/Edu4Chip/Didactic-SoC/.bender/git/checkouts/axi-aae2d6c181d6f97b/src/axi_sim_mem.sv /nas/ei/home/ge87dix/Edu4Chip/Didactic-SoC/.bender/git/checkouts/axi-aae2d6c181d6f97b/src/axi_test.sv /nas/ei/home/ge87dix/Edu4Chip/Didactic-SoC/.bender/git/checkouts/register_interface-26afcadbe8460c5f/src/reg_intf.sv /nas/ei/home/ge87dix/Edu4Chip/Didactic-SoC/.bender/git/checkouts/register_interface-26afcadbe8460c5f/vendor/lowrisc_opentitan/src/prim_subreg_arb.sv /nas/ei/home/ge87dix/Edu4Chip/Didactic-SoC/.bender/git/checkouts/register_interface-26afcadbe8460c5f/vendor/lowrisc_opentitan/src/prim_subreg_ext.sv /nas/ei/home/ge87dix/Edu4Chip/Didactic-SoC/.bender/git/checkouts/register_interface-26afcadbe8460c5f/src/apb_to_reg.sv /nas/ei/home/ge87dix/Edu4Chip/Didactic-SoC/.bender/git/checkouts/register_interface-26afcadbe8460c5f/src/axi_to_reg.sv /nas/ei/home/ge87dix/Edu4Chip/Didactic-SoC/.bender/git/checkouts/register_interface-26afcadbe8460c5f/src/periph_to_reg.sv /nas/ei/home/ge87dix/Edu4Chip/Didactic-SoC/.bender/git/checkouts/register_interface-26afcadbe8460c5f/src/reg_cdc.sv /nas/ei/home/ge87dix/Edu4Chip/Didactic-SoC/.bender/git/checkouts/register_interface-26afcadbe8460c5f/src/reg_demux.sv /nas/ei/home/ge87dix/Edu4Chip/Didactic-SoC/.bender/git/checkouts/register_interface-26afcadbe8460c5f/src/reg_err_slv.sv /nas/ei/home/ge87dix/Edu4Chip/Didactic-SoC/.bender/git/checkouts/register_interface-26afcadbe8460c5f/src/reg_mux.sv /nas/ei/home/ge87dix/Edu4Chip/Didactic-SoC/.bender/git/checkouts/register_interface-26afcadbe8460c5f/src/reg_to_apb.sv /nas/ei/home/ge87dix/Edu4Chip/Didactic-SoC/.bender/git/checkouts/register_interface-26afcadbe8460c5f/src/reg_to_mem.sv /nas/ei/home/ge87dix/Edu4Chip/Didactic-SoC/.bender/git/checkouts/register_interface-26afcadbe8460c5f/src/reg_uniform.sv /nas/ei/home/ge87dix/Edu4Chip/Didactic-SoC/.bender/git/checkouts/register_interface-26afcadbe8460c5f/src/reg_to_tlul.sv /nas/ei/home/ge87dix/Edu4Chip/Didactic-SoC/.bender/git/checkouts/register_interface-26afcadbe8460c5f/vendor/lowrisc_opentitan/src/prim_subreg_shadow.sv /nas/ei/home/ge87dix/Edu4Chip/Didactic-SoC/.bender/git/checkouts/register_interface-26afcadbe8460c5f/vendor/lowrisc_opentitan/src/prim_subreg.sv /nas/ei/home/ge87dix/Edu4Chip/Didactic-SoC/.bender/git/checkouts/register_interface-26afcadbe8460c5f/src/axi_lite_to_reg.sv /nas/ei/home/ge87dix/Edu4Chip/Didactic-SoC/.bender/git/checkouts/apb_gpio-f882c1c8a370562e/rtl/apb_gpio.sv /nas/ei/home/ge87dix/Edu4Chip/Didactic-SoC/.bender/git/checkouts/apb_uart-82e60c3a7ada9dd1/src/slib_clock_div.sv /nas/ei/home/ge87dix/Edu4Chip/Didactic-SoC/.bender/git/checkouts/apb_uart-82e60c3a7ada9dd1/src/slib_counter.sv /nas/ei/home/ge87dix/Edu4Chip/Didactic-SoC/.bender/git/checkouts/apb_uart-82e60c3a7ada9dd1/src/slib_edge_detect.sv /nas/ei/home/ge87dix/Edu4Chip/Didactic-SoC/.bender/git/checkouts/apb_uart-82e60c3a7ada9dd1/src/slib_fifo.sv /nas/ei/home/ge87dix/Edu4Chip/Didactic-SoC/.bender/git/checkouts/apb_uart-82e60c3a7ada9dd1/src/slib_input_filter.sv /nas/ei/home/ge87dix/Edu4Chip/Didactic-SoC/.bender/git/checkouts/apb_uart-82e60c3a7ada9dd1/src/slib_input_sync.sv /nas/ei/home/ge87dix/Edu4Chip/Didactic-SoC/.bender/git/checkouts/apb_uart-82e60c3a7ada9dd1/src/slib_mv_filter.sv /nas/ei/home/ge87dix/Edu4Chip/Didactic-SoC/.bender/git/checkouts/apb_uart-82e60c3a7ada9dd1/src/uart_baudgen.sv /nas/ei/home/ge87dix/Edu4Chip/Didactic-SoC/.bender/git/checkouts/apb_uart-82e60c3a7ada9dd1/src/uart_interrupt.sv /nas/ei/home/ge87dix/Edu4Chip/Didactic-SoC/.bender/git/checkouts/apb_uart-82e60c3a7ada9dd1/src/uart_receiver.sv /nas/ei/home/ge87dix/Edu4Chip/Didactic-SoC/.bender/git/checkouts/apb_uart-82e60c3a7ada9dd1/src/uart_transmitter.sv /nas/ei/home/ge87dix/Edu4Chip/Didactic-SoC/.bender/git/checkouts/apb_uart-82e60c3a7ada9dd1/src/apb_uart.sv /nas/ei/home/ge87dix/Edu4Chip/Didactic-SoC/.bender/git/checkouts/apb_uart-82e60c3a7ada9dd1/src/apb_uart_wrap.sv /nas/ei/home/ge87dix/Edu4Chip/Didactic-SoC/.bender/git/checkouts/apb_uart-82e60c3a7ada9dd1/src/reg_uart_wrap.sv /nas/ei/home/ge87dix/Edu4Chip/Didactic-SoC/.bender/git/checkouts/obi-cbdec09f22f66762/src/obi_pkg.sv /nas/ei/home/ge87dix/Edu4Chip/Didactic-SoC/.bender/git/checkouts/obi-cbdec09f22f66762/src/obi_intf.sv /nas/ei/home/ge87dix/Edu4Chip/Didactic-SoC/.bender/git/checkouts/obi-cbdec09f22f66762/src/obi_rready_converter.sv /nas/ei/home/ge87dix/Edu4Chip/Didactic-SoC/.bender/git/checkouts/obi-cbdec09f22f66762/src/obi_atop_resolver.sv /nas/ei/home/ge87dix/Edu4Chip/Didactic-SoC/.bender/git/checkouts/obi-cbdec09f22f66762/src/obi_cut.sv /nas/ei/home/ge87dix/Edu4Chip/Didactic-SoC/.bender/git/checkouts/obi-cbdec09f22f66762/src/obi_demux.sv /nas/ei/home/ge87dix/Edu4Chip/Didactic-SoC/.bender/git/checkouts/obi-cbdec09f22f66762/src/obi_err_sbr.sv /nas/ei/home/ge87dix/Edu4Chip/Didactic-SoC/.bender/git/checkouts/obi-cbdec09f22f66762/src/obi_mux.sv /nas/ei/home/ge87dix/Edu4Chip/Didactic-SoC/.bender/git/checkouts/obi-cbdec09f22f66762/src/obi_sram_shim.sv /nas/ei/home/ge87dix/Edu4Chip/Didactic-SoC/.bender/git/checkouts/obi-cbdec09f22f66762/src/obi_xbar.sv /nas/ei/home/ge87dix/Edu4Chip/Didactic-SoC/.bender/git/checkouts/riscv-dbg-0a8f5dd79750e659/src/dm_pkg.sv /nas/ei/home/ge87dix/Edu4Chip/Didactic-SoC/.bender/git/checkouts/riscv-dbg-0a8f5dd79750e659/debug_rom/debug_rom.sv /nas/ei/home/ge87dix/Edu4Chip/Didactic-SoC/.bender/git/checkouts/riscv-dbg-0a8f5dd79750e659/debug_rom/debug_rom_one_scratch.sv /nas/ei/home/ge87dix/Edu4Chip/Didactic-SoC/.bender/git/checkouts/riscv-dbg-0a8f5dd79750e659/src/dm_csrs.sv /nas/ei/home/ge87dix/Edu4Chip/Didactic-SoC/.bender/git/checkouts/riscv-dbg-0a8f5dd79750e659/src/dm_mem.sv /nas/ei/home/ge87dix/Edu4Chip/Didactic-SoC/.bender/git/checkouts/riscv-dbg-0a8f5dd79750e659/src/dmi_cdc.sv /nas/ei/home/ge87dix/Edu4Chip/Didactic-SoC/.bender/git/checkouts/riscv-dbg-0a8f5dd79750e659/src/dmi_jtag_tap.sv /nas/ei/home/ge87dix/Edu4Chip/Didactic-SoC/.bender/git/checkouts/riscv-dbg-0a8f5dd79750e659/src/dm_sba.sv /nas/ei/home/ge87dix/Edu4Chip/Didactic-SoC/.bender/git/checkouts/riscv-dbg-0a8f5dd79750e659/src/dm_top.sv /nas/ei/home/ge87dix/Edu4Chip/Didactic-SoC/.bender/git/checkouts/riscv-dbg-0a8f5dd79750e659/src/dmi_jtag.sv /nas/ei/home/ge87dix/Edu4Chip/Didactic-SoC/.bender/git/checkouts/riscv-dbg-0a8f5dd79750e659/src/dm_obi_top.sv /nas/ei/home/ge87dix/Edu4Chip/Didactic-SoC/.bender/git/checkouts/riscv-dbg-0a8f5dd79750e659/src/dmi_test.sv /nas/ei/home/ge87dix/Edu4Chip/Didactic-SoC/vendor_ips/ibex/vendor/lowrisc_ip/ip/prim/rtl/prim_ram_1p_pkg.sv /nas/ei/home/ge87dix/Edu4Chip/Didactic-SoC/vendor_ips/ibex/vendor/lowrisc_ip/ip/prim/rtl/prim_secded_pkg.sv /nas/ei/home/ge87dix/Edu4Chip/Didactic-SoC/vendor_ips/ibex/vendor/lowrisc_ip/ip/prim/rtl/prim_util_pkg.sv /nas/ei/home/ge87dix/Edu4Chip/Didactic-SoC/vendor_ips/ibex/vendor/lowrisc_ip/ip/prim/rtl/prim_cipher_pkg.sv /nas/ei/home/ge87dix/Edu4Chip/Didactic-SoC/vendor_ips/ibex/vendor/lowrisc_ip/dv/sv/dv_utils/dv_fcov_macros.svh /nas/ei/home/ge87dix/Edu4Chip/Didactic-SoC/vendor_ips/ibex/dv/uvm/core_ibex/common/prim/prim_pkg.sv /nas/ei/home/ge87dix/Edu4Chip/Didactic-SoC/vendor_ips/ibex/vendor/lowrisc_ip/ip/prim_generic/rtl/prim_generic_buf.sv /nas/ei/home/ge87dix/Edu4Chip/Didactic-SoC/vendor_ips/ibex/vendor/lowrisc_ip/ip/prim/rtl/prim_assert_dummy_macros.svh /nas/ei/home/ge87dix/Edu4Chip/Didactic-SoC/vendor_ips/ibex/dv/uvm/core_ibex/common/prim/prim_buf.sv /nas/ei/home/ge87dix/Edu4Chip/Didactic-SoC/vendor_ips/ibex/dv/uvm/core_ibex/common/prim/prim_clock_gating.sv /nas/ei/home/ge87dix/Edu4Chip/Didactic-SoC/vendor_ips/ibex/rtl/ibex_pkg.sv /nas/ei/home/ge87dix/Edu4Chip/Didactic-SoC/vendor_ips/ibex/rtl/ibex_csr.sv /nas/ei/home/ge87dix/Edu4Chip/Didactic-SoC/vendor_ips/ibex/rtl/ibex_compressed_decoder.sv /nas/ei/home/ge87dix/Edu4Chip/Didactic-SoC/vendor_ips/ibex/rtl/ibex_decoder.sv /nas/ei/home/ge87dix/Edu4Chip/Didactic-SoC/vendor_ips/ibex/rtl/ibex_counter.sv /nas/ei/home/ge87dix/Edu4Chip/Didactic-SoC/vendor_ips/ibex/rtl/ibex_alu.sv /nas/ei/home/ge87dix/Edu4Chip/Didactic-SoC/vendor_ips/ibex/rtl/ibex_fetch_fifo.sv /nas/ei/home/ge87dix/Edu4Chip/Didactic-SoC/vendor_ips/ibex/rtl/ibex_prefetch_buffer.sv /nas/ei/home/ge87dix/Edu4Chip/Didactic-SoC/vendor_ips/ibex/rtl/ibex_multdiv_fast.sv /nas/ei/home/ge87dix/Edu4Chip/Didactic-SoC/vendor_ips/ibex/rtl/ibex_register_file_ff.sv /nas/ei/home/ge87dix/Edu4Chip/Didactic-SoC/vendor_ips/ibex/rtl/ibex_ex_block.sv /nas/ei/home/ge87dix/Edu4Chip/Didactic-SoC/vendor_ips/ibex/rtl/ibex_controller.sv /nas/ei/home/ge87dix/Edu4Chip/Didactic-SoC/vendor_ips/ibex/rtl/ibex_cs_registers.sv /nas/ei/home/ge87dix/Edu4Chip/Didactic-SoC/vendor_ips/ibex/rtl/ibex_pmp.sv /nas/ei/home/ge87dix/Edu4Chip/Didactic-SoC/vendor_ips/ibex/rtl/ibex_if_stage.sv /nas/ei/home/ge87dix/Edu4Chip/Didactic-SoC/vendor_ips/ibex/rtl/ibex_id_stage.sv /nas/ei/home/ge87dix/Edu4Chip/Didactic-SoC/vendor_ips/ibex/rtl/ibex_load_store_unit.sv /nas/ei/home/ge87dix/Edu4Chip/Didactic-SoC/vendor_ips/ibex/rtl/ibex_wb_stage.sv /nas/ei/home/ge87dix/Edu4Chip/Didactic-SoC/vendor_ips/ibex/rtl/ibex_core.sv /nas/ei/home/ge87dix/Edu4Chip/Didactic-SoC/vendor_ips/ibex/rtl/ibex_top.sv /nas/ei/home/ge87dix/Edu4Chip/Didactic-SoC/vendor_ips/apb_spi_master/apb_spi_master.sv /nas/ei/home/ge87dix/Edu4Chip/Didactic-SoC/vendor_ips/apb_spi_master/spi_master_apb_if.sv /nas/ei/home/ge87dix/Edu4Chip/Didactic-SoC/vendor_ips/axi_spi_master/spi_master_fifo.sv /nas/ei/home/ge87dix/Edu4Chip/Didactic-SoC/vendor_ips/axi_spi_master/spi_master_tx.sv /nas/ei/home/ge87dix/Edu4Chip/Didactic-SoC/vendor_ips/axi_spi_master/spi_master_rx.sv /nas/ei/home/ge87dix/Edu4Chip/Didactic-SoC/vendor_ips/axi_spi_master/spi_master_controller.sv /nas/ei/home/ge87dix/Edu4Chip/Didactic-SoC/vendor_ips/axi_spi_master/spi_master_clkgen.sv /nas/ei/home/ge87dix/Edu4Chip/Didactic-SoC/vendor_ips/ibex/rtl/ibex_tracer_pkg.sv /nas/ei/home/ge87dix/Edu4Chip/Didactic-SoC/vendor_ips/ibex/rtl/ibex_tracer.sv /nas/ei/home/ge87dix/Edu4Chip/Didactic-SoC/vendor_ips/ibex/rtl/ibex_top_tracing.sv /nas/ei/home/ge87dix/Edu4Chip/Didactic-SoC/src/rtl/obi_sram.sv /nas/ei/home/ge87dix/Edu4Chip/Didactic-SoC/src/rtl/obi_to_apb_intf.sv /nas/ei/home/ge87dix/Edu4Chip/Didactic-SoC/src/rtl/sysctrl_obi_xbar.sv /nas/ei/home/ge87dix/Edu4Chip/Didactic-SoC/src/rtl/jtag_dbg_wrapper_obi.sv /nas/ei/home/ge87dix/Edu4Chip/Didactic-SoC/src/rtl/ibex_wrapper.sv /nas/ei/home/ge87dix/Edu4Chip/Didactic-SoC/src/rtl/obi_cut_intf.sv /nas/ei/home/ge87dix/Edu4Chip/Didactic-SoC/src/generated/obi_icn_ss.sv /nas/ei/home/ge87dix/Edu4Chip/Didactic-SoC/src/rtl/peripherals_obi_to_apb.sv /nas/ei/home/ge87dix/Edu4Chip/Didactic-SoC/src/rtl/generic_cells.sv /nas/ei/home/ge87dix/Edu4Chip/Didactic-SoC/src/rtl/prim_generic_clock_gating.sv /nas/ei/home/ge87dix/Edu4Chip/Didactic-SoC/src/rtl/io_cell_frame_sysctrl.sv /nas/ei/home/ge87dix/Edu4Chip/Didactic-SoC/src/tech_generic/io_cell_wrapper.sv /nas/ei/home/ge87dix/Edu4Chip/Didactic-SoC/src/rtl/SS_Ctrl_reg_array.sv /nas/ei/home/ge87dix/Edu4Chip/Didactic-SoC/src/rtl/pmod_mux.sv /nas/ei/home/ge87dix/Edu4Chip/Didactic-SoC/src/generated/Didactic.v /nas/ei/home/ge87dix/Edu4Chip/Didactic-SoC/src/generated/analog_wrapper_0.v /nas/ei/home/ge87dix/Edu4Chip/Didactic-SoC/src/generated/student_wrapper_0.v /nas/ei/home/ge87dix/Edu4Chip/Didactic-SoC/src/generated/student_wrapper_1.v /nas/ei/home/ge87dix/Edu4Chip/Didactic-SoC/src/generated/student_wrapper_2.v /nas/ei/home/ge87dix/Edu4Chip/Didactic-SoC/src/generated/student_wrapper_3.v /nas/ei/home/ge87dix/Edu4Chip/Didactic-SoC/src/generated/student_wrapper_4.v /nas/ei/home/ge87dix/Edu4Chip/Didactic-SoC/src/generated/student_wrapper_5.v /nas/ei/home/ge87dix/Edu4Chip/Didactic-SoC/src/generated/student_wrapper_6.v /nas/ei/home/ge87dix/Edu4Chip/Didactic-SoC/src/generated/SysCtrl_SS_0.v /nas/ei/home/ge87dix/Edu4Chip/Didactic-SoC/src/generated/SysCtrl_SS_wrapper_0.v /nas/ei/home/ge87dix/Edu4Chip/Didactic-SoC/src/tech_generic/analog_tieoff.v /nas/ei/home/ge87dix/Edu4Chip/Didactic-SoC/src/tech_generic/tech_sync.sv /nas/ei/home/ge87dix/Edu4Chip/Didactic-SoC/src/tech_generic/io_cell.sv /nas/ei/home/ge87dix/Edu4Chip/Didactic-SoC/src/tech_generic/io_cell_wrapper.sv /nas/ei/home/ge87dix/Edu4Chip/Didactic-SoC/vendor_ips/pulp/rtl/tb/riscv_pkg.sv /nas/ei/home/ge87dix/Edu4Chip/Didactic-SoC/vendor_ips/pulp/rtl/vip/uart_tb_rx.sv /nas/ei/home/ge87dix/Edu4Chip/Didactic-SoC/src/tb/spi/if_spi_slave.sv /nas/ei/home/ge87dix/Edu4Chip/Didactic-SoC/src/tb/jtag/jtag_pkg.sv /nas/ei/home/ge87dix/Edu4Chip/Didactic-SoC/src/tb/tb_didactic.sv /nas/ei/home/ge87dix/Edu4Chip/Didactic-SoC/src/generated/subsystem.sv -l /nas/ei/home/ge87dix/Edu4Chip/Didactic-SoC/sim/../build/logs/compile/2026-07-02_13:01_didactic.log 
-- Compiling module clk_rst_gen
-- Compiling module sim_timeout
-- Compiling module stream_watchdog
-- Compiling module signal_highlighter
-- Compiling package rand_id_queue_pkg
-- Compiling module rand_stream_mst
-- Compiling module rand_synch_holdable_driver
-- Compiling package rand_verif_pkg
-- Compiling module rand_synch_driver
-- Compiling module rand_stream_slv
-- Compiling module tc_sram
-- Compiling module tc_sram_impl
-- Compiling module tc_clk_and2
-- Compiling module tc_clk_buffer
-- Compiling module tc_clk_gating
-- Compiling module tc_clk_inverter
-- Compiling module tc_clk_mux2
-- Compiling module tc_clk_xor2
-- Compiling module tc_clk_or2
-- Compiling module tc_clk_delay
-- Compiling module tc_sync
-- Compiling module cluster_level_shifter_in
-- Compiling module cluster_level_shifter_in_clamp
-- Compiling module cluster_level_shifter_inout
-- Compiling module cluster_level_shifter_out
-- Compiling module cluster_level_shifter_out_clamp
-- Compiling module generic_memory
-- Compiling module generic_rom
-- Compiling module pad_functional_pd
-- Compiling module pad_functional_pu
-- Compiling module pulp_buffer
-- Compiling module pulp_level_shifter_in
-- Compiling module pulp_level_shifter_in_clamp
-- Compiling module pulp_level_shifter_inout
-- Compiling module pulp_level_shifter_out
-- Compiling module pulp_level_shifter_out_clamp
-- Compiling module pulp_power_gating
-- Compiling module pulp_isolation_0
-- Compiling module pulp_isolation_1
-- Compiling module tc_pwr_level_shifter_in
-- Compiling module tc_pwr_level_shifter_in_clamp_lo
-- Compiling module tc_pwr_level_shifter_in_clamp_hi
-- Compiling module tc_pwr_level_shifter_out
-- Compiling module tc_pwr_level_shifter_out_clamp_lo
-- Compiling module tc_pwr_level_shifter_out_clamp_hi
-- Compiling module tc_pwr_power_gating
-- Compiling module tc_pwr_isolation_lo
-- Compiling module tc_pwr_isolation_hi
-- Compiling module pulp_clock_gating_async
-- Compiling module cluster_clock_and2
-- Compiling module cluster_clock_buffer
-- Compiling module cluster_clock_gating
-- Compiling module cluster_clock_inverter
-- Compiling module cluster_clock_mux2
-- Compiling module cluster_clock_xor2
-- Compiling module pulp_clock_and2
-- Compiling module pulp_clock_buffer
-- Compiling module pulp_clock_gating
-- Compiling module pulp_clock_inverter
-- Compiling module pulp_clock_mux2
-- Compiling module pulp_clock_xor2
-- Compiling module pulp_clock_delay
-- Compiling module binary_to_gray
-- Compiling package cb_filter_pkg
-- Compiling module cc_onehot
-- Compiling package cdc_reset_ctrlr_pkg
-- Compiling package cf_math_pkg
-- Compiling module clk_int_div
-- Compiling module credit_counter
-- Compiling module delta_counter
-- Compiling package ecc_pkg
-- Compiling module edge_propagator_tx
-- Compiling module exp_backoff
-- Compiling module fifo_v3
-- Compiling module gray_to_binary
-- Compiling module heaviside
-- Importing package cf_math_pkg
-- Compiling module isochronous_4phase_handshake
-- Compiling module isochronous_spill_register
-- Compiling module lfsr
-- Compiling module lfsr_16bit
-- Compiling module lfsr_8bit
-- Compiling module lossy_valid_to_stream
-- Compiling module mv_filter
-- Compiling module onehot_to_bin
-- Compiling module plru_tree
-- Compiling module passthrough_stream_fifo
-- Compiling module popcount
-- Compiling module ring_buffer
-- Compiling module rr_arb_tree
-- Compiling module rstgen_bypass
-- Compiling module serial_deglitch
-- Compiling module shift_reg
-- Compiling module shift_reg_gated
-- Compiling module spill_register_flushable
-- Compiling module stream_demux
-- Compiling module stream_filter
-- Compiling module stream_fork
-- Compiling interface STREAM_DV
** Warning: (vlog-13361) /nas/ei/home/ge87dix/Edu4Chip/Didactic-SoC/.bender/git/checkouts/common_cells-3bd5b2d671aaec0e/src/stream_intf.sv(46): No trigger event inferred in disable expression.
** Warning: (vlog-13361) /nas/ei/home/ge87dix/Edu4Chip/Didactic-SoC/.bender/git/checkouts/common_cells-3bd5b2d671aaec0e/src/stream_intf.sv(47): No trigger event inferred in disable expression.
-- Compiling module stream_join_dynamic
-- Compiling module stream_mux
-- Compiling module stream_throttle
-- Compiling module sub_per_hash
-- Compiling module sync
-- Compiling module sync_wedge
-- Compiling module unread
-- Compiling module read
-- Compiling module addr_decode_dync
-- Compiling module boxcar
-- Compiling module cdc_2phase
-- Compiling module cdc_2phase_src
-- Compiling module cdc_2phase_dst
-- Compiling module cdc_4phase
-- Compiling module cdc_4phase_src
-- Compiling module cdc_4phase_dst
-- Compiling module clk_int_div_static
-- Compiling module trip_counter
-- Compiling module addr_decode
-- Compiling module addr_decode_napot
-- Compiling module multiaddr_decode
-- Compiling module cb_filter
-- Importing package cb_filter_pkg
-- Compiling module hash_block
-- Compiling module cdc_fifo_2phase
-- Compiling module clk_mux_glitch_free
-- Compiling module clk_or_tree
-- Compiling module counter
-- Compiling module ecc_decode
-- Importing package ecc_pkg
-- Compiling module ecc_encode
-- Compiling module edge_detect
-- Compiling module lzc
-- Compiling module max_counter
-- Compiling module rstgen
-- Compiling module spill_register
-- Compiling module stream_delay
-- Compiling module stream_fifo
-- Compiling module stream_fork_dynamic
-- Compiling module stream_join
-- Compiling module cdc_reset_ctrlr
-- Importing package cdc_reset_ctrlr_pkg
-- Compiling module cdc_reset_ctrlr_half
-- Compiling module cdc_fifo_gray
-- Compiling module cdc_fifo_gray_src
-- Compiling module cdc_fifo_gray_dst
-- Compiling module fall_through_register
-- Compiling module id_queue
-- Compiling module stream_to_mem
-- Compiling module stream_arbiter_flushable
-- Compiling module stream_fifo_optimal_wrap
-- Compiling module stream_register
-- Compiling module stream_xbar
-- Compiling module cdc_fifo_gray_clearable
-- Compiling module cdc_fifo_gray_src_clearable
-- Compiling module cdc_fifo_gray_dst_clearable
-- Compiling module cdc_2phase_clearable
-- Compiling module cdc_2phase_src_clearable
-- Compiling module cdc_2phase_dst_clearable
-- Compiling module mem_to_banks_detailed
-- Compiling module stream_arbiter
-- Compiling module stream_omega_net
-- Compiling module mem_to_banks
-- Compiling module sram
-- Compiling module clock_divider_counter
-- Compiling module clk_div
-- Compiling module find_first_one
-- Compiling module generic_LFSR_8bit
-- Compiling module generic_fifo
-- Compiling module prioarbiter
-- Compiling module pulp_sync
-- Compiling module pulp_sync_wedge
-- Compiling module rrarbiter
-- Compiling module clock_divider
-- Compiling module fifo_v2
-- Compiling module fifo
-- Compiling module edge_propagator_ack
-- Compiling module edge_propagator
-- Compiling module edge_propagator_rx
-- Compiling package apb_pkg
-- Compiling interface APB
-- Importing package apb_pkg
-- Compiling interface APB_DV
-- Compiling module apb_err_slv
-- Compiling module apb_err_slv_intf
-- Compiling module apb_regs
-- Compiling module apb_regs_intf
-- Compiling module apb_cdc
-- Compiling module apb_cdc_intf
-- Compiling module apb_demux
-- Compiling module apb_demux_intf
-- Compiling package apb_test
** Warning: /nas/ei/home/ge87dix/Edu4Chip/Didactic-SoC/.bender/git/checkouts/apb-e4460f86c75afc6a/src/apb_test.sv(216): (vlog-2240) Treating stand-alone use of function 'reset' as an implicit VOID cast.
** Warning: /nas/ei/home/ge87dix/Edu4Chip/Didactic-SoC/.bender/git/checkouts/apb-e4460f86c75afc6a/src/apb_test.sv(297): (vlog-2240) Treating stand-alone use of function 'reset' as an implicit VOID cast.
-- Compiling package axi_pkg
-- Compiling interface AXI_BUS
-- Importing package axi_pkg
-- Compiling interface AXI_BUS_DV
-- Compiling interface AXI_BUS_ASYNC
-- Compiling interface AXI_BUS_ASYNC_GRAY
-- Compiling interface AXI_LITE
-- Compiling interface AXI_LITE_DV
-- Compiling interface AXI_LITE_ASYNC_GRAY
-- Compiling module axi_atop_filter
-- Compiling module axi_atop_filter_intf
-- Compiling module axi_burst_splitter
-- Compiling module axi_burst_splitter_ax_chan
-- Compiling module axi_burst_splitter_counters
-- Compiling module axi_cdc_dst
-- Compiling module axi_cdc_dst_intf
-- Compiling module axi_lite_cdc_dst_intf
-- Compiling module axi_cdc_src
-- Compiling module axi_cdc_src_intf
-- Compiling module axi_lite_cdc_src_intf
-- Compiling module axi_cut
-- Compiling module axi_cut_intf
-- Compiling module axi_lite_cut_intf
-- Compiling module axi_delayer
-- Compiling module axi_delayer_intf
-- Compiling module axi_demux
-- Compiling module axi_demux_id_counters
-- Compiling module axi_demux_intf
-- Compiling module axi_dw_downsizer
-- Compiling module axi_dw_upsizer
-- Compiling module axi_fifo
-- Compiling module axi_fifo_intf
-- Compiling module axi_id_remap
-- Compiling module axi_id_remap_table
-- Compiling module axi_id_remap_intf
-- Compiling module axi_id_prepend
-- Compiling module axi_isolate
-- Compiling module axi_isolate_inner
-- Compiling module axi_isolate_intf
-- Compiling module axi_join_intf
-- Compiling module axi_lite_demux
-- Compiling module axi_lite_demux_intf
-- Compiling module axi_lite_join_intf
-- Compiling module axi_lite_lfsr
-- Compiling module axi_opt_lfsr
-- Compiling module axi_lite_mailbox
-- Compiling module axi_lite_mailbox_slave
-- Compiling module axi_lite_mailbox_intf
-- Compiling module axi_lite_mux
-- Compiling module axi_lite_mux_intf
-- Compiling module axi_lite_regs
-- Compiling module axi_lite_regs_intf
-- Compiling module axi_lite_to_apb
-- Compiling module axi_lite_to_apb_intf
-- Compiling module axi_lite_to_axi
-- Compiling module axi_lite_to_axi_intf
-- Compiling module axi_modify_address
-- Compiling module axi_modify_address_intf
-- Compiling module axi_mux
-- Compiling module axi_mux_intf
-- Compiling module axi_serializer
-- Compiling module axi_serializer_intf
-- Compiling module axi_throttle
-- Compiling module axi_to_mem
-- Compiling module axi_to_mem_intf
-- Compiling module mem_to_banks
** Warning: /nas/ei/home/ge87dix/Edu4Chip/Didactic-SoC/.bender/git/checkouts/axi-aae2d6c181d6f97b/src/axi_to_mem.sv(563): (vlog-2275) Existing module 'mem_to_banks' at /nas/ei/home/ge87dix/Edu4Chip/Didactic-SoC/.bender/git/checkouts/common_cells-3bd5b2d671aaec0e/src/mem_to_banks.sv(15) will be overwritten.
-- Compiling module axi_cdc
-- Compiling module axi_cdc_intf
-- Compiling module axi_lite_cdc_intf
-- Compiling module axi_err_slv
-- Compiling module axi_dw_converter
-- Compiling module axi_dw_converter_intf
-- Compiling module axi_id_serialize
-- Compiling module axi_id_serialize_intf
-- Compiling module axi_lfsr
-- Compiling module axi_multicut
-- Compiling module axi_multicut_intf
-- Compiling module axi_lite_multicut_intf
-- Compiling module axi_to_axi_lite
-- Compiling module axi_to_axi_lite_id_reflect
-- Compiling module axi_to_axi_lite_intf
-- Compiling module axi_to_mem_banked
-- Compiling module axi_to_mem_banked_intf
-- Compiling module axi_to_mem_interleaved
-- Compiling module axi_to_mem_split
-- Compiling module axi_to_mem_split_intf
-- Compiling module axi_iw_converter
-- Compiling module axi_iw_converter_intf
-- Compiling module axi_lite_xbar
-- Compiling module axi_lite_xbar_intf
-- Compiling module axi_xbar
-- Compiling module axi_xbar_intf
-- Compiling module axi_xp
-- Compiling module axi_xp_intf
-- Compiling module axi_dumper
-- Compiling module axi_dumper_intf
-- Compiling module axi_sim_mem
-- Compiling module axi_sim_mem_intf
-- Compiling package axi_test
-- Importing package rand_id_queue_pkg
-- Compiling module axi_chan_logger
-- Compiling interface REG_BUS
-- Compiling module prim_subreg_arb
-- Compiling module prim_subreg_ext
-- Compiling module apb_to_reg
-- Compiling module apb_to_reg_intf
-- Compiling module axi_to_reg
-- Compiling module axi_to_reg_intf
-- Compiling module periph_to_reg
-- Compiling module reg_cdc
-- Compiling module reg_demux
-- Compiling module reg_err_slv
-- Compiling module reg_mux
-- Compiling module reg_to_apb
-- Compiling module reg_to_mem
-- Compiling module reg_uniform
-- Compiling module reg_to_tlul
-- Compiling module prim_subreg_shadow
-- Compiling module prim_subreg
-- Compiling module axi_lite_to_reg
-- Compiling module axi_lite_to_reg_intf
-- Compiling module apb_gpio
-- Compiling module slib_clock_div
-- Compiling module slib_counter
-- Compiling module slib_edge_detect
-- Compiling module slib_fifo
-- Compiling module slib_input_filter
-- Compiling module slib_input_sync
-- Compiling module slib_mv_filter
-- Compiling module uart_baudgen
-- Compiling module uart_interrupt
-- Compiling module uart_receiver
-- Compiling module uart_transmitter
-- Compiling module apb_uart
-- Compiling module apb_uart_wrap
-- Compiling module reg_uart_wrap
-- Compiling package obi_pkg
-- Compiling interface OBI_BUS
-- Importing package obi_pkg
-- Compiling interface OBI_BUS_DV
-- Compiling module obi_rready_converter
-- Compiling module obi_atop_resolver
-- Compiling module obi_atop_resolver_intf
-- Compiling module obi_cut
-- Compiling module obi_demux
-- Compiling module obi_demux_intf
-- Compiling module obi_err_sbr
-- Compiling module obi_err_sbr_intf
-- Compiling module obi_mux
-- Compiling module obi_mux_intf
-- Compiling module obi_sram_shim
-- Compiling module obi_xbar
-- Compiling module obi_xbar_intf
-- Compiling package dm
-- Compiling module debug_rom
-- Compiling module debug_rom_one_scratch
-- Compiling module dm_csrs
-- Importing package dm
-- Compiling module dm_mem
-- Compiling module dmi_cdc
-- Compiling module dmi_jtag_tap
-- Compiling module dm_sba
-- Compiling module dm_top
-- Compiling module dmi_jtag
-- Compiling module dm_obi_top
-- Compiling package dmi_test
-- Compiling package prim_ram_1p_pkg
-- Compiling package prim_secded_pkg
-- Compiling package prim_util_pkg
-- Compiling package prim_cipher_pkg
-- Compiling package prim_pkg
-- Compiling module prim_generic_buf
-- Compiling module prim_buf
-- Compiling module prim_clock_gating
-- Importing package prim_pkg
-- Compiling package ibex_pkg
-- Compiling module ibex_csr
-- Compiling module ibex_compressed_decoder
-- Importing package ibex_pkg
-- Compiling module ibex_decoder
-- Compiling module ibex_counter
-- Compiling module ibex_alu
-- Compiling module ibex_fetch_fifo
-- Compiling module ibex_prefetch_buffer
-- Compiling module ibex_multdiv_fast
-- Compiling module ibex_register_file_ff
-- Compiling module ibex_ex_block
-- Compiling module ibex_controller
-- Compiling module ibex_cs_registers
-- Compiling module ibex_pmp
-- Compiling module ibex_if_stage
-- Compiling module ibex_id_stage
-- Compiling module ibex_load_store_unit
-- Compiling module ibex_wb_stage
-- Compiling module ibex_core
-- Compiling module ibex_top
-- Importing package prim_ram_1p_pkg
-- Importing package prim_secded_pkg
-- Compiling module apb_spi_master
-- Compiling module spi_master_apb_if
-- Compiling module spi_master_fifo
-- Compiling module spi_master_tx
-- Compiling module spi_master_rx
-- Compiling module spi_master_controller
-- Compiling module spi_master_clkgen
-- Compiling package ibex_tracer_pkg
-- Compiling module ibex_tracer
-- Importing package ibex_tracer_pkg
-- Compiling module ibex_top_tracing
-- Compiling module obi_sram
-- Compiling module obi_to_apb_intf
-- Compiling module sysctrl_obi_xbar
-- Compiling module jtag_dbg_wrapper_obi
-- Compiling module ibex_wrapper
-- Compiling module obi_cut_intf
-- Compiling module obi_icn_ss
-- Compiling module peripherals_obi_to_apb
-- Compiling module generic_and
-- Compiling module prim_generic_clock_gating
-- Compiling module io_cell_frame_sysctrl
-- Compiling module io_cell_wrapper
-- Compiling module SS_Ctrl_reg_array
-- Compiling module pmod_mux
-- Compiling module Didactic
-- Compiling module analog_wrapper_0
-- Compiling module student_wrapper_0
-- Compiling module student_wrapper_1
-- Compiling module student_wrapper_2
-- Compiling module student_wrapper_3
-- Compiling module student_wrapper_4
-- Compiling module student_wrapper_5
-- Compiling module student_wrapper_6
-- Compiling module SysCtrl_SS_0
-- Compiling module SysCtrl_SS_wrapper_0
-- Compiling module TOPCELL_ISAR_with_padframe
-- Compiling module tech_sync
-- Compiling module io_cell
-- Compiling module o_cell
-- Compiling module i_cell
-- Compiling module clk_cell
-- Compiling module io_cell_wrapper
** Warning: /nas/ei/home/ge87dix/Edu4Chip/Didactic-SoC/src/tech_generic/io_cell_wrapper.sv(11): (vlog-2275) Existing module 'io_cell_wrapper' at line 11 will be overwritten.
-- Compiling package riscv
-- Compiling module uart_tb_rx
-- Compiling interface spi_slave
-- Compiling package jtag_pkg
-- Importing package riscv
-- Compiling module tb_didactic
-- Importing package jtag_pkg
-- Compiling module tum_ss

Top level modules:
	clk_rst_gen
	sim_timeout
	stream_watchdog
	signal_highlighter
	rand_stream_mst
	rand_stream_slv
	tc_sram_impl
	tc_clk_delay
	tc_sync
	cluster_level_shifter_in
	cluster_level_shifter_in_clamp
	cluster_level_shifter_inout
	cluster_level_shifter_out
	cluster_level_shifter_out_clamp
	generic_memory
	generic_rom
	pad_functional_pd
	pad_functional_pu
	pulp_buffer
	pulp_level_shifter_in
	pulp_level_shifter_in_clamp
	pulp_level_shifter_inout
	pulp_level_shifter_out
	pulp_level_shifter_out_clamp
	pulp_power_gating
	pulp_isolation_0
	pulp_isolation_1
	tc_pwr_level_shifter_in
	tc_pwr_level_shifter_in_clamp_lo
	tc_pwr_level_shifter_in_clamp_hi
	tc_pwr_level_shifter_out
	tc_pwr_level_shifter_out_clamp_lo
	tc_pwr_level_shifter_out_clamp_hi
	tc_pwr_power_gating
	tc_pwr_isolation_lo
	tc_pwr_isolation_hi
	pulp_clock_gating_async
	cluster_clock_and2
	cluster_clock_buffer
	cluster_clock_inverter
	cluster_clock_mux2
	cluster_clock_xor2
	pulp_clock_and2
	pulp_clock_buffer
	pulp_clock_delay
	cc_onehot
	edge_propagator_tx
	exp_backoff
	isochronous_4phase_handshake
	isochronous_spill_register
	lfsr
	lfsr_8bit
	lossy_valid_to_stream
	mv_filter
	plru_tree
	passthrough_stream_fifo
	popcount
	ring_buffer
	serial_deglitch
	stream_filter
	unread
	read
	boxcar
	cdc_4phase
	clk_int_div_static
	trip_counter
	addr_decode_napot
	multiaddr_decode
	cb_filter
	cdc_fifo_2phase
	clk_mux_glitch_free
	ecc_decode
	ecc_encode
	edge_detect
	max_counter
	stream_fifo_optimal_wrap
	cdc_fifo_gray_clearable
	stream_omega_net
	sram
	clk_div
	find_first_one
	generic_LFSR_8bit
	generic_fifo
	prioarbiter
	rrarbiter
	clock_divider
	fifo
	edge_propagator
	edge_propagator_rx
	apb_err_slv_intf
	apb_regs_intf
	apb_cdc_intf
	apb_demux_intf
	axi_atop_filter_intf
	axi_cdc_dst_intf
	axi_lite_cdc_dst_intf
	axi_cdc_src_intf
	axi_lite_cdc_src_intf
	axi_cut_intf
	axi_lite_cut_intf
	axi_delayer_intf
	axi_demux_intf
	axi_fifo_intf
	axi_id_remap_intf
	axi_isolate_intf
	axi_join_intf
	axi_lite_demux_intf
	axi_lite_join_intf
	axi_lite_mailbox_intf
	axi_lite_mux_intf
	axi_lite_regs_intf
	axi_lite_to_apb_intf
	axi_lite_to_axi_intf
	axi_modify_address_intf
	axi_mux_intf
	axi_serializer_intf
	axi_throttle
	axi_to_mem_intf
	axi_cdc_intf
	axi_lite_cdc_intf
	axi_dw_converter_intf
	axi_id_serialize_intf
	axi_lfsr
	axi_multicut_intf
	axi_lite_multicut_intf
	axi_to_mem_banked_intf
	axi_to_mem_interleaved
	axi_to_mem_split_intf
	axi_iw_converter_intf
	axi_lite_xbar_intf
	axi_xbar_intf
	axi_xp_intf
	axi_dumper_intf
	axi_sim_mem_intf
	axi_chan_logger
	prim_subreg_ext
	apb_to_reg
	apb_to_reg_intf
	axi_to_reg
	axi_to_reg_intf
	periph_to_reg
	reg_cdc
	reg_demux
	reg_err_slv
	reg_mux
	reg_to_mem
	reg_uniform
	reg_to_tlul
	prim_subreg_shadow
	apb_uart_wrap
	reg_uart_wrap
	obi_rready_converter
	obi_atop_resolver_intf
	obi_demux_intf
	obi_err_sbr_intf
	obi_mux_intf
	obi_sram_shim
	clk_cell
	tb_didactic
	tum_ss
End time: 13:01:19 on Jul 02,2026, Elapsed time: 0:00:01
Errors: 0, Warnings: 6, Suppressed Warnings: 318
