#-----------------------------------------------------------
# Vivado v2024.1 (64-bit)
# SW Build 5076996 on Wed May 22 18:36:09 MDT 2024
# IP Build 5075265 on Wed May 22 21:45:21 MDT 2024
# SharedData Build 5076995 on Wed May 22 18:29:18 MDT 2024
# Start of session at: Thu Jul  2 17:27:22 2026
# Process ID: 32645
# Current directory: /nas/ei/home/ge87dix/Edu4Chip/Didactic-SoC
# Command line: vivado
# Log file: /nas/ei/home/ge87dix/Edu4Chip/Didactic-SoC/vivado.log
# Journal file: /nas/ei/home/ge87dix/Edu4Chip/Didactic-SoC/vivado.jou
# Running On        :linux10.clients.eikon.tum.de
# Platform          :Ubuntu
# Operating System  :Ubuntu 24.04.4 LTS
# Processor Detail  :AMD Ryzen 5 PRO 8500G w/ Radeon 740M Graphics
# CPU Frequency     :2666.634 MHz
# CPU Physical cores:6
# CPU Logical cores :12
# Host memory       :32738 MB
# Swap memory       :1073 MB
# Total Virtual     :33812 MB
# Available Virtual :30694 MB
#-----------------------------------------------------------
start_gui
WARNING: [Board 49-26] cannot add Board Part xilinx.com:vek280_es:part0:1.0 available at /nas/ei/share/tools/xilinx/Vivado/2024.1/data/xhub/boards/XilinxBoardStore/boards/Xilinx/vek280/es/rev_a/1.0/board.xml as part xcve2802-vsvh1760-2lp-e-s-es1 specified in board_part file is either invalid or not available
WARNING: [Board 49-26] cannot add Board Part xilinx.com:vek280_es:part0:1.1 available at /nas/ei/share/tools/xilinx/Vivado/2024.1/data/xhub/boards/XilinxBoardStore/boards/Xilinx/vek280/es/rev_a/1.1/board.xml as part xcve2802-vsvh1760-2lp-e-s-es1 specified in board_part file is either invalid or not available
WARNING: [Board 49-26] cannot add Board Part xilinx.com:vek280_es_revb:part0:1.0 available at /nas/ei/share/tools/xilinx/Vivado/2024.1/data/xhub/boards/XilinxBoardStore/boards/Xilinx/vek280/es/rev_b/1.0/board.xml as part xcve2802-vsvh1760-2mp-e-s-es1 specified in board_part file is either invalid or not available
WARNING: [Board 49-26] cannot add Board Part xilinx.com:vek280_es_revb:part0:1.1 available at /nas/ei/share/tools/xilinx/Vivado/2024.1/data/xhub/boards/XilinxBoardStore/boards/Xilinx/vek280/es/rev_b/1.1/board.xml as part xcve2802-vsvh1760-2mp-e-s-es1 specified in board_part file is either invalid or not available
WARNING: [Board 49-26] cannot add Board Part xilinx.com:vhk158_es:part0:1.0 available at /nas/ei/share/tools/xilinx/Vivado/2024.1/data/xhub/boards/XilinxBoardStore/boards/Xilinx/vhk158/es/1.0/board.xml as part xcvh1582-vsva3697-2mp-e-s-es1 specified in board_part file is either invalid or not available
WARNING: [Board 49-26] cannot add Board Part xilinx.com:vhk158_es:part0:1.1 available at /nas/ei/share/tools/xilinx/Vivado/2024.1/data/xhub/boards/XilinxBoardStore/boards/Xilinx/vhk158/es/1.1/board.xml as part xcvh1582-vsva3697-2mp-e-s-es1 specified in board_part file is either invalid or not available
WARNING: [Board 49-26] cannot add Board Part xilinx.com:zcu208ld:part0:2.0 available at /nas/ei/share/tools/xilinx/Vivado/2024.1/data/xhub/boards/XilinxBoardStore/boards/Xilinx/zcu208ld/production/2.0/board.xml as part xczu58dr-fsvg1517-2-i specified in board_part file is either invalid or not available
WARNING: [Board 49-26] cannot add Board Part xilinx.com:zcu216ld:part0:2.0 available at /nas/ei/share/tools/xilinx/Vivado/2024.1/data/xhub/boards/XilinxBoardStore/boards/Xilinx/zcu216ld/production/2.0/board.xml as part xczu59dr-ffvf1760-2-i specified in board_part file is either invalid or not available
WARNING: [Board 49-26] cannot add Board Part xilinx.com:zcu670ld:part0:1.0 available at /nas/ei/share/tools/xilinx/Vivado/2024.1/data/xhub/boards/XilinxBoardStore/boards/Xilinx/zcu670ld/1.0/board.xml as part xczu57dr-fsve1156-2-i specified in board_part file is either invalid or not available
open_project /nas/ei/home/ge87dix/Edu4Chip/Didactic-SoC/build/fpga/z1/didactic-z1.xpr
INFO: [filemgmt 56-3] Default IP Output Path : Could not find the directory '/nas/ei/home/ge87dix/Edu4Chip/Didactic-SoC/build/fpga/z1/didactic-z1.gen/sources_1'.
Scanning sources...
Finished scanning sources
INFO: [IP_Flow 19-234] Refreshing IP repositories
INFO: [IP_Flow 19-1704] No user IP repositories specified
INFO: [IP_Flow 19-2313] Loaded Vivado IP repository '/nfs/tools/xilinx/Vivado/2024.1/data/ip'.
add_files -norecurse /nas/ei/home/ge87dix/Edu4Chip/Didactic-SoC/src/generated/subsystem.sv
WARNING: [filemgmt 56-12] File '/nas/ei/home/ge87dix/Edu4Chip/Didactic-SoC/src/generated/subsystem.sv' cannot be added to the project because it already exists in the project, skipping this file
exit
INFO: [Common 17-206] Exiting Vivado at Thu Jul  2 17:34:58 2026...
