Copyright 1986-2022 Xilinx, Inc. All Rights Reserved. Copyright 2022-2024 Advanced Micro Devices, Inc. All Rights Reserved.
---------------------------------------------------------------------------------------------------------------------------------------------
| Tool Version : Vivado v.2024.1 (lin64) Build 5076996 Wed May 22 18:36:09 MDT 2024
| Date         : Tue Jul  7 23:41:34 2026
| Host         : linux12.clients.eikon.tum.de running 64-bit Ubuntu 24.04.4 LTS
| Command      : report_utilization -hierarchical -file /nas/ei/home/ge87dix/Edu4Chip/Didactic-SoC/build//fpga/logs/a7.utilization.rpt
| Design       : DidacticA7
| Device       : xc7a100tcsg324-1
| Speed File   : -1
| Design State : Routed
---------------------------------------------------------------------------------------------------------------------------------------------

Utilization Design Information

Table of Contents
-----------------
1. Utilization by Hierarchy

1. Utilization by Hierarchy
---------------------------

+-------------------------------------------------------------------+------------------------------------------+------------+------------+---------+------+------+--------+--------+------------+
|                              Instance                             |                  Module                  | Total LUTs | Logic LUTs | LUTRAMs | SRLs |  FFs | RAMB36 | RAMB18 | DSP Blocks |
+-------------------------------------------------------------------+------------------------------------------+------------+------------+---------+------+------+--------+--------+------------+
| DidacticA7                                                        |                                    (top) |       9248 |       9248 |       0 |    0 | 7526 |     36 |      0 |          1 |
|   (DidacticA7)                                                    |                                    (top) |          0 |          0 |       0 |    0 |    0 |      0 |      0 |          0 |
|   clk_gen                                                         |                                      Pll |          0 |          0 |       0 |    0 |    0 |      0 |      0 |          0 |
|   didactic                                                        |                                 Didactic |       9248 |       9248 |       0 |    0 | 7526 |     36 |      0 |          1 |
|     i_obi_icn_ss                                                  |                               obi_icn_ss |        268 |        268 |       0 |    0 |   76 |      0 |      0 |          0 |
|       gen_obi_to_apb[0].i_obi_to_apb                              |                       obi_to_apb_intf__1 |          4 |          4 |       0 |    0 |    3 |      0 |      0 |          0 |
|       gen_obi_to_apb[1].i_obi_to_apb                              |                       obi_to_apb_intf__2 |          3 |          3 |       0 |    0 |    4 |      0 |      0 |          0 |
|       gen_obi_to_apb[2].i_obi_to_apb                              |                       obi_to_apb_intf__3 |          3 |          3 |       0 |    0 |    4 |      0 |      0 |          0 |
|       gen_obi_to_apb[3].i_obi_to_apb                              |                       obi_to_apb_intf__4 |          3 |          3 |       0 |    0 |    4 |      0 |      0 |          0 |
|       gen_obi_to_apb[4].i_obi_to_apb                              |                       obi_to_apb_intf__5 |          3 |          3 |       0 |    0 |    4 |      0 |      0 |          0 |
|       gen_obi_to_apb[5].i_obi_to_apb                              |                       obi_to_apb_intf__6 |          3 |          3 |       0 |    0 |    4 |      0 |      0 |          0 |
|       gen_obi_to_apb[6].i_obi_to_apb                              |                       obi_to_apb_intf__7 |          3 |          3 |       0 |    0 |    4 |      0 |      0 |          0 |
|       gen_obi_to_apb[7].i_obi_to_apb                              |                          obi_to_apb_intf |          3 |          3 |       0 |    0 |    4 |      0 |      0 |          0 |
|       i_icn_obi_xbar                                              |                            obi_xbar_intf |        252 |        252 |       0 |    0 |   45 |      0 |      0 |          0 |
|         i_obi_xbar                                                |                                 obi_xbar |        252 |        252 |       0 |    0 |   45 |      0 |      0 |          0 |
|           gen_demux[1].i_addr_decode                              |                              addr_decode |        173 |        173 |       0 |    0 |    0 |      0 |      0 |          0 |
|             i_addr_decode_dync                                    |                         addr_decode_dync |        173 |        173 |       0 |    0 |    0 |      0 |      0 |          0 |
|           gen_demux[1].i_demux                                    |                                obi_demux |         21 |         21 |       0 |    0 |    5 |      0 |      0 |          0 |
|             (gen_demux[1].i_demux)                                |                                obi_demux |         19 |         19 |       0 |    0 |    3 |      0 |      0 |          0 |
|             i_counter                                             |                            delta_counter |          2 |          2 |       0 |    0 |    2 |      0 |      0 |          0 |
|           gen_mux[0].i_mux                                        |                               obi_mux__4 |          8 |          8 |       0 |    0 |    5 |      0 |      0 |          0 |
|             (gen_mux[0].i_mux)                                    |                               obi_mux__4 |          3 |          3 |       0 |    0 |    0 |      0 |      0 |          0 |
|             gen_no_id_assign.i_fifo                               |                               fifo_v3__4 |          3 |          3 |       0 |    0 |    3 |      0 |      0 |          0 |
|             i_rr_arb                                              |                           rr_arb_tree__4 |          2 |          2 |       0 |    0 |    2 |      0 |      0 |          0 |
|           gen_mux[1].i_mux                                        |                               obi_mux__5 |          8 |          8 |       0 |    0 |    5 |      0 |      0 |          0 |
|             (gen_mux[1].i_mux)                                    |                               obi_mux__5 |          3 |          3 |       0 |    0 |    0 |      0 |      0 |          0 |
|             gen_no_id_assign.i_fifo                               |                               fifo_v3__5 |          3 |          3 |       0 |    0 |    3 |      0 |      0 |          0 |
|             i_rr_arb                                              |                           rr_arb_tree__5 |          2 |          2 |       0 |    0 |    2 |      0 |      0 |          0 |
|           gen_mux[2].i_mux                                        |                               obi_mux__6 |          8 |          8 |       0 |    0 |    5 |      0 |      0 |          0 |
|             (gen_mux[2].i_mux)                                    |                               obi_mux__6 |          3 |          3 |       0 |    0 |    0 |      0 |      0 |          0 |
|             gen_no_id_assign.i_fifo                               |                               fifo_v3__6 |          3 |          3 |       0 |    0 |    3 |      0 |      0 |          0 |
|             i_rr_arb                                              |                           rr_arb_tree__6 |          2 |          2 |       0 |    0 |    2 |      0 |      0 |          0 |
|           gen_mux[3].i_mux                                        |                               obi_mux__7 |          8 |          8 |       0 |    0 |    5 |      0 |      0 |          0 |
|             (gen_mux[3].i_mux)                                    |                               obi_mux__7 |          3 |          3 |       0 |    0 |    0 |      0 |      0 |          0 |
|             gen_no_id_assign.i_fifo                               |                               fifo_v3__7 |          3 |          3 |       0 |    0 |    3 |      0 |      0 |          0 |
|             i_rr_arb                                              |                           rr_arb_tree__7 |          2 |          2 |       0 |    0 |    2 |      0 |      0 |          0 |
|           gen_mux[4].i_mux                                        |                               obi_mux__8 |          8 |          8 |       0 |    0 |    5 |      0 |      0 |          0 |
|             (gen_mux[4].i_mux)                                    |                               obi_mux__8 |          3 |          3 |       0 |    0 |    0 |      0 |      0 |          0 |
|             gen_no_id_assign.i_fifo                               |                               fifo_v3__8 |          3 |          3 |       0 |    0 |    3 |      0 |      0 |          0 |
|             i_rr_arb                                              |                           rr_arb_tree__8 |          2 |          2 |       0 |    0 |    2 |      0 |      0 |          0 |
|           gen_mux[5].i_mux                                        |                               obi_mux__9 |          8 |          8 |       0 |    0 |    5 |      0 |      0 |          0 |
|             (gen_mux[5].i_mux)                                    |                               obi_mux__9 |          3 |          3 |       0 |    0 |    0 |      0 |      0 |          0 |
|             gen_no_id_assign.i_fifo                               |                               fifo_v3__9 |          3 |          3 |       0 |    0 |    3 |      0 |      0 |          0 |
|             i_rr_arb                                              |                           rr_arb_tree__9 |          2 |          2 |       0 |    0 |    2 |      0 |      0 |          0 |
|           gen_mux[6].i_mux                                        |                              obi_mux__10 |          8 |          8 |       0 |    0 |    5 |      0 |      0 |          0 |
|             (gen_mux[6].i_mux)                                    |                              obi_mux__10 |          3 |          3 |       0 |    0 |    0 |      0 |      0 |          0 |
|             gen_no_id_assign.i_fifo                               |                              fifo_v3__10 |          3 |          3 |       0 |    0 |    3 |      0 |      0 |          0 |
|             i_rr_arb                                              |                          rr_arb_tree__10 |          2 |          2 |       0 |    0 |    2 |      0 |      0 |          0 |
|           gen_mux[7].i_mux                                        |                                  obi_mux |          8 |          8 |       0 |    0 |    5 |      0 |      0 |          0 |
|             (gen_mux[7].i_mux)                                    |                                  obi_mux |          3 |          3 |       0 |    0 |    0 |      0 |      0 |          0 |
|             gen_no_id_assign.i_fifo                               |                                  fifo_v3 |          3 |          3 |       0 |    0 |    3 |      0 |      0 |          0 |
|             i_rr_arb                                              |                              rr_arb_tree |          2 |          2 |       0 |    0 |    2 |      0 |      0 |          0 |
|     i_system_control                                              |                     SysCtrl_SS_wrapper_0 |       8959 |       8959 |       0 |    0 | 7436 |     36 |      0 |          1 |
|       SysCtrl_SS                                                  |                             SysCtrl_SS_0 |       8926 |       8926 |       0 |    0 | 7432 |     36 |      0 |          1 |
|         apb_gpio                                                  |                                 apb_gpio |        248 |        248 |       0 |    0 |  384 |      0 |      0 |          0 |
|         apb_spi_master                                            |                           apb_spi_master |        839 |        839 |       0 |    0 |  998 |      0 |      0 |          0 |
|           (apb_spi_master)                                        |                           apb_spi_master |         49 |         49 |       0 |    0 |   16 |      0 |      0 |          0 |
|           u_axiregs                                               |                        spi_master_apb_if |        126 |        126 |       0 |    0 |  162 |      0 |      0 |          0 |
|           u_rxfifo                                                |                          spi_master_fifo |        136 |        136 |       0 |    0 |  333 |      0 |      0 |          0 |
|           u_spictrl                                               |                    spi_master_controller |        390 |        390 |       0 |    0 |  154 |      0 |      0 |          0 |
|             (u_spictrl)                                           |                    spi_master_controller |        220 |        220 |       0 |    0 |    5 |      0 |      0 |          0 |
|             u_clkgen                                              |                        spi_master_clkgen |         17 |         17 |       0 |    0 |   18 |      0 |      0 |          0 |
|             u_rxreg                                               |                            spi_master_rx |         77 |         77 |       0 |    0 |   66 |      0 |      0 |          0 |
|             u_txreg                                               |                            spi_master_tx |         77 |         77 |       0 |    0 |   65 |      0 |      0 |          0 |
|           u_txfifo                                                |                       spi_master_fifo__1 |        139 |        139 |       0 |    0 |  333 |      0 |      0 |          0 |
|         apb_uart                                                  |                                 apb_uart |        716 |        716 |       0 |    0 | 1477 |      0 |      0 |          0 |
|           (apb_uart)                                              |                                 apb_uart |         93 |         93 |       0 |    0 |  102 |      0 |      0 |          0 |
|           UART_BG16                                               |                             uart_baudgen |         51 |         51 |       0 |    0 |   17 |      0 |      0 |          0 |
|           UART_BG2                                                |                           slib_clock_div |          2 |          2 |       0 |    0 |    4 |      0 |      0 |          0 |
|           UART_BIDET                                              |                      slib_edge_detect__4 |          1 |          1 |       0 |    0 |    1 |      0 |      0 |          0 |
|           UART_ED_CTS                                             |                      slib_edge_detect__5 |          1 |          1 |       0 |    0 |    1 |      0 |      0 |          0 |
|           UART_ED_DCD                                             |                      slib_edge_detect__8 |          1 |          1 |       0 |    0 |    1 |      0 |      0 |          0 |
|           UART_ED_DSR                                             |                      slib_edge_detect__6 |          1 |          1 |       0 |    0 |    1 |      0 |      0 |          0 |
|           UART_ED_RI                                              |                      slib_edge_detect__7 |          1 |          1 |       0 |    0 |    1 |      0 |      0 |          0 |
|           UART_FEDET                                              |                      slib_edge_detect__3 |          1 |          1 |       0 |    0 |    1 |      0 |      0 |          0 |
|           UART_IF_CTS                                             |                     slib_input_filter__1 |          2 |          2 |       0 |    0 |    3 |      0 |      0 |          0 |
|           UART_IF_DCD                                             |                     slib_input_filter__3 |          2 |          2 |       0 |    0 |    3 |      0 |      0 |          0 |
|           UART_IF_DSR                                             |                     slib_input_filter__2 |          2 |          2 |       0 |    0 |    3 |      0 |      0 |          0 |
|           UART_IF_RI                                              |                        slib_input_filter |          2 |          2 |       0 |    0 |    3 |      0 |      0 |          0 |
|           UART_IIC                                                |                           uart_interrupt |          7 |          7 |       0 |    0 |    4 |      0 |      0 |          0 |
|           UART_IIC_THRE_ED                                        |                      slib_edge_detect__1 |          1 |          1 |       0 |    0 |    1 |      0 |      0 |          0 |
|           UART_IS_SIN                                             |                       slib_input_sync__1 |          0 |          0 |       0 |    0 |    2 |      0 |      0 |          0 |
|           UART_PEDET                                              |                      slib_edge_detect__2 |          1 |          1 |       0 |    0 |    1 |      0 |      0 |          0 |
|           UART_RCLK                                               |                         slib_edge_detect |          1 |          1 |       0 |    0 |    1 |      0 |      0 |          0 |
|           UART_RX                                                 |                            uart_receiver |         41 |         41 |       0 |    0 |   35 |      0 |      0 |          0 |
|             (UART_RX)                                             |                            uart_receiver |         30 |         30 |       0 |    0 |   21 |      0 |      0 |          0 |
|             RX_BRC                                                |                             slib_counter |          5 |          5 |       0 |    0 |    5 |      0 |      0 |          0 |
|             RX_IFSB                                               |        slib_input_filter__parameterized0 |          3 |          3 |       0 |    0 |    4 |      0 |      0 |          0 |
|             RX_MVF                                                |                           slib_mv_filter |          4 |          4 |       0 |    0 |    5 |      0 |      0 |          0 |
|           UART_RXFF                                               |                slib_fifo__parameterized0 |        270 |        270 |       0 |    0 |  736 |      0 |      0 |          0 |
|           UART_TX                                                 |                         uart_transmitter |         17 |         17 |       0 |    0 |   16 |      0 |      0 |          0 |
|           UART_TXFF                                               |                                slib_fifo |        219 |        219 |       0 |    0 |  540 |      0 |      0 |          0 |
|         ctrl_reg_array                                            |                        SS_Ctrl_reg_array |        679 |        679 |       0 |    0 | 1410 |      0 |      0 |          0 |
|         i_dmem                                                    |                                 obi_sram |         11 |         11 |       0 |    0 |    2 |     32 |      0 |          0 |
|           (i_dmem)                                                |                                 obi_sram |          3 |          3 |       0 |    0 |    2 |      0 |      0 |          0 |
|           u_tc_sram                                               |                                  tc_sram |          8 |          8 |       0 |    0 |    0 |     32 |      0 |          0 |
|             (u_tc_sram)                                           |                                  tc_sram |          2 |          2 |       0 |    0 |    0 |      0 |      0 |          0 |
|             gen_1_ports.i_xpm_memory_spram                        |                         xpm_memory_spram |          6 |          6 |       0 |    0 |    0 |     32 |      0 |          0 |
|               xpm_memory_base_inst                                |                          xpm_memory_base |          6 |          6 |       0 |    0 |    0 |     32 |      0 |          0 |
|         i_ibex_wrapper                                            |                             ibex_wrapper |       2931 |       2931 |       0 |    0 | 1893 |      0 |      0 |          1 |
|           Ibex_Core                                               |                                 ibex_top |       2931 |       2931 |       0 |    0 | 1889 |      0 |      0 |          1 |
|             (Ibex_Core)                                           |                                 ibex_top |          1 |          1 |       0 |    0 |    1 |      0 |      0 |          0 |
|             core_clock_gate_i                                     |                        prim_clock_gating |          0 |          0 |       0 |    0 |    0 |      0 |      0 |          0 |
|               gen_xilinx.u_impl_xilinx                            |                 prim_xilinx_clock_gating |          0 |          0 |       0 |    0 |    0 |      0 |      0 |          0 |
|             gen_regfile_ff.register_file_i                        |                    ibex_register_file_ff |        607 |        607 |       0 |    0 |  992 |      0 |      0 |          0 |
|             u_ibex_core                                           |                                ibex_core |       2324 |       2324 |       0 |    0 |  896 |      0 |      0 |          1 |
|               (u_ibex_core)                                       |                                ibex_core |          3 |          3 |       0 |    0 |    0 |      0 |      0 |          0 |
|               cs_registers_i                                      |                        ibex_cs_registers |        625 |        625 |       0 |    0 |  388 |      0 |      0 |          0 |
|                 (cs_registers_i)                                  |                        ibex_cs_registers |        527 |        527 |       0 |    0 |    4 |      0 |      0 |          0 |
|                 mcycle_counter_i                                  |                             ibex_counter |         49 |         49 |       0 |    0 |   64 |      0 |      0 |          0 |
|                 minstret_counter_i                                |             ibex_counter__parameterized0 |         49 |         49 |       0 |    0 |   64 |      0 |      0 |          0 |
|                 u_cpuctrlsts_part_csr                             |                 ibex_csr__parameterized6 |          0 |          0 |       0 |    0 |    2 |      0 |      0 |          0 |
|                 u_dcsr_csr                                        |                 ibex_csr__parameterized4 |          0 |          0 |       0 |    0 |    9 |      0 |      0 |          0 |
|                 u_depc_csr                                        |              ibex_csr__parameterized0__4 |          0 |          0 |       0 |    0 |   31 |      0 |      0 |          0 |
|                 u_dscratch0_csr                                   |              ibex_csr__parameterized0__5 |          0 |          0 |       0 |    0 |   32 |      0 |      0 |          0 |
|                 u_dscratch1_csr                                   |              ibex_csr__parameterized0__6 |          0 |          0 |       0 |    0 |   32 |      0 |      0 |          0 |
|                 u_mcause_csr                                      |              ibex_csr__parameterized2__1 |          0 |          0 |       0 |    0 |    7 |      0 |      0 |          0 |
|                 u_mepc_csr                                        |              ibex_csr__parameterized0__1 |          0 |          0 |       0 |    0 |   31 |      0 |      0 |          0 |
|                 u_mie_csr                                         |                 ibex_csr__parameterized1 |          0 |          0 |       0 |    0 |   18 |      0 |      0 |          0 |
|                 u_mscratch_csr                                    |              ibex_csr__parameterized0__2 |          0 |          0 |       0 |    0 |   32 |      0 |      0 |          0 |
|                 u_mstatus_csr                                     |                                 ibex_csr |          0 |          0 |       0 |    0 |    6 |      0 |      0 |          0 |
|                 u_mtval_csr                                       |              ibex_csr__parameterized0__3 |          0 |          0 |       0 |    0 |   32 |      0 |      0 |          0 |
|                 u_mtvec_csr                                       |                 ibex_csr__parameterized3 |          0 |          0 |       0 |    0 |   24 |      0 |      0 |          0 |
|               ex_block_i                                          |                            ibex_ex_block |        765 |        765 |       0 |    0 |   75 |      0 |      0 |          1 |
|                 (ex_block_i)                                      |                            ibex_ex_block |         51 |         51 |       0 |    0 |    0 |      0 |      0 |          0 |
|                 alu_i                                             |                                 ibex_alu |        258 |        258 |       0 |    0 |    0 |      0 |      0 |          0 |
|                 gen_multdiv_fast.multdiv_i                        |                        ibex_multdiv_fast |        456 |        456 |       0 |    0 |   75 |      0 |      0 |          1 |
|               id_stage_i                                          |                            ibex_id_stage |        352 |        352 |       0 |    0 |   83 |      0 |      0 |          0 |
|                 (id_stage_i)                                      |                            ibex_id_stage |        121 |        121 |       0 |    0 |   69 |      0 |      0 |          0 |
|                 controller_i                                      |                          ibex_controller |        136 |        136 |       0 |    0 |   14 |      0 |      0 |          0 |
|                 decoder_i                                         |                             ibex_decoder |         96 |         96 |       0 |    0 |    0 |      0 |      0 |          0 |
|               if_stage_i                                          |                            ibex_if_stage |        409 |        409 |       0 |    0 |  283 |      0 |      0 |          0 |
|                 (if_stage_i)                                      |                            ibex_if_stage |         71 |         71 |       0 |    0 |   84 |      0 |      0 |          0 |
|                 compressed_decoder_i                              |                  ibex_compressed_decoder |        152 |        152 |       0 |    0 |    0 |      0 |      0 |          0 |
|                 gen_prefetch_buffer.prefetch_buffer_i             |                     ibex_prefetch_buffer |        186 |        186 |       0 |    0 |  199 |      0 |      0 |          0 |
|                   (gen_prefetch_buffer.prefetch_buffer_i)         |                     ibex_prefetch_buffer |         72 |         72 |       0 |    0 |   66 |      0 |      0 |          0 |
|                   fifo_i                                          |                          ibex_fetch_fifo |        115 |        115 |       0 |    0 |  133 |      0 |      0 |          0 |
|               load_store_unit_i                                   |                     ibex_load_store_unit |        138 |        138 |       0 |    0 |   67 |      0 |      0 |          0 |
|               wb_stage_i                                          |                            ibex_wb_stage |         33 |         33 |       0 |    0 |    0 |      0 |      0 |          0 |
|           genblk1[0].i_tech_sync_irq                              |                             tech_sync__1 |          0 |          0 |       0 |    0 |    1 |      0 |      0 |          0 |
|           genblk1[1].i_tech_sync_irq                              |                             tech_sync__2 |          0 |          0 |       0 |    0 |    1 |      0 |      0 |          0 |
|           genblk1[2].i_tech_sync_irq                              |                             tech_sync__3 |          0 |          0 |       0 |    0 |    1 |      0 |      0 |          0 |
|           genblk1[3].i_tech_sync_irq                              |                             tech_sync__4 |          0 |          0 |       0 |    0 |    1 |      0 |      0 |          0 |
|         i_imem                                                    |                 obi_sram__parameterized0 |         11 |         11 |       0 |    0 |    2 |      4 |      0 |          0 |
|           (i_imem)                                                |                 obi_sram__parameterized0 |          3 |          3 |       0 |    0 |    2 |      0 |      0 |          0 |
|           u_tc_sram                                               |                  tc_sram__parameterized0 |          8 |          8 |       0 |    0 |    0 |      4 |      0 |          0 |
|             (u_tc_sram)                                           |                  tc_sram__parameterized0 |          2 |          2 |       0 |    0 |    0 |      0 |      0 |          0 |
|             gen_1_ports.i_xpm_memory_spram                        |         xpm_memory_spram__parameterized0 |          6 |          6 |       0 |    0 |    0 |      4 |      0 |          0 |
|               xpm_memory_base_inst                                |          xpm_memory_base__parameterized0 |          6 |          6 |       0 |    0 |    0 |      4 |      0 |          0 |
|         jtag_dbg_wrapper                                          |                     jtag_dbg_wrapper_obi |       1439 |       1439 |       0 |    0 | 1091 |      0 |      0 |          0 |
|           (jtag_dbg_wrapper)                                      |                     jtag_dbg_wrapper_obi |          1 |          1 |       0 |    0 |    0 |      0 |      0 |          0 |
|           i_dm_top                                                |                               dm_obi_top |       1004 |       1004 |       0 |    0 |  666 |      0 |      0 |          0 |
|             (i_dm_top)                                            |                               dm_obi_top |          1 |          1 |       0 |    0 |    1 |      0 |      0 |          0 |
|             i_dm_top                                              |                                   dm_top |       1003 |       1003 |       0 |    0 |  665 |      0 |      0 |          0 |
|               i_dm_csrs                                           |                                  dm_csrs |        516 |        516 |       0 |    0 |  587 |      0 |      0 |          0 |
|                 (i_dm_csrs)                                       |                                  dm_csrs |        495 |        495 |       0 |    0 |  517 |      0 |      0 |          0 |
|                 i_fifo                                            |                                  fifo_v2 |         21 |         21 |       0 |    0 |   70 |      0 |      0 |          0 |
|                   i_fifo_v3                                       |                  fifo_v3__parameterized0 |         21 |         21 |       0 |    0 |   70 |      0 |      0 |          0 |
|               i_dm_mem                                            |                                   dm_mem |        396 |        396 |       0 |    0 |   75 |      0 |      0 |          0 |
|                 (i_dm_mem)                                        |                                   dm_mem |        370 |        370 |       0 |    0 |   70 |      0 |      0 |          0 |
|                 gen_rom_snd_scratch.i_debug_rom                   |                                debug_rom |         26 |         26 |       0 |    0 |    5 |      0 |      0 |          0 |
|               i_dm_sba                                            |                                   dm_sba |         92 |         92 |       0 |    0 |    3 |      0 |      0 |          0 |
|           i_dmi_jtag                                              |                                 dmi_jtag |        436 |        436 |       0 |    0 |  425 |      0 |      0 |          0 |
|             (i_dmi_jtag)                                          |                                 dmi_jtag |        119 |        119 |       0 |    0 |  117 |      0 |      0 |          0 |
|             i_dmi_cdc                                             |                                  dmi_cdc |        261 |        261 |       0 |    0 |  248 |      0 |      0 |          0 |
|               i_cdc_req                                           |                     cdc_2phase_clearable |        138 |        138 |       0 |    0 |  131 |      0 |      0 |          0 |
|                 (i_cdc_req)                                       |                     cdc_2phase_clearable |          4 |          4 |       0 |    0 |    4 |      0 |      0 |          0 |
|                 i_cdc_reset_ctrlr                                 |                          cdc_reset_ctrlr |         47 |         47 |       0 |    0 |   36 |      0 |      0 |          0 |
|                   i_cdc_reset_ctrlr_half_a                        |                  cdc_reset_ctrlr_half__1 |         24 |         24 |       0 |    0 |   18 |      0 |      0 |          0 |
|                     (i_cdc_reset_ctrlr_half_a)                    |                  cdc_reset_ctrlr_half__1 |         12 |         12 |       0 |    0 |    6 |      0 |      0 |          0 |
|                     i_state_transition_cdc_dst                    |                        cdc_4phase_dst__1 |          6 |          6 |       0 |    0 |    5 |      0 |      0 |          0 |
|                       (i_state_transition_cdc_dst)                |                        cdc_4phase_dst__1 |          5 |          5 |       0 |    0 |    3 |      0 |      0 |          0 |
|                       i_sync                                      |                  sync__parameterized0__2 |          1 |          1 |       0 |    0 |    2 |      0 |      0 |          0 |
|                     i_state_transition_cdc_src                    |                        cdc_4phase_src__1 |          8 |          8 |       0 |    0 |    7 |      0 |      0 |          0 |
|                       (i_state_transition_cdc_src)                |                        cdc_4phase_src__1 |          7 |          7 |       0 |    0 |    5 |      0 |      0 |          0 |
|                       i_sync                                      |                  sync__parameterized0__3 |          1 |          1 |       0 |    0 |    2 |      0 |      0 |          0 |
|                   i_cdc_reset_ctrlr_half_b                        |                     cdc_reset_ctrlr_half |         23 |         23 |       0 |    0 |   18 |      0 |      0 |          0 |
|                     (i_cdc_reset_ctrlr_half_b)                    |                     cdc_reset_ctrlr_half |         11 |         11 |       0 |    0 |    6 |      0 |      0 |          0 |
|                     i_state_transition_cdc_dst                    |                           cdc_4phase_dst |          6 |          6 |       0 |    0 |    5 |      0 |      0 |          0 |
|                       (i_state_transition_cdc_dst)                |                           cdc_4phase_dst |          5 |          5 |       0 |    0 |    3 |      0 |      0 |          0 |
|                       i_sync                                      |                  sync__parameterized0__1 |          1 |          1 |       0 |    0 |    2 |      0 |      0 |          0 |
|                     i_state_transition_cdc_src                    |                           cdc_4phase_src |          8 |          8 |       0 |    0 |    7 |      0 |      0 |          0 |
|                       (i_state_transition_cdc_src)                |                           cdc_4phase_src |          7 |          7 |       0 |    0 |    5 |      0 |      0 |          0 |
|                       i_sync                                      |                     sync__parameterized0 |          1 |          1 |       0 |    0 |    2 |      0 |      0 |          0 |
|                 i_dst                                             |                 cdc_2phase_dst_clearable |         43 |         43 |       0 |    0 |   46 |      0 |      0 |          0 |
|                   (i_dst)                                         |                 cdc_2phase_dst_clearable |         43 |         43 |       0 |    0 |   43 |      0 |      0 |          0 |
|                   i_sync                                          |                                  sync__3 |          1 |          1 |       0 |    0 |    3 |      0 |      0 |          0 |
|                 i_src                                             |                 cdc_2phase_src_clearable |         45 |         45 |       0 |    0 |   45 |      0 |      0 |          0 |
|                   (i_src)                                         |                 cdc_2phase_src_clearable |         44 |         44 |       0 |    0 |   42 |      0 |      0 |          0 |
|                   i_sync                                          |                                     sync |          1 |          1 |       0 |    0 |    3 |      0 |      0 |          0 |
|               i_cdc_resp                                          |     cdc_2phase_clearable__parameterized0 |        124 |        124 |       0 |    0 |  117 |      0 |      0 |          0 |
|                 (i_cdc_resp)                                      |     cdc_2phase_clearable__parameterized0 |          4 |          4 |       0 |    0 |    4 |      0 |      0 |          0 |
|                 i_cdc_reset_ctrlr                                 |                       cdc_reset_ctrlr__1 |         47 |         47 |       0 |    0 |   36 |      0 |      0 |          0 |
|                   i_cdc_reset_ctrlr_half_a                        |                  cdc_reset_ctrlr_half__3 |         23 |         23 |       0 |    0 |   18 |      0 |      0 |          0 |
|                     (i_cdc_reset_ctrlr_half_a)                    |                  cdc_reset_ctrlr_half__3 |         11 |         11 |       0 |    0 |    6 |      0 |      0 |          0 |
|                     i_state_transition_cdc_dst                    |                        cdc_4phase_dst__3 |          5 |          5 |       0 |    0 |    5 |      0 |      0 |          0 |
|                       (i_state_transition_cdc_dst)                |                        cdc_4phase_dst__3 |          5 |          5 |       0 |    0 |    3 |      0 |      0 |          0 |
|                       i_sync                                      |                  sync__parameterized0__6 |          1 |          1 |       0 |    0 |    2 |      0 |      0 |          0 |
|                     i_state_transition_cdc_src                    |                        cdc_4phase_src__3 |          7 |          7 |       0 |    0 |    7 |      0 |      0 |          0 |
|                       (i_state_transition_cdc_src)                |                        cdc_4phase_src__3 |          7 |          7 |       0 |    0 |    5 |      0 |      0 |          0 |
|                       i_sync                                      |                  sync__parameterized0__7 |          1 |          1 |       0 |    0 |    2 |      0 |      0 |          0 |
|                   i_cdc_reset_ctrlr_half_b                        |                  cdc_reset_ctrlr_half__2 |         24 |         24 |       0 |    0 |   18 |      0 |      0 |          0 |
|                     (i_cdc_reset_ctrlr_half_b)                    |                  cdc_reset_ctrlr_half__2 |         12 |         12 |       0 |    0 |    6 |      0 |      0 |          0 |
|                     i_state_transition_cdc_dst                    |                        cdc_4phase_dst__2 |          6 |          6 |       0 |    0 |    5 |      0 |      0 |          0 |
|                       (i_state_transition_cdc_dst)                |                        cdc_4phase_dst__2 |          5 |          5 |       0 |    0 |    3 |      0 |      0 |          0 |
|                       i_sync                                      |                  sync__parameterized0__4 |          1 |          1 |       0 |    0 |    2 |      0 |      0 |          0 |
|                     i_state_transition_cdc_src                    |                        cdc_4phase_src__2 |          8 |          8 |       0 |    0 |    7 |      0 |      0 |          0 |
|                       (i_state_transition_cdc_src)                |                        cdc_4phase_src__2 |          7 |          7 |       0 |    0 |    5 |      0 |      0 |          0 |
|                       i_sync                                      |                  sync__parameterized0__5 |          1 |          1 |       0 |    0 |    2 |      0 |      0 |          0 |
|                 i_dst                                             | cdc_2phase_dst_clearable__parameterized0 |         37 |         37 |       0 |    0 |   39 |      0 |      0 |          0 |
|                   (i_dst)                                         | cdc_2phase_dst_clearable__parameterized0 |         36 |         36 |       0 |    0 |   36 |      0 |      0 |          0 |
|                   i_sync                                          |                                  sync__1 |          1 |          1 |       0 |    0 |    3 |      0 |      0 |          0 |
|                 i_src                                             | cdc_2phase_src_clearable__parameterized0 |         38 |         38 |       0 |    0 |   38 |      0 |      0 |          0 |
|                   (i_src)                                         | cdc_2phase_src_clearable__parameterized0 |         37 |         37 |       0 |    0 |   35 |      0 |      0 |          0 |
|                   i_sync                                          |                                  sync__2 |          1 |          1 |       0 |    0 |    3 |      0 |      0 |          0 |
|             i_dmi_jtag_tap                                        |                             dmi_jtag_tap |         57 |         57 |       0 |    0 |   60 |      0 |      0 |          0 |
|               (i_dmi_jtag_tap)                                    |                             dmi_jtag_tap |         56 |         56 |       0 |    0 |   60 |      0 |      0 |          0 |
|               i_dft_tck_mux                                       |                           tc_clk_mux2__1 |          0 |          0 |       0 |    0 |    0 |      0 |      0 |          0 |
|               i_tck_inv                                           |                          tc_clk_inverter |          1 |          1 |       0 |    0 |    0 |      0 |      0 |          0 |
|         peripherals_obi_to_apb                                    |                   peripherals_obi_to_apb |        285 |        285 |       0 |    0 |  100 |      0 |      0 |          0 |
|           i_obi_to_apb_gpio                                       |       obi_to_apb_intf__parameterized0__1 |          3 |          3 |       0 |    0 |   35 |      0 |      0 |          0 |
|           i_obi_to_apb_spi                                        |          obi_to_apb_intf__parameterized0 |          3 |          3 |       0 |    0 |   35 |      0 |      0 |          0 |
|           i_obi_to_apb_uart                                       |       obi_to_apb_intf__parameterized0__2 |          3 |          3 |       0 |    0 |   11 |      0 |      0 |          0 |
|           i_peripheral_obi_xbar                                   |            obi_xbar_intf__parameterized0 |        277 |        277 |       0 |    0 |   19 |      0 |      0 |          0 |
|             i_obi_xbar                                            |                 obi_xbar__parameterized0 |        277 |        277 |       0 |    0 |   19 |      0 |      0 |          0 |
|               gen_demux[1].i_addr_decode                          |              addr_decode__parameterized0 |         86 |         86 |       0 |    0 |    0 |      0 |      0 |          0 |
|                 i_addr_decode_dync                                |         addr_decode_dync__parameterized0 |         86 |         86 |       0 |    0 |    0 |      0 |      0 |          0 |
|               gen_demux[1].i_demux                                |                obi_demux__parameterized0 |        132 |        132 |       0 |    0 |    4 |      0 |      0 |          0 |
|                 (gen_demux[1].i_demux)                            |                obi_demux__parameterized0 |        131 |        131 |       0 |    0 |    2 |      0 |      0 |          0 |
|                 i_counter                                         |                         delta_counter__1 |          2 |          2 |       0 |    0 |    2 |      0 |      0 |          0 |
|               gen_mux[0].i_mux                                    |                               obi_mux__1 |         24 |         24 |       0 |    0 |    5 |      0 |      0 |          0 |
|                 (gen_mux[0].i_mux)                                |                               obi_mux__1 |         19 |         19 |       0 |    0 |    0 |      0 |      0 |          0 |
|                 gen_no_id_assign.i_fifo                           |                               fifo_v3__1 |          3 |          3 |       0 |    0 |    3 |      0 |      0 |          0 |
|                 i_rr_arb                                          |                           rr_arb_tree__1 |          2 |          2 |       0 |    0 |    2 |      0 |      0 |          0 |
|               gen_mux[1].i_mux                                    |                               obi_mux__2 |         12 |         12 |       0 |    0 |    5 |      0 |      0 |          0 |
|                 (gen_mux[1].i_mux)                                |                               obi_mux__2 |          7 |          7 |       0 |    0 |    0 |      0 |      0 |          0 |
|                 gen_no_id_assign.i_fifo                           |                               fifo_v3__2 |          3 |          3 |       0 |    0 |    3 |      0 |      0 |          0 |
|                 i_rr_arb                                          |                           rr_arb_tree__2 |          2 |          2 |       0 |    0 |    2 |      0 |      0 |          0 |
|               gen_mux[2].i_mux                                    |                               obi_mux__3 |         23 |         23 |       0 |    0 |    5 |      0 |      0 |          0 |
|                 (gen_mux[2].i_mux)                                |                               obi_mux__3 |         19 |         19 |       0 |    0 |    0 |      0 |      0 |          0 |
|                 gen_no_id_assign.i_fifo                           |                               fifo_v3__3 |          3 |          3 |       0 |    0 |    3 |      0 |      0 |          0 |
|                 i_rr_arb                                          |                           rr_arb_tree__3 |          2 |          2 |       0 |    0 |    2 |      0 |      0 |          0 |
|         sysctrl_obi_xbar                                          |                         sysctrl_obi_xbar |       1778 |       1778 |       0 |    0 |   75 |      0 |      0 |          0 |
|           i_sysctrl_main_obi_xbar                                 |            obi_xbar_intf__parameterized1 |       1778 |       1778 |       0 |    0 |   75 |      0 |      0 |          0 |
|             i_obi_xbar                                            |                 obi_xbar__parameterized1 |       1778 |       1778 |       0 |    0 |   75 |      0 |      0 |          0 |
|               gen_demux[0].i_addr_decode                          |           addr_decode__parameterized1__1 |        138 |        138 |       0 |    0 |    0 |      0 |      0 |          0 |
|                 i_addr_decode_dync                                |      addr_decode_dync__parameterized1__1 |        138 |        138 |       0 |    0 |    0 |      0 |      0 |          0 |
|               gen_demux[0].i_demux                                |             obi_demux__parameterized1__1 |        317 |        317 |       0 |    0 |    5 |      0 |      0 |          0 |
|                 (gen_demux[0].i_demux)                            |             obi_demux__parameterized1__1 |        315 |        315 |       0 |    0 |    3 |      0 |      0 |          0 |
|                 i_counter                                         |                         delta_counter__3 |          2 |          2 |       0 |    0 |    2 |      0 |      0 |          0 |
|               gen_demux[1].i_addr_decode                          |           addr_decode__parameterized1__2 |        131 |        131 |       0 |    0 |    0 |      0 |      0 |          0 |
|                 i_addr_decode_dync                                |      addr_decode_dync__parameterized1__2 |        131 |        131 |       0 |    0 |    0 |      0 |      0 |          0 |
|               gen_demux[1].i_demux                                |             obi_demux__parameterized1__2 |        276 |        276 |       0 |    0 |    5 |      0 |      0 |          0 |
|                 (gen_demux[1].i_demux)                            |             obi_demux__parameterized1__2 |        275 |        275 |       0 |    0 |    3 |      0 |      0 |          0 |
|                 i_counter                                         |                         delta_counter__4 |          2 |          2 |       0 |    0 |    2 |      0 |      0 |          0 |
|               gen_demux[2].i_addr_decode                          |              addr_decode__parameterized1 |        132 |        132 |       0 |    0 |    0 |      0 |      0 |          0 |
|                 i_addr_decode_dync                                |         addr_decode_dync__parameterized1 |        132 |        132 |       0 |    0 |    0 |      0 |      0 |          0 |
|               gen_demux[2].i_demux                                |                obi_demux__parameterized1 |        135 |        135 |       0 |    0 |    5 |      0 |      0 |          0 |
|                 (gen_demux[2].i_demux)                            |                obi_demux__parameterized1 |        134 |        134 |       0 |    0 |    3 |      0 |      0 |          0 |
|                 i_counter                                         |                         delta_counter__5 |          2 |          2 |       0 |    0 |    2 |      0 |      0 |          0 |
|               gen_mux[0].i_mux                                    |               obi_mux__parameterized0__1 |         54 |         54 |       0 |    0 |   10 |      0 |      0 |          0 |
|                 (gen_mux[0].i_mux)                                |               obi_mux__parameterized0__1 |          5 |          5 |       0 |    0 |    0 |      0 |      0 |          0 |
|                 gen_no_id_assign.i_fifo                           |               fifo_v3__parameterized1__1 |          4 |          4 |       0 |    0 |    4 |      0 |      0 |          0 |
|                 i_rr_arb                                          |           rr_arb_tree__parameterized0__1 |         45 |         45 |       0 |    0 |    6 |      0 |      0 |          0 |
|                   (i_rr_arb)                                      |           rr_arb_tree__parameterized0__1 |         43 |         43 |       0 |    0 |    6 |      0 |      0 |          0 |
|                   gen_arbiter.gen_int_rr.gen_fair_arb.i_lzc_lower |                   lzc__parameterized0__2 |          1 |          1 |       0 |    0 |    0 |      0 |      0 |          0 |
|                   gen_arbiter.gen_int_rr.gen_fair_arb.i_lzc_upper |                   lzc__parameterized0__3 |          1 |          1 |       0 |    0 |    0 |      0 |      0 |          0 |
|               gen_mux[1].i_mux                                    |               obi_mux__parameterized0__2 |        115 |        115 |       0 |    0 |   10 |      0 |      0 |          0 |
|                 (gen_mux[1].i_mux)                                |               obi_mux__parameterized0__2 |         52 |         52 |       0 |    0 |    0 |      0 |      0 |          0 |
|                 gen_no_id_assign.i_fifo                           |               fifo_v3__parameterized1__2 |          4 |          4 |       0 |    0 |    4 |      0 |      0 |          0 |
|                 i_rr_arb                                          |           rr_arb_tree__parameterized0__2 |         59 |         59 |       0 |    0 |    6 |      0 |      0 |          0 |
|                   (i_rr_arb)                                      |           rr_arb_tree__parameterized0__2 |         57 |         57 |       0 |    0 |    6 |      0 |      0 |          0 |
|                   gen_arbiter.gen_int_rr.gen_fair_arb.i_lzc_lower |                   lzc__parameterized0__4 |          1 |          1 |       0 |    0 |    0 |      0 |      0 |          0 |
|                   gen_arbiter.gen_int_rr.gen_fair_arb.i_lzc_upper |                   lzc__parameterized0__5 |          1 |          1 |       0 |    0 |    0 |      0 |      0 |          0 |
|               gen_mux[2].i_mux                                    |               obi_mux__parameterized0__3 |        131 |        131 |       0 |    0 |   10 |      0 |      0 |          0 |
|                 (gen_mux[2].i_mux)                                |               obi_mux__parameterized0__3 |         52 |         52 |       0 |    0 |    0 |      0 |      0 |          0 |
|                 gen_no_id_assign.i_fifo                           |               fifo_v3__parameterized1__3 |          4 |          4 |       0 |    0 |    4 |      0 |      0 |          0 |
|                 i_rr_arb                                          |           rr_arb_tree__parameterized0__3 |         75 |         75 |       0 |    0 |    6 |      0 |      0 |          0 |
|                   (i_rr_arb)                                      |           rr_arb_tree__parameterized0__3 |         73 |         73 |       0 |    0 |    6 |      0 |      0 |          0 |
|                   gen_arbiter.gen_int_rr.gen_fair_arb.i_lzc_lower |                   lzc__parameterized0__6 |          1 |          1 |       0 |    0 |    0 |      0 |      0 |          0 |
|                   gen_arbiter.gen_int_rr.gen_fair_arb.i_lzc_upper |                   lzc__parameterized0__7 |          1 |          1 |       0 |    0 |    0 |      0 |      0 |          0 |
|               gen_mux[3].i_mux                                    |               obi_mux__parameterized0__4 |        114 |        114 |       0 |    0 |   10 |      0 |      0 |          0 |
|                 (gen_mux[3].i_mux)                                |               obi_mux__parameterized0__4 |         51 |         51 |       0 |    0 |    0 |      0 |      0 |          0 |
|                 gen_no_id_assign.i_fifo                           |               fifo_v3__parameterized1__4 |          4 |          4 |       0 |    0 |    4 |      0 |      0 |          0 |
|                 i_rr_arb                                          |           rr_arb_tree__parameterized0__4 |         59 |         59 |       0 |    0 |    6 |      0 |      0 |          0 |
|                   (i_rr_arb)                                      |           rr_arb_tree__parameterized0__4 |         57 |         57 |       0 |    0 |    6 |      0 |      0 |          0 |
|                   gen_arbiter.gen_int_rr.gen_fair_arb.i_lzc_lower |                   lzc__parameterized0__8 |          1 |          1 |       0 |    0 |    0 |      0 |      0 |          0 |
|                   gen_arbiter.gen_int_rr.gen_fair_arb.i_lzc_upper |                   lzc__parameterized0__9 |          1 |          1 |       0 |    0 |    0 |      0 |      0 |          0 |
|               gen_mux[4].i_mux                                    |               obi_mux__parameterized0__5 |        121 |        121 |       0 |    0 |   10 |      0 |      0 |          0 |
|                 (gen_mux[4].i_mux)                                |               obi_mux__parameterized0__5 |         52 |         52 |       0 |    0 |    0 |      0 |      0 |          0 |
|                 gen_no_id_assign.i_fifo                           |               fifo_v3__parameterized1__5 |          4 |          4 |       0 |    0 |    4 |      0 |      0 |          0 |
|                 i_rr_arb                                          |           rr_arb_tree__parameterized0__5 |         65 |         65 |       0 |    0 |    6 |      0 |      0 |          0 |
|                   (i_rr_arb)                                      |           rr_arb_tree__parameterized0__5 |         63 |         63 |       0 |    0 |    6 |      0 |      0 |          0 |
|                   gen_arbiter.gen_int_rr.gen_fair_arb.i_lzc_lower |                  lzc__parameterized0__10 |          1 |          1 |       0 |    0 |    0 |      0 |      0 |          0 |
|                   gen_arbiter.gen_int_rr.gen_fair_arb.i_lzc_upper |                  lzc__parameterized0__11 |          1 |          1 |       0 |    0 |    0 |      0 |      0 |          0 |
|               gen_mux[5].i_mux                                    |                  obi_mux__parameterized0 |        118 |        118 |       0 |    0 |   10 |      0 |      0 |          0 |
|                 (gen_mux[5].i_mux)                                |                  obi_mux__parameterized0 |         52 |         52 |       0 |    0 |    0 |      0 |      0 |          0 |
|                 gen_no_id_assign.i_fifo                           |                  fifo_v3__parameterized1 |          4 |          4 |       0 |    0 |    4 |      0 |      0 |          0 |
|                 i_rr_arb                                          |              rr_arb_tree__parameterized0 |         62 |         62 |       0 |    0 |    6 |      0 |      0 |          0 |
|                   (i_rr_arb)                                      |              rr_arb_tree__parameterized0 |         60 |         60 |       0 |    0 |    6 |      0 |      0 |          0 |
|                   gen_arbiter.gen_int_rr.gen_fair_arb.i_lzc_lower |                      lzc__parameterized0 |          1 |          1 |       0 |    0 |    0 |      0 |      0 |          0 |
|                   gen_arbiter.gen_int_rr.gen_fair_arb.i_lzc_upper |                   lzc__parameterized0__1 |          1 |          1 |       0 |    0 |    0 |      0 |      0 |          0 |
|       i_io_cell_frame                                             |                    io_cell_frame_sysctrl |          0 |          0 |       0 |    0 |    0 |      0 |      0 |          0 |
|         gen_gpio[0].i_io_cell_gpio                                |                       io_cell_wrapper__1 |          0 |          0 |       0 |    0 |    0 |      0 |      0 |          0 |
|         gen_gpio[10].i_io_cell_gpio                               |                      io_cell_wrapper__11 |          0 |          0 |       0 |    0 |    0 |      0 |      0 |          0 |
|         gen_gpio[11].i_io_cell_gpio                               |                      io_cell_wrapper__12 |          0 |          0 |       0 |    0 |    0 |      0 |      0 |          0 |
|         gen_gpio[12].i_io_cell_gpio                               |                      io_cell_wrapper__13 |          0 |          0 |       0 |    0 |    0 |      0 |      0 |          0 |
|         gen_gpio[13].i_io_cell_gpio                               |                      io_cell_wrapper__14 |          0 |          0 |       0 |    0 |    0 |      0 |      0 |          0 |
|         gen_gpio[14].i_io_cell_gpio                               |                      io_cell_wrapper__15 |          0 |          0 |       0 |    0 |    0 |      0 |      0 |          0 |
|         gen_gpio[15].i_io_cell_gpio                               |                      io_cell_wrapper__16 |          0 |          0 |       0 |    0 |    0 |      0 |      0 |          0 |
|         gen_gpio[1].i_io_cell_gpio                                |                       io_cell_wrapper__2 |          0 |          0 |       0 |    0 |    0 |      0 |      0 |          0 |
|         gen_gpio[2].i_io_cell_gpio                                |                       io_cell_wrapper__3 |          0 |          0 |       0 |    0 |    0 |      0 |      0 |          0 |
|         gen_gpio[3].i_io_cell_gpio                                |                       io_cell_wrapper__4 |          0 |          0 |       0 |    0 |    0 |      0 |      0 |          0 |
|         gen_gpio[4].i_io_cell_gpio                                |                       io_cell_wrapper__5 |          0 |          0 |       0 |    0 |    0 |      0 |      0 |          0 |
|         gen_gpio[5].i_io_cell_gpio                                |                       io_cell_wrapper__6 |          0 |          0 |       0 |    0 |    0 |      0 |      0 |          0 |
|         gen_gpio[6].i_io_cell_gpio                                |                       io_cell_wrapper__7 |          0 |          0 |       0 |    0 |    0 |      0 |      0 |          0 |
|         gen_gpio[7].i_io_cell_gpio                                |                       io_cell_wrapper__8 |          0 |          0 |       0 |    0 |    0 |      0 |      0 |          0 |
|         gen_gpio[8].i_io_cell_gpio                                |                       io_cell_wrapper__9 |          0 |          0 |       0 |    0 |    0 |      0 |      0 |          0 |
|         gen_gpio[9].i_io_cell_gpio                                |                      io_cell_wrapper__10 |          0 |          0 |       0 |    0 |    0 |      0 |      0 |          0 |
|         i_io_cell_jtag_tck                                        |       io_cell_wrapper__parameterized0__2 |          0 |          0 |       0 |    0 |    0 |      0 |      0 |          0 |
|         i_io_cell_jtag_tdi                                        |       io_cell_wrapper__parameterized0__5 |          0 |          0 |       0 |    0 |    0 |      0 |      0 |          0 |
|         i_io_cell_jtag_tdo                                        |       io_cell_wrapper__parameterized1__1 |          0 |          0 |       0 |    0 |    0 |      0 |      0 |          0 |
|         i_io_cell_jtag_tms                                        |       io_cell_wrapper__parameterized0__3 |          0 |          0 |       0 |    0 |    0 |      0 |      0 |          0 |
|         i_io_cell_jtag_trst                                       |       io_cell_wrapper__parameterized0__4 |          0 |          0 |       0 |    0 |    0 |      0 |      0 |          0 |
|         i_io_cell_rst                                             |       io_cell_wrapper__parameterized0__1 |          0 |          0 |       0 |    0 |    0 |      0 |      0 |          0 |
|         i_io_cell_spim_csn0                                       |       io_cell_wrapper__parameterized1__4 |          0 |          0 |       0 |    0 |    0 |      0 |      0 |          0 |
|         i_io_cell_spim_csn1                                       |          io_cell_wrapper__parameterized1 |          0 |          0 |       0 |    0 |    0 |      0 |      0 |          0 |
|         i_io_cell_spim_data0                                      |                      io_cell_wrapper__17 |          0 |          0 |       0 |    0 |    0 |      0 |      0 |          0 |
|         i_io_cell_spim_data1                                      |                      io_cell_wrapper__18 |          0 |          0 |       0 |    0 |    0 |      0 |      0 |          0 |
|         i_io_cell_spim_data2                                      |                      io_cell_wrapper__19 |          0 |          0 |       0 |    0 |    0 |      0 |      0 |          0 |
|         i_io_cell_spim_data3                                      |                          io_cell_wrapper |          0 |          0 |       0 |    0 |    0 |      0 |      0 |          0 |
|         i_io_cell_spim_sck                                        |       io_cell_wrapper__parameterized1__3 |          0 |          0 |       0 |    0 |    0 |      0 |      0 |          0 |
|         i_io_cell_uart_rx                                         |          io_cell_wrapper__parameterized0 |          0 |          0 |       0 |    0 |    0 |      0 |      0 |          0 |
|         i_io_cell_uart_tx                                         |       io_cell_wrapper__parameterized1__2 |          0 |          0 |       0 |    0 |    0 |      0 |      0 |          0 |
|       i_pmod_mux                                                  |                                 pmod_mux |         32 |         32 |       0 |    0 |    0 |      0 |      0 |          0 |
|       rstgen_0                                                    |                                   rstgen |          1 |          1 |       0 |    0 |    4 |      0 |      0 |          0 |
|         i_rstgen_bypass                                           |                            rstgen_bypass |          1 |          1 |       0 |    0 |    4 |      0 |      0 |          0 |
|           (i_rstgen_bypass)                                       |                            rstgen_bypass |          1 |          1 |       0 |    0 |    4 |      0 |      0 |          0 |
|           i_tc_clk_mux2_rst_n                                     |                           tc_clk_mux2__2 |          0 |          0 |       0 |    0 |    0 |      0 |      0 |          0 |
|           i_tc_clk_mux2_rst_no                                    |                           tc_clk_mux2__3 |          0 |          0 |       0 |    0 |    0 |      0 |      0 |          0 |
|     student_wrapper_1                                             |                        student_wrapper_0 |          3 |          3 |       0 |    0 |    2 |      0 |      0 |          0 |
|       i_subsystem_0                                               |                             subsystem__1 |          3 |          3 |       0 |    0 |    2 |      0 |      0 |          0 |
|         u_apb_interface                                           |                         apb_interface__2 |          3 |          3 |       0 |    0 |    2 |      0 |      0 |          0 |
|     student_wrapper_2                                             |                        student_wrapper_1 |          3 |          3 |       0 |    0 |    2 |      0 |      0 |          0 |
|       i_subsystem_1                                               |                             subsystem__2 |          3 |          3 |       0 |    0 |    2 |      0 |      0 |          0 |
|         u_apb_interface                                           |                            apb_interface |          3 |          3 |       0 |    0 |    2 |      0 |      0 |          0 |
|     student_wrapper_3                                             |                        student_wrapper_2 |          3 |          3 |       0 |    0 |    2 |      0 |      0 |          0 |
|       i_subsystem_2                                               |                             subsystem__3 |          3 |          3 |       0 |    0 |    2 |      0 |      0 |          0 |
|         u_apb_interface                                           |                         apb_interface__3 |          3 |          3 |       0 |    0 |    2 |      0 |      0 |          0 |
|     student_wrapper_4                                             |                        student_wrapper_3 |          3 |          3 |       0 |    0 |    2 |      0 |      0 |          0 |
|       i_subsystem_3                                               |                             subsystem__4 |          3 |          3 |       0 |    0 |    2 |      0 |      0 |          0 |
|         u_apb_interface                                           |                         apb_interface__4 |          3 |          3 |       0 |    0 |    2 |      0 |      0 |          0 |
|     student_wrapper_5                                             |                        student_wrapper_4 |          3 |          3 |       0 |    0 |    2 |      0 |      0 |          0 |
|       i_subsystem_4                                               |                             subsystem__5 |          3 |          3 |       0 |    0 |    2 |      0 |      0 |          0 |
|         u_apb_interface                                           |                         apb_interface__5 |          3 |          3 |       0 |    0 |    2 |      0 |      0 |          0 |
|     student_wrapper_6                                             |                        student_wrapper_5 |          3 |          3 |       0 |    0 |    2 |      0 |      0 |          0 |
|       i_subsystem_5                                               |                             subsystem__6 |          3 |          3 |       0 |    0 |    2 |      0 |      0 |          0 |
|         u_apb_interface                                           |                         apb_interface__6 |          3 |          3 |       0 |    0 |    2 |      0 |      0 |          0 |
|     student_wrapper_7                                             |                        student_wrapper_6 |          3 |          3 |       0 |    0 |    2 |      0 |      0 |          0 |
|       i_subsystem_6                                               |                                subsystem |          3 |          3 |       0 |    0 |    2 |      0 |      0 |          0 |
|         u_apb_interface                                           |                         apb_interface__1 |          3 |          3 |       0 |    0 |    2 |      0 |      0 |          0 |
+-------------------------------------------------------------------+------------------------------------------+------------+------------+---------+------+------+--------+--------+------------+
* Note: The sum of lower-level cells may be larger than their parent cells total, due to cross-hierarchy LUT combining


