#-----------------------------------------------------------
# Vivado v2024.1 (64-bit)
# SW Build 5076996 on Wed May 22 18:36:09 MDT 2024
# IP Build 5075265 on Wed May 22 21:45:21 MDT 2024
# SharedData Build 5076995 on Wed May 22 18:29:18 MDT 2024
# Start of session at: Thu Jul  2 17:47:07 2026
# Process ID: 44586
# Current directory: /nas/ei/home/ge87dix/Edu4Chip/Didactic-SoC/fpga
# Command line: vivado -mode batch -notrace -source ../fpga/scripts/run_xilinx.tcl
# Log file: /nas/ei/home/ge87dix/Edu4Chip/Didactic-SoC/fpga/vivado.log
# Journal file: /nas/ei/home/ge87dix/Edu4Chip/Didactic-SoC/fpga/vivado.jou
# Running On        :linux10.clients.eikon.tum.de
# Platform          :Ubuntu
# Operating System  :Ubuntu 24.04.4 LTS
# Processor Detail  :AMD Ryzen 5 PRO 8500G w/ Radeon 740M Graphics
# CPU Frequency     :2968.395 MHz
# CPU Physical cores:6
# CPU Logical cores :12
# Host memory       :32738 MB
# Swap memory       :1073 MB
# Total Virtual     :33812 MB
# Available Virtual :30541 MB
#-----------------------------------------------------------
source ../fpga/scripts/run_xilinx.tcl -notrace
update_compile_order: Time (s): cpu = 00:00:09 ; elapsed = 00:00:13 . Memory (MB): peak = 1473.348 ; gain = 19.574 ; free physical = 24171 ; free virtual = 28660
Command: synth_design -rtl -name rtl_1 -sfcu
Starting synth_design
Using part: xc7z020clg400-1
Top: DidacticZ1
INFO: [Device 21-403] Loading part xc7z020clg400-1
INFO: [Device 21-9227] Part: xc7z020clg400-1 does not have CEAM library.
INFO: [Synth 8-7079] Multithreading enabled for synth_design using a maximum of 4 processes.
INFO: [Synth 8-7078] Launching helper process for spawning children vivado processes
INFO: [Synth 8-7075] Helper process launched with PID 44906
---------------------------------------------------------------------------------
Starting RTL Elaboration : Time (s): cpu = 00:00:02 ; elapsed = 00:00:05 . Memory (MB): peak = 2242.594 ; gain = 413.746 ; free physical = 23140 ; free virtual = 27629
---------------------------------------------------------------------------------
WARNING: [Synth 8-11067] parameter 'ADDR_W' declared inside package 'ibex_pkg' shall be treated as localparam [/nas/ei/home/ge87dix/Edu4Chip/Didactic-SoC/vendor_ips/ibex/rtl/ibex_pkg.sv:367]
WARNING: [Synth 8-11067] parameter 'BUS_SIZE' declared inside package 'ibex_pkg' shall be treated as localparam [/nas/ei/home/ge87dix/Edu4Chip/Didactic-SoC/vendor_ips/ibex/rtl/ibex_pkg.sv:368]
WARNING: [Synth 8-11067] parameter 'BUS_BYTES' declared inside package 'ibex_pkg' shall be treated as localparam [/nas/ei/home/ge87dix/Edu4Chip/Didactic-SoC/vendor_ips/ibex/rtl/ibex_pkg.sv:369]
WARNING: [Synth 8-11067] parameter 'BUS_W' declared inside package 'ibex_pkg' shall be treated as localparam [/nas/ei/home/ge87dix/Edu4Chip/Didactic-SoC/vendor_ips/ibex/rtl/ibex_pkg.sv:370]
WARNING: [Synth 8-11067] parameter 'IC_SIZE_BYTES' declared inside package 'ibex_pkg' shall be treated as localparam [/nas/ei/home/ge87dix/Edu4Chip/Didactic-SoC/vendor_ips/ibex/rtl/ibex_pkg.sv:371]
WARNING: [Synth 8-11067] parameter 'IC_NUM_WAYS' declared inside package 'ibex_pkg' shall be treated as localparam [/nas/ei/home/ge87dix/Edu4Chip/Didactic-SoC/vendor_ips/ibex/rtl/ibex_pkg.sv:372]
WARNING: [Synth 8-11067] parameter 'IC_LINE_SIZE' declared inside package 'ibex_pkg' shall be treated as localparam [/nas/ei/home/ge87dix/Edu4Chip/Didactic-SoC/vendor_ips/ibex/rtl/ibex_pkg.sv:373]
WARNING: [Synth 8-11067] parameter 'IC_LINE_BYTES' declared inside package 'ibex_pkg' shall be treated as localparam [/nas/ei/home/ge87dix/Edu4Chip/Didactic-SoC/vendor_ips/ibex/rtl/ibex_pkg.sv:374]
WARNING: [Synth 8-11067] parameter 'IC_LINE_W' declared inside package 'ibex_pkg' shall be treated as localparam [/nas/ei/home/ge87dix/Edu4Chip/Didactic-SoC/vendor_ips/ibex/rtl/ibex_pkg.sv:375]
WARNING: [Synth 8-11067] parameter 'IC_NUM_LINES' declared inside package 'ibex_pkg' shall be treated as localparam [/nas/ei/home/ge87dix/Edu4Chip/Didactic-SoC/vendor_ips/ibex/rtl/ibex_pkg.sv:376]
WARNING: [Synth 8-11067] parameter 'IC_LINE_BEATS' declared inside package 'ibex_pkg' shall be treated as localparam [/nas/ei/home/ge87dix/Edu4Chip/Didactic-SoC/vendor_ips/ibex/rtl/ibex_pkg.sv:377]
WARNING: [Synth 8-11067] parameter 'IC_LINE_BEATS_W' declared inside package 'ibex_pkg' shall be treated as localparam [/nas/ei/home/ge87dix/Edu4Chip/Didactic-SoC/vendor_ips/ibex/rtl/ibex_pkg.sv:378]
WARNING: [Synth 8-11067] parameter 'IC_INDEX_W' declared inside package 'ibex_pkg' shall be treated as localparam [/nas/ei/home/ge87dix/Edu4Chip/Didactic-SoC/vendor_ips/ibex/rtl/ibex_pkg.sv:379]
WARNING: [Synth 8-11067] parameter 'IC_INDEX_HI' declared inside package 'ibex_pkg' shall be treated as localparam [/nas/ei/home/ge87dix/Edu4Chip/Didactic-SoC/vendor_ips/ibex/rtl/ibex_pkg.sv:380]
WARNING: [Synth 8-11067] parameter 'IC_TAG_SIZE' declared inside package 'ibex_pkg' shall be treated as localparam [/nas/ei/home/ge87dix/Edu4Chip/Didactic-SoC/vendor_ips/ibex/rtl/ibex_pkg.sv:381]
WARNING: [Synth 8-11067] parameter 'IC_OUTPUT_BEATS' declared inside package 'ibex_pkg' shall be treated as localparam [/nas/ei/home/ge87dix/Edu4Chip/Didactic-SoC/vendor_ips/ibex/rtl/ibex_pkg.sv:382]
WARNING: [Synth 8-11067] parameter 'SCRAMBLE_KEY_W' declared inside package 'ibex_pkg' shall be treated as localparam [/nas/ei/home/ge87dix/Edu4Chip/Didactic-SoC/vendor_ips/ibex/rtl/ibex_pkg.sv:384]
WARNING: [Synth 8-11067] parameter 'SCRAMBLE_NONCE_W' declared inside package 'ibex_pkg' shall be treated as localparam [/nas/ei/home/ge87dix/Edu4Chip/Didactic-SoC/vendor_ips/ibex/rtl/ibex_pkg.sv:385]
WARNING: [Synth 8-11067] parameter 'PMP_MAX_REGIONS' declared inside package 'ibex_pkg' shall be treated as localparam [/nas/ei/home/ge87dix/Edu4Chip/Didactic-SoC/vendor_ips/ibex/rtl/ibex_pkg.sv:388]
WARNING: [Synth 8-11067] parameter 'PMP_CFG_W' declared inside package 'ibex_pkg' shall be treated as localparam [/nas/ei/home/ge87dix/Edu4Chip/Didactic-SoC/vendor_ips/ibex/rtl/ibex_pkg.sv:389]
WARNING: [Synth 8-11067] parameter 'PMP_I' declared inside package 'ibex_pkg' shall be treated as localparam [/nas/ei/home/ge87dix/Edu4Chip/Didactic-SoC/vendor_ips/ibex/rtl/ibex_pkg.sv:392]
WARNING: [Synth 8-11067] parameter 'PMP_I2' declared inside package 'ibex_pkg' shall be treated as localparam [/nas/ei/home/ge87dix/Edu4Chip/Didactic-SoC/vendor_ips/ibex/rtl/ibex_pkg.sv:393]
WARNING: [Synth 8-11067] parameter 'PMP_D' declared inside package 'ibex_pkg' shall be treated as localparam [/nas/ei/home/ge87dix/Edu4Chip/Didactic-SoC/vendor_ips/ibex/rtl/ibex_pkg.sv:394]
WARNING: [Synth 8-11067] parameter 'CSR_OFF_PMP_CFG' declared inside package 'ibex_pkg' shall be treated as localparam [/nas/ei/home/ge87dix/Edu4Chip/Didactic-SoC/vendor_ips/ibex/rtl/ibex_pkg.sv:594]
WARNING: [Synth 8-11067] parameter 'CSR_OFF_PMP_ADDR' declared inside package 'ibex_pkg' shall be treated as localparam [/nas/ei/home/ge87dix/Edu4Chip/Didactic-SoC/vendor_ips/ibex/rtl/ibex_pkg.sv:595]
WARNING: [Synth 8-11067] parameter 'CSR_MSTATUS_MIE_BIT' declared inside package 'ibex_pkg' shall be treated as localparam [/nas/ei/home/ge87dix/Edu4Chip/Didactic-SoC/vendor_ips/ibex/rtl/ibex_pkg.sv:598]
WARNING: [Synth 8-11067] parameter 'CSR_MSTATUS_MPIE_BIT' declared inside package 'ibex_pkg' shall be treated as localparam [/nas/ei/home/ge87dix/Edu4Chip/Didactic-SoC/vendor_ips/ibex/rtl/ibex_pkg.sv:599]
WARNING: [Synth 8-11067] parameter 'CSR_MSTATUS_MPP_BIT_LOW' declared inside package 'ibex_pkg' shall be treated as localparam [/nas/ei/home/ge87dix/Edu4Chip/Didactic-SoC/vendor_ips/ibex/rtl/ibex_pkg.sv:600]
WARNING: [Synth 8-11067] parameter 'CSR_MSTATUS_MPP_BIT_HIGH' declared inside package 'ibex_pkg' shall be treated as localparam [/nas/ei/home/ge87dix/Edu4Chip/Didactic-SoC/vendor_ips/ibex/rtl/ibex_pkg.sv:601]
WARNING: [Synth 8-11067] parameter 'CSR_MSTATUS_MPRV_BIT' declared inside package 'ibex_pkg' shall be treated as localparam [/nas/ei/home/ge87dix/Edu4Chip/Didactic-SoC/vendor_ips/ibex/rtl/ibex_pkg.sv:602]
WARNING: [Synth 8-11067] parameter 'CSR_MSTATUS_TW_BIT' declared inside package 'ibex_pkg' shall be treated as localparam [/nas/ei/home/ge87dix/Edu4Chip/Didactic-SoC/vendor_ips/ibex/rtl/ibex_pkg.sv:603]
WARNING: [Synth 8-11067] parameter 'CSR_MISA_MXL' declared inside package 'ibex_pkg' shall be treated as localparam [/nas/ei/home/ge87dix/Edu4Chip/Didactic-SoC/vendor_ips/ibex/rtl/ibex_pkg.sv:606]
WARNING: [Synth 8-11067] parameter 'CSR_MSIX_BIT' declared inside package 'ibex_pkg' shall be treated as localparam [/nas/ei/home/ge87dix/Edu4Chip/Didactic-SoC/vendor_ips/ibex/rtl/ibex_pkg.sv:609]
WARNING: [Synth 8-11067] parameter 'CSR_MTIX_BIT' declared inside package 'ibex_pkg' shall be treated as localparam [/nas/ei/home/ge87dix/Edu4Chip/Didactic-SoC/vendor_ips/ibex/rtl/ibex_pkg.sv:610]
WARNING: [Synth 8-11067] parameter 'CSR_MEIX_BIT' declared inside package 'ibex_pkg' shall be treated as localparam [/nas/ei/home/ge87dix/Edu4Chip/Didactic-SoC/vendor_ips/ibex/rtl/ibex_pkg.sv:611]
WARNING: [Synth 8-11067] parameter 'CSR_MFIX_BIT_LOW' declared inside package 'ibex_pkg' shall be treated as localparam [/nas/ei/home/ge87dix/Edu4Chip/Didactic-SoC/vendor_ips/ibex/rtl/ibex_pkg.sv:612]
WARNING: [Synth 8-11067] parameter 'CSR_MFIX_BIT_HIGH' declared inside package 'ibex_pkg' shall be treated as localparam [/nas/ei/home/ge87dix/Edu4Chip/Didactic-SoC/vendor_ips/ibex/rtl/ibex_pkg.sv:613]
WARNING: [Synth 8-11067] parameter 'CSR_MSECCFG_MML_BIT' declared inside package 'ibex_pkg' shall be treated as localparam [/nas/ei/home/ge87dix/Edu4Chip/Didactic-SoC/vendor_ips/ibex/rtl/ibex_pkg.sv:616]
WARNING: [Synth 8-11067] parameter 'CSR_MSECCFG_MMWP_BIT' declared inside package 'ibex_pkg' shall be treated as localparam [/nas/ei/home/ge87dix/Edu4Chip/Didactic-SoC/vendor_ips/ibex/rtl/ibex_pkg.sv:617]
WARNING: [Synth 8-11067] parameter 'CSR_MSECCFG_RLB_BIT' declared inside package 'ibex_pkg' shall be treated as localparam [/nas/ei/home/ge87dix/Edu4Chip/Didactic-SoC/vendor_ips/ibex/rtl/ibex_pkg.sv:618]
WARNING: [Synth 8-11067] parameter 'LfsrWidth' declared inside package 'ibex_pkg' shall be treated as localparam [/nas/ei/home/ge87dix/Edu4Chip/Didactic-SoC/vendor_ips/ibex/rtl/ibex_pkg.sv:633]
WARNING: [Synth 8-11067] parameter 'RndCnstLfsrSeedDefault' declared inside package 'ibex_pkg' shall be treated as localparam [/nas/ei/home/ge87dix/Edu4Chip/Didactic-SoC/vendor_ips/ibex/rtl/ibex_pkg.sv:636]
WARNING: [Synth 8-11067] parameter 'RndCnstLfsrPermDefault' declared inside package 'ibex_pkg' shall be treated as localparam [/nas/ei/home/ge87dix/Edu4Chip/Didactic-SoC/vendor_ips/ibex/rtl/ibex_pkg.sv:637]
WARNING: [Synth 8-11067] parameter 'RndCnstIbexKeyDefault' declared inside package 'ibex_pkg' shall be treated as localparam [/nas/ei/home/ge87dix/Edu4Chip/Didactic-SoC/vendor_ips/ibex/rtl/ibex_pkg.sv:640]
WARNING: [Synth 8-11067] parameter 'RndCnstIbexNonceDefault' declared inside package 'ibex_pkg' shall be treated as localparam [/nas/ei/home/ge87dix/Edu4Chip/Didactic-SoC/vendor_ips/ibex/rtl/ibex_pkg.sv:642]
WARNING: [Synth 8-11067] parameter 'IbexMuBiWidth' declared inside package 'ibex_pkg' shall be treated as localparam [/nas/ei/home/ge87dix/Edu4Chip/Didactic-SoC/vendor_ips/ibex/rtl/ibex_pkg.sv:647]
WARNING: [Synth 8-11067] parameter 'IbexMuBiOn' declared inside package 'ibex_pkg' shall be treated as localparam [/nas/ei/home/ge87dix/Edu4Chip/Didactic-SoC/vendor_ips/ibex/rtl/ibex_pkg.sv:654]
WARNING: [Synth 8-11067] parameter 'IbexMuBiOff' declared inside package 'ibex_pkg' shall be treated as localparam [/nas/ei/home/ge87dix/Edu4Chip/Didactic-SoC/vendor_ips/ibex/rtl/ibex_pkg.sv:655]
WARNING: [Synth 8-11067] parameter 'PmpCfgRst' declared inside package 'ibex_pkg' shall be treated as localparam [/nas/ei/home/ge87dix/Edu4Chip/Didactic-SoC/vendor_ips/ibex/rtl/ibex_pkg.sv:664]
WARNING: [Synth 8-11067] parameter 'PmpAddrRst' declared inside package 'ibex_pkg' shall be treated as localparam [/nas/ei/home/ge87dix/Edu4Chip/Didactic-SoC/vendor_ips/ibex/rtl/ibex_pkg.sv:686]
WARNING: [Synth 8-11067] parameter 'PmpMseccfgRst' declared inside package 'ibex_pkg' shall be treated as localparam [/nas/ei/home/ge87dix/Edu4Chip/Didactic-SoC/vendor_ips/ibex/rtl/ibex_pkg.sv:705]
WARNING: [Synth 8-11067] parameter 'RAM_1P_CFG_DEFAULT' declared inside package 'prim_ram_1p_pkg' shall be treated as localparam [/nas/ei/home/ge87dix/Edu4Chip/Didactic-SoC/vendor_ips/ibex/vendor/lowrisc_ip/ip/prim/rtl/prim_ram_1p_pkg.sv:18]
WARNING: [Synth 8-11067] parameter 'Secded2216ZeroEcc' declared inside package 'prim_secded_pkg' shall be treated as localparam [/nas/ei/home/ge87dix/Edu4Chip/Didactic-SoC/vendor_ips/ibex/vendor/lowrisc_ip/ip/prim/rtl/prim_secded_pkg.sv:81]
WARNING: [Synth 8-11067] parameter 'Secded2216ZeroWord' declared inside package 'prim_secded_pkg' shall be treated as localparam [/nas/ei/home/ge87dix/Edu4Chip/Didactic-SoC/vendor_ips/ibex/vendor/lowrisc_ip/ip/prim/rtl/prim_secded_pkg.sv:82]
WARNING: [Synth 8-11067] parameter 'Secded2822ZeroEcc' declared inside package 'prim_secded_pkg' shall be treated as localparam [/nas/ei/home/ge87dix/Edu4Chip/Didactic-SoC/vendor_ips/ibex/vendor/lowrisc_ip/ip/prim/rtl/prim_secded_pkg.sv:90]
WARNING: [Synth 8-11067] parameter 'Secded2822ZeroWord' declared inside package 'prim_secded_pkg' shall be treated as localparam [/nas/ei/home/ge87dix/Edu4Chip/Didactic-SoC/vendor_ips/ibex/vendor/lowrisc_ip/ip/prim/rtl/prim_secded_pkg.sv:91]
WARNING: [Synth 8-11067] parameter 'Secded3932ZeroEcc' declared inside package 'prim_secded_pkg' shall be treated as localparam [/nas/ei/home/ge87dix/Edu4Chip/Didactic-SoC/vendor_ips/ibex/vendor/lowrisc_ip/ip/prim/rtl/prim_secded_pkg.sv:99]
WARNING: [Synth 8-11067] parameter 'Secded3932ZeroWord' declared inside package 'prim_secded_pkg' shall be treated as localparam [/nas/ei/home/ge87dix/Edu4Chip/Didactic-SoC/vendor_ips/ibex/vendor/lowrisc_ip/ip/prim/rtl/prim_secded_pkg.sv:100]
WARNING: [Synth 8-11067] parameter 'Secded6457ZeroEcc' declared inside package 'prim_secded_pkg' shall be treated as localparam [/nas/ei/home/ge87dix/Edu4Chip/Didactic-SoC/vendor_ips/ibex/vendor/lowrisc_ip/ip/prim/rtl/prim_secded_pkg.sv:108]
WARNING: [Synth 8-11067] parameter 'Secded6457ZeroWord' declared inside package 'prim_secded_pkg' shall be treated as localparam [/nas/ei/home/ge87dix/Edu4Chip/Didactic-SoC/vendor_ips/ibex/vendor/lowrisc_ip/ip/prim/rtl/prim_secded_pkg.sv:109]
WARNING: [Synth 8-11067] parameter 'Secded7264ZeroEcc' declared inside package 'prim_secded_pkg' shall be treated as localparam [/nas/ei/home/ge87dix/Edu4Chip/Didactic-SoC/vendor_ips/ibex/vendor/lowrisc_ip/ip/prim/rtl/prim_secded_pkg.sv:117]
WARNING: [Synth 8-11067] parameter 'Secded7264ZeroWord' declared inside package 'prim_secded_pkg' shall be treated as localparam [/nas/ei/home/ge87dix/Edu4Chip/Didactic-SoC/vendor_ips/ibex/vendor/lowrisc_ip/ip/prim/rtl/prim_secded_pkg.sv:118]
WARNING: [Synth 8-11067] parameter 'SecdedHamming2216ZeroEcc' declared inside package 'prim_secded_pkg' shall be treated as localparam [/nas/ei/home/ge87dix/Edu4Chip/Didactic-SoC/vendor_ips/ibex/vendor/lowrisc_ip/ip/prim/rtl/prim_secded_pkg.sv:126]
WARNING: [Synth 8-11067] parameter 'SecdedHamming2216ZeroWord' declared inside package 'prim_secded_pkg' shall be treated as localparam [/nas/ei/home/ge87dix/Edu4Chip/Didactic-SoC/vendor_ips/ibex/vendor/lowrisc_ip/ip/prim/rtl/prim_secded_pkg.sv:127]
WARNING: [Synth 8-11067] parameter 'SecdedHamming3932ZeroEcc' declared inside package 'prim_secded_pkg' shall be treated as localparam [/nas/ei/home/ge87dix/Edu4Chip/Didactic-SoC/vendor_ips/ibex/vendor/lowrisc_ip/ip/prim/rtl/prim_secded_pkg.sv:135]
WARNING: [Synth 8-11067] parameter 'SecdedHamming3932ZeroWord' declared inside package 'prim_secded_pkg' shall be treated as localparam [/nas/ei/home/ge87dix/Edu4Chip/Didactic-SoC/vendor_ips/ibex/vendor/lowrisc_ip/ip/prim/rtl/prim_secded_pkg.sv:136]
WARNING: [Synth 8-11067] parameter 'SecdedHamming7264ZeroEcc' declared inside package 'prim_secded_pkg' shall be treated as localparam [/nas/ei/home/ge87dix/Edu4Chip/Didactic-SoC/vendor_ips/ibex/vendor/lowrisc_ip/ip/prim/rtl/prim_secded_pkg.sv:144]
WARNING: [Synth 8-11067] parameter 'SecdedHamming7264ZeroWord' declared inside package 'prim_secded_pkg' shall be treated as localparam [/nas/ei/home/ge87dix/Edu4Chip/Didactic-SoC/vendor_ips/ibex/vendor/lowrisc_ip/ip/prim/rtl/prim_secded_pkg.sv:145]
WARNING: [Synth 8-11067] parameter 'SecdedHamming7668ZeroEcc' declared inside package 'prim_secded_pkg' shall be treated as localparam [/nas/ei/home/ge87dix/Edu4Chip/Didactic-SoC/vendor_ips/ibex/vendor/lowrisc_ip/ip/prim/rtl/prim_secded_pkg.sv:153]
WARNING: [Synth 8-11067] parameter 'SecdedHamming7668ZeroWord' declared inside package 'prim_secded_pkg' shall be treated as localparam [/nas/ei/home/ge87dix/Edu4Chip/Didactic-SoC/vendor_ips/ibex/vendor/lowrisc_ip/ip/prim/rtl/prim_secded_pkg.sv:154]
WARNING: [Synth 8-11067] parameter 'SecdedInv2216ZeroEcc' declared inside package 'prim_secded_pkg' shall be treated as localparam [/nas/ei/home/ge87dix/Edu4Chip/Didactic-SoC/vendor_ips/ibex/vendor/lowrisc_ip/ip/prim/rtl/prim_secded_pkg.sv:162]
WARNING: [Synth 8-11067] parameter 'SecdedInv2216ZeroWord' declared inside package 'prim_secded_pkg' shall be treated as localparam [/nas/ei/home/ge87dix/Edu4Chip/Didactic-SoC/vendor_ips/ibex/vendor/lowrisc_ip/ip/prim/rtl/prim_secded_pkg.sv:163]
WARNING: [Synth 8-11067] parameter 'SecdedInv2822ZeroEcc' declared inside package 'prim_secded_pkg' shall be treated as localparam [/nas/ei/home/ge87dix/Edu4Chip/Didactic-SoC/vendor_ips/ibex/vendor/lowrisc_ip/ip/prim/rtl/prim_secded_pkg.sv:171]
WARNING: [Synth 8-11067] parameter 'SecdedInv2822ZeroWord' declared inside package 'prim_secded_pkg' shall be treated as localparam [/nas/ei/home/ge87dix/Edu4Chip/Didactic-SoC/vendor_ips/ibex/vendor/lowrisc_ip/ip/prim/rtl/prim_secded_pkg.sv:172]
WARNING: [Synth 8-11067] parameter 'SecdedInv3932ZeroEcc' declared inside package 'prim_secded_pkg' shall be treated as localparam [/nas/ei/home/ge87dix/Edu4Chip/Didactic-SoC/vendor_ips/ibex/vendor/lowrisc_ip/ip/prim/rtl/prim_secded_pkg.sv:180]
WARNING: [Synth 8-11067] parameter 'SecdedInv3932ZeroWord' declared inside package 'prim_secded_pkg' shall be treated as localparam [/nas/ei/home/ge87dix/Edu4Chip/Didactic-SoC/vendor_ips/ibex/vendor/lowrisc_ip/ip/prim/rtl/prim_secded_pkg.sv:181]
WARNING: [Synth 8-11067] parameter 'SecdedInv6457ZeroEcc' declared inside package 'prim_secded_pkg' shall be treated as localparam [/nas/ei/home/ge87dix/Edu4Chip/Didactic-SoC/vendor_ips/ibex/vendor/lowrisc_ip/ip/prim/rtl/prim_secded_pkg.sv:189]
WARNING: [Synth 8-11067] parameter 'SecdedInv6457ZeroWord' declared inside package 'prim_secded_pkg' shall be treated as localparam [/nas/ei/home/ge87dix/Edu4Chip/Didactic-SoC/vendor_ips/ibex/vendor/lowrisc_ip/ip/prim/rtl/prim_secded_pkg.sv:190]
WARNING: [Synth 8-11067] parameter 'SecdedInv7264ZeroEcc' declared inside package 'prim_secded_pkg' shall be treated as localparam [/nas/ei/home/ge87dix/Edu4Chip/Didactic-SoC/vendor_ips/ibex/vendor/lowrisc_ip/ip/prim/rtl/prim_secded_pkg.sv:198]
WARNING: [Synth 8-11067] parameter 'SecdedInv7264ZeroWord' declared inside package 'prim_secded_pkg' shall be treated as localparam [/nas/ei/home/ge87dix/Edu4Chip/Didactic-SoC/vendor_ips/ibex/vendor/lowrisc_ip/ip/prim/rtl/prim_secded_pkg.sv:199]
WARNING: [Synth 8-11067] parameter 'SecdedInvHamming2216ZeroEcc' declared inside package 'prim_secded_pkg' shall be treated as localparam [/nas/ei/home/ge87dix/Edu4Chip/Didactic-SoC/vendor_ips/ibex/vendor/lowrisc_ip/ip/prim/rtl/prim_secded_pkg.sv:207]
WARNING: [Synth 8-11067] parameter 'SecdedInvHamming2216ZeroWord' declared inside package 'prim_secded_pkg' shall be treated as localparam [/nas/ei/home/ge87dix/Edu4Chip/Didactic-SoC/vendor_ips/ibex/vendor/lowrisc_ip/ip/prim/rtl/prim_secded_pkg.sv:208]
WARNING: [Synth 8-11067] parameter 'SecdedInvHamming3932ZeroEcc' declared inside package 'prim_secded_pkg' shall be treated as localparam [/nas/ei/home/ge87dix/Edu4Chip/Didactic-SoC/vendor_ips/ibex/vendor/lowrisc_ip/ip/prim/rtl/prim_secded_pkg.sv:216]
WARNING: [Synth 8-11067] parameter 'SecdedInvHamming3932ZeroWord' declared inside package 'prim_secded_pkg' shall be treated as localparam [/nas/ei/home/ge87dix/Edu4Chip/Didactic-SoC/vendor_ips/ibex/vendor/lowrisc_ip/ip/prim/rtl/prim_secded_pkg.sv:217]
WARNING: [Synth 8-11067] parameter 'SecdedInvHamming7264ZeroEcc' declared inside package 'prim_secded_pkg' shall be treated as localparam [/nas/ei/home/ge87dix/Edu4Chip/Didactic-SoC/vendor_ips/ibex/vendor/lowrisc_ip/ip/prim/rtl/prim_secded_pkg.sv:225]
WARNING: [Synth 8-11067] parameter 'SecdedInvHamming7264ZeroWord' declared inside package 'prim_secded_pkg' shall be treated as localparam [/nas/ei/home/ge87dix/Edu4Chip/Didactic-SoC/vendor_ips/ibex/vendor/lowrisc_ip/ip/prim/rtl/prim_secded_pkg.sv:226]
WARNING: [Synth 8-11067] parameter 'SecdedInvHamming7668ZeroEcc' declared inside package 'prim_secded_pkg' shall be treated as localparam [/nas/ei/home/ge87dix/Edu4Chip/Didactic-SoC/vendor_ips/ibex/vendor/lowrisc_ip/ip/prim/rtl/prim_secded_pkg.sv:234]
WARNING: [Synth 8-11067] parameter 'SecdedInvHamming7668ZeroWord' declared inside package 'prim_secded_pkg' shall be treated as localparam [/nas/ei/home/ge87dix/Edu4Chip/Didactic-SoC/vendor_ips/ibex/vendor/lowrisc_ip/ip/prim/rtl/prim_secded_pkg.sv:235]
WARNING: [Synth 8-9661] initial value of parameter 'NUM_INPUTS' is omitted [/nas/ei/home/ge87dix/Edu4Chip/Didactic-SoC/.bender/git/checkouts/common_cells-3bd5b2d671aaec0e/src/clk_mux_glitch_free.sv:257]
INFO: [Synth 8-11241] undeclared symbol 'empty', assumed default net type 'wire' [/nas/ei/home/ge87dix/Edu4Chip/Didactic-SoC/.bender/git/checkouts/common_cells-3bd5b2d671aaec0e/src/id_queue.sv:193]
INFO: [Synth 8-11241] undeclared symbol 'w_b_fifo_valid', assumed default net type 'wire' [/nas/ei/home/ge87dix/Edu4Chip/Didactic-SoC/.bender/git/checkouts/axi-aae2d6c181d6f97b/src/axi_lite_lfsr.sv:109]
CRITICAL WARNING: [Synth 8-9873] overwriting previous definition of module 'mem_to_banks' [/nas/ei/home/ge87dix/Edu4Chip/Didactic-SoC/.bender/git/checkouts/axi-aae2d6c181d6f97b/src/axi_to_mem.sv:758]
INFO: [Synth 8-9937] previous definition of design element 'mem_to_banks' is here [/nas/ei/home/ge87dix/Edu4Chip/Didactic-SoC/.bender/git/checkouts/common_cells-3bd5b2d671aaec0e/src/mem_to_banks.sv:120]
WARNING: [Synth 8-11065] parameter 'AxiXbarIdWidth' becomes localparam in 'axi_xp' with formal parameter declaration list [/nas/ei/home/ge87dix/Edu4Chip/Didactic-SoC/.bender/git/checkouts/axi-aae2d6c181d6f97b/src/axi_xp.sv:102]
WARNING: [Synth 8-11067] parameter 'PRINCE_SBOX4' declared inside package 'prim_cipher_pkg' shall be treated as localparam [/nas/ei/home/ge87dix/Edu4Chip/Didactic-SoC/vendor_ips/ibex/vendor/lowrisc_ip/ip/prim/rtl/prim_cipher_pkg.sv:23]
WARNING: [Synth 8-11067] parameter 'PRINCE_SBOX4_INV' declared inside package 'prim_cipher_pkg' shall be treated as localparam [/nas/ei/home/ge87dix/Edu4Chip/Didactic-SoC/vendor_ips/ibex/vendor/lowrisc_ip/ip/prim/rtl/prim_cipher_pkg.sv:28]
WARNING: [Synth 8-11067] parameter 'PRINCE_SHIFT_ROWS64' declared inside package 'prim_cipher_pkg' shall be treated as localparam [/nas/ei/home/ge87dix/Edu4Chip/Didactic-SoC/vendor_ips/ibex/vendor/lowrisc_ip/ip/prim/rtl/prim_cipher_pkg.sv:33]
WARNING: [Synth 8-11067] parameter 'PRINCE_SHIFT_ROWS64_INV' declared inside package 'prim_cipher_pkg' shall be treated as localparam [/nas/ei/home/ge87dix/Edu4Chip/Didactic-SoC/vendor_ips/ibex/vendor/lowrisc_ip/ip/prim/rtl/prim_cipher_pkg.sv:38]
WARNING: [Synth 8-11067] parameter 'PRINCE_ROUND_CONST' declared inside package 'prim_cipher_pkg' shall be treated as localparam [/nas/ei/home/ge87dix/Edu4Chip/Didactic-SoC/vendor_ips/ibex/vendor/lowrisc_ip/ip/prim/rtl/prim_cipher_pkg.sv:44]
WARNING: [Synth 8-11067] parameter 'PRINCE_ALPHA_CONST' declared inside package 'prim_cipher_pkg' shall be treated as localparam [/nas/ei/home/ge87dix/Edu4Chip/Didactic-SoC/vendor_ips/ibex/vendor/lowrisc_ip/ip/prim/rtl/prim_cipher_pkg.sv:58]
WARNING: [Synth 8-11067] parameter 'PRINCE_SHIFT_ROWS_CONST0' declared inside package 'prim_cipher_pkg' shall be treated as localparam [/nas/ei/home/ge87dix/Edu4Chip/Didactic-SoC/vendor_ips/ibex/vendor/lowrisc_ip/ip/prim/rtl/prim_cipher_pkg.sv:61]
WARNING: [Synth 8-11067] parameter 'PRINCE_SHIFT_ROWS_CONST1' declared inside package 'prim_cipher_pkg' shall be treated as localparam [/nas/ei/home/ge87dix/Edu4Chip/Didactic-SoC/vendor_ips/ibex/vendor/lowrisc_ip/ip/prim/rtl/prim_cipher_pkg.sv:62]
WARNING: [Synth 8-11067] parameter 'PRINCE_SHIFT_ROWS_CONST2' declared inside package 'prim_cipher_pkg' shall be treated as localparam [/nas/ei/home/ge87dix/Edu4Chip/Didactic-SoC/vendor_ips/ibex/vendor/lowrisc_ip/ip/prim/rtl/prim_cipher_pkg.sv:63]
WARNING: [Synth 8-11067] parameter 'PRINCE_SHIFT_ROWS_CONST3' declared inside package 'prim_cipher_pkg' shall be treated as localparam [/nas/ei/home/ge87dix/Edu4Chip/Didactic-SoC/vendor_ips/ibex/vendor/lowrisc_ip/ip/prim/rtl/prim_cipher_pkg.sv:64]
WARNING: [Synth 8-11067] parameter 'PRESENT_SBOX4' declared inside package 'prim_cipher_pkg' shall be treated as localparam [/nas/ei/home/ge87dix/Edu4Chip/Didactic-SoC/vendor_ips/ibex/vendor/lowrisc_ip/ip/prim/rtl/prim_cipher_pkg.sv:141]
WARNING: [Synth 8-11067] parameter 'PRESENT_SBOX4_INV' declared inside package 'prim_cipher_pkg' shall be treated as localparam [/nas/ei/home/ge87dix/Edu4Chip/Didactic-SoC/vendor_ips/ibex/vendor/lowrisc_ip/ip/prim/rtl/prim_cipher_pkg.sv:146]
INFO: [Common 17-14] Message 'Synth 8-11067' appears 100 times and further instances of the messages will be disabled. Use the Tcl command set_msg_config to change the current settings.
INFO: [Synth 8-6157] synthesizing module 'DidacticZ1' [/nas/ei/home/ge87dix/Edu4Chip/Didactic-SoC/fpga/rtl/DidacticZ1.v:1]
INFO: [Synth 8-6157] synthesizing module 'Pll' [/nas/ei/home/ge87dix/Edu4Chip/Didactic-SoC/fpga/rtl/DidacticZ1.v:53]
INFO: [Synth 8-6157] synthesizing module 'IBUF' [/nfs/tools/xilinx/Vivado/2024.1/scripts/rt/data/unisim_comp.v:73643]
INFO: [Synth 8-6155] done synthesizing module 'IBUF' (0#1) [/nfs/tools/xilinx/Vivado/2024.1/scripts/rt/data/unisim_comp.v:73643]
INFO: [Synth 8-6157] synthesizing module 'PLLE2_ADV' [/nfs/tools/xilinx/Vivado/2024.1/scripts/rt/data/unisim_comp.v:114750]
	Parameter BANDWIDTH bound to: OPTIMIZED - type: string 
	Parameter CLKFBOUT_MULT bound to: 33 - type: integer 
	Parameter CLKFBOUT_PHASE bound to: 0.000000 - type: double 
	Parameter CLKIN1_PERIOD bound to: 8.000000 - type: double 
	Parameter CLKOUT0_DIVIDE bound to: 33 - type: integer 
	Parameter CLKOUT0_DUTY_CYCLE bound to: 0.500000 - type: double 
	Parameter CLKOUT0_PHASE bound to: 0.000000 - type: double 
	Parameter COMPENSATION bound to: ZHOLD - type: string 
	Parameter DIVCLK_DIVIDE bound to: 5 - type: integer 
	Parameter STARTUP_WAIT bound to: FALSE - type: string 
INFO: [Synth 8-6155] done synthesizing module 'PLLE2_ADV' (0#1) [/nfs/tools/xilinx/Vivado/2024.1/scripts/rt/data/unisim_comp.v:114750]
INFO: [Synth 8-6157] synthesizing module 'BUFG' [/nfs/tools/xilinx/Vivado/2024.1/scripts/rt/data/unisim_comp.v:1951]
INFO: [Synth 8-6155] done synthesizing module 'BUFG' (0#1) [/nfs/tools/xilinx/Vivado/2024.1/scripts/rt/data/unisim_comp.v:1951]
INFO: [Synth 8-6155] done synthesizing module 'Pll' (0#1) [/nas/ei/home/ge87dix/Edu4Chip/Didactic-SoC/fpga/rtl/DidacticZ1.v:53]
INFO: [Synth 8-6157] synthesizing module 'Didactic' [/nas/ei/home/ge87dix/Edu4Chip/Didactic-SoC/src/generated/Didactic.v:20]
INFO: [Synth 8-6157] synthesizing module 'analog_wrapper_0' [/nas/ei/home/ge87dix/Edu4Chip/Didactic-SoC/src/generated/analog_wrapper_0.v:13]
	Parameter APB_DW bound to: 32 - type: integer 
	Parameter APB_AW bound to: 32 - type: integer 
	Parameter NUM_GPIO bound to: 16 - type: integer 
ERROR: [Synth 8-439] module 'TOPCELL_ISAR_with_padframe' not found [/nas/ei/home/ge87dix/Edu4Chip/Didactic-SoC/src/generated/analog_wrapper_0.v:74]
ERROR: [Synth 8-6156] failed synthesizing module 'analog_wrapper_0' [/nas/ei/home/ge87dix/Edu4Chip/Didactic-SoC/src/generated/analog_wrapper_0.v:13]
ERROR: [Synth 8-6156] failed synthesizing module 'Didactic' [/nas/ei/home/ge87dix/Edu4Chip/Didactic-SoC/src/generated/Didactic.v:20]
ERROR: [Synth 8-6156] failed synthesizing module 'DidacticZ1' [/nas/ei/home/ge87dix/Edu4Chip/Didactic-SoC/fpga/rtl/DidacticZ1.v:1]
---------------------------------------------------------------------------------
Finished RTL Elaboration : Time (s): cpu = 00:00:03 ; elapsed = 00:00:09 . Memory (MB): peak = 2372.531 ; gain = 543.684 ; free physical = 23032 ; free virtual = 27521
---------------------------------------------------------------------------------
RTL Elaboration failed
20 Infos, 105 Warnings, 1 Critical Warnings and 5 Errors encountered.
synth_design failed
ERROR: [Vivado_Tcl 4-5] Elaboration failed - please see the console for details
INFO: [Common 17-206] Exiting Vivado at Thu Jul  2 17:47:51 2026...
