Copyright 1986-2022 Xilinx, Inc. All Rights Reserved. Copyright 2022-2024 Advanced Micro Devices, Inc. All Rights Reserved.
---------------------------------------------------------------------------------------------------------------------------------------------
| Tool Version : Vivado v.2024.1 (lin64) Build 5076996 Wed May 22 18:36:09 MDT 2024
| Date         : Tue Jul  7 23:40:33 2026
| Host         : linux12.clients.eikon.tum.de running 64-bit Ubuntu 24.04.4 LTS
| Command      : report_drc -file DidacticA7_drc_routed.rpt -pb DidacticA7_drc_routed.pb -rpx DidacticA7_drc_routed.rpx
| Design       : DidacticA7
| Device       : xc7a100tcsg324-1
| Speed File   : -1
| Design State : Fully Routed
---------------------------------------------------------------------------------------------------------------------------------------------

Report DRC

Table of Contents
-----------------
1. REPORT SUMMARY
2. REPORT DETAILS

1. REPORT SUMMARY
-----------------
            Netlist: netlist
          Floorplan: checkpoint_DidacticA7
      Design limits: <entire design considered>
           Ruledeck: default
             Max violations: <unlimited>
             Violations found: 38
+-----------+----------+-----------------------------------------------------+------------+
| Rule      | Severity | Description                                         | Violations |
+-----------+----------+-----------------------------------------------------+------------+
| BUFC-1    | Warning  | Input Buffer Connections                            | 5          |
| CFGBVS-1  | Warning  | Missing CFGBVS and CONFIG_VOLTAGE Design Properties | 1          |
| CHECK-3   | Warning  | Report rule limit reached                           | 1          |
| DPIP-1    | Warning  | Input pipelining                                    | 3          |
| DPOP-1    | Warning  | PREG Output pipelining                              | 1          |
| DPOP-2    | Warning  | MREG Output pipelining                              | 1          |
| REQP-1839 | Warning  | RAMB36 async control check                          | 20         |
| RPBF-3    | Warning  | IO port buffering is incomplete                     | 6          |
+-----------+----------+-----------------------------------------------------+------------+

2. REPORT DETAILS
-----------------
BUFC-1#1 Warning
Input Buffer Connections  
Input buffer didactic/i_system_control/i_io_cell_frame/i_io_cell_jtag_tdo/gen_o_cell.i_o_iobuf/IBUF (in didactic/i_system_control/i_io_cell_frame/i_io_cell_jtag_tdo/gen_o_cell.i_o_iobuf macro) has no loads. It is recommended to have an input buffer drive an internal load.
Related violations: <none>

BUFC-1#2 Warning
Input Buffer Connections  
Input buffer didactic/i_system_control/i_io_cell_frame/i_io_cell_spim_csn0/gen_o_cell.i_o_iobuf/IBUF (in didactic/i_system_control/i_io_cell_frame/i_io_cell_spim_csn0/gen_o_cell.i_o_iobuf macro) has no loads. It is recommended to have an input buffer drive an internal load.
Related violations: <none>

BUFC-1#3 Warning
Input Buffer Connections  
Input buffer didactic/i_system_control/i_io_cell_frame/i_io_cell_spim_csn1/gen_o_cell.i_o_iobuf/IBUF (in didactic/i_system_control/i_io_cell_frame/i_io_cell_spim_csn1/gen_o_cell.i_o_iobuf macro) has no loads. It is recommended to have an input buffer drive an internal load.
Related violations: <none>

BUFC-1#4 Warning
Input Buffer Connections  
Input buffer didactic/i_system_control/i_io_cell_frame/i_io_cell_spim_sck/gen_o_cell.i_o_iobuf/IBUF (in didactic/i_system_control/i_io_cell_frame/i_io_cell_spim_sck/gen_o_cell.i_o_iobuf macro) has no loads. It is recommended to have an input buffer drive an internal load.
Related violations: <none>

BUFC-1#5 Warning
Input Buffer Connections  
Input buffer didactic/i_system_control/i_io_cell_frame/i_io_cell_uart_tx/gen_o_cell.i_o_iobuf/IBUF (in didactic/i_system_control/i_io_cell_frame/i_io_cell_uart_tx/gen_o_cell.i_o_iobuf macro) has no loads. It is recommended to have an input buffer drive an internal load.
Related violations: <none>

CFGBVS-1#1 Warning
Missing CFGBVS and CONFIG_VOLTAGE Design Properties  
Neither the CFGBVS nor CONFIG_VOLTAGE voltage property is set in the current_design.  Configuration bank voltage select (CFGBVS) must be set to VCCO or GND, and CONFIG_VOLTAGE must be set to the correct configuration voltage, in order to determine the I/O voltage support for the pins in bank 0.  It is suggested to specify these either using the 'Edit Device Properties' function in the GUI or directly in the XDC file using the following syntax:

 set_property CFGBVS value1 [current_design]
 #where value1 is either VCCO or GND

 set_property CONFIG_VOLTAGE value2 [current_design]
 #where value2 is the voltage provided to configuration bank 0

Refer to the device configuration user guide for more information.
Related violations: <none>

CHECK-3#1 Warning
Report rule limit reached  
REQP-1839 rule limit reached: 20 violations have been found.
Related violations: <none>

DPIP-1#1 Warning
Input pipelining  
DSP didactic/i_system_control/SysCtrl_SS/i_ibex_wrapper/Ibex_Core/u_ibex_core/ex_block_i/gen_multdiv_fast.multdiv_i/mac_res_signed input didactic/i_system_control/SysCtrl_SS/i_ibex_wrapper/Ibex_Core/u_ibex_core/ex_block_i/gen_multdiv_fast.multdiv_i/mac_res_signed/A[29:0] is not pipelined. Pipelining DSP48 input will improve performance.
Related violations: <none>

DPIP-1#2 Warning
Input pipelining  
DSP didactic/i_system_control/SysCtrl_SS/i_ibex_wrapper/Ibex_Core/u_ibex_core/ex_block_i/gen_multdiv_fast.multdiv_i/mac_res_signed input didactic/i_system_control/SysCtrl_SS/i_ibex_wrapper/Ibex_Core/u_ibex_core/ex_block_i/gen_multdiv_fast.multdiv_i/mac_res_signed/B[17:0] is not pipelined. Pipelining DSP48 input will improve performance.
Related violations: <none>

DPIP-1#3 Warning
Input pipelining  
DSP didactic/i_system_control/SysCtrl_SS/i_ibex_wrapper/Ibex_Core/u_ibex_core/ex_block_i/gen_multdiv_fast.multdiv_i/mac_res_signed input didactic/i_system_control/SysCtrl_SS/i_ibex_wrapper/Ibex_Core/u_ibex_core/ex_block_i/gen_multdiv_fast.multdiv_i/mac_res_signed/C[47:0] is not pipelined. Pipelining DSP48 input will improve performance.
Related violations: <none>

DPOP-1#1 Warning
PREG Output pipelining  
DSP didactic/i_system_control/SysCtrl_SS/i_ibex_wrapper/Ibex_Core/u_ibex_core/ex_block_i/gen_multdiv_fast.multdiv_i/mac_res_signed output didactic/i_system_control/SysCtrl_SS/i_ibex_wrapper/Ibex_Core/u_ibex_core/ex_block_i/gen_multdiv_fast.multdiv_i/mac_res_signed/P[47:0] is not pipelined (PREG=0). Pipelining the DSP48 output will improve performance and often saves power so it is suggested whenever possible to fully pipeline this function.  If this DSP48 function was inferred, it is suggested to describe an additional register stage after this function.  If the DSP48 was instantiated in the design, it is suggested to set the PREG attribute to 1.
Related violations: <none>

DPOP-2#1 Warning
MREG Output pipelining  
DSP didactic/i_system_control/SysCtrl_SS/i_ibex_wrapper/Ibex_Core/u_ibex_core/ex_block_i/gen_multdiv_fast.multdiv_i/mac_res_signed multiplier stage didactic/i_system_control/SysCtrl_SS/i_ibex_wrapper/Ibex_Core/u_ibex_core/ex_block_i/gen_multdiv_fast.multdiv_i/mac_res_signed/P[47:0] is not pipelined (MREG=0). Pipelining the multiplier function will improve performance and will save significant power so it is suggested whenever possible to fully pipeline this function.  If this multiplier was inferred, it is suggested to describe an additional register stage after this function.  If there is no registered adder/accumulator following the multiply function, two pipeline stages are suggested to allow both the MREG and PREG registers to be used.  If the DSP48 was instantiated in the design, it is suggested to set both the MREG and PREG attributes to 1 when performing multiply functions.
Related violations: <none>

REQP-1839#1 Warning
RAMB36 async control check  
The RAMB36E1 didactic/i_system_control/SysCtrl_SS/i_dmem/u_tc_sram/gen_1_ports.i_xpm_memory_spram/xpm_memory_base_inst/gen_wr_a.gen_byte_narrow.for_mem_cols[1].mem_reg_0_0_0 has an input control pin didactic/i_system_control/SysCtrl_SS/i_dmem/u_tc_sram/gen_1_ports.i_xpm_memory_spram/xpm_memory_base_inst/gen_wr_a.gen_byte_narrow.for_mem_cols[1].mem_reg_0_0_0/ADDRARDADDR[14] (net: didactic/i_system_control/SysCtrl_SS/i_dmem/u_tc_sram/gen_1_ports.i_xpm_memory_spram/xpm_memory_base_inst/addra[14]) which is driven by a register (didactic/i_system_control/SysCtrl_SS/ctrl_reg_array/fetch_en_reg_reg[0]) that has an active asychronous set or reset. This may cause corruption of the memory contents and/or read values when the set/reset is asserted and is not analyzed by the default static timing analysis. It is suggested to eliminate the use of a set/reset to registers driving this RAMB pin or else use a synchronous reset in which the assertion of the reset is timed by default.
Related violations: <none>

REQP-1839#2 Warning
RAMB36 async control check  
The RAMB36E1 didactic/i_system_control/SysCtrl_SS/i_dmem/u_tc_sram/gen_1_ports.i_xpm_memory_spram/xpm_memory_base_inst/gen_wr_a.gen_byte_narrow.for_mem_cols[1].mem_reg_0_0_0 has an input control pin didactic/i_system_control/SysCtrl_SS/i_dmem/u_tc_sram/gen_1_ports.i_xpm_memory_spram/xpm_memory_base_inst/gen_wr_a.gen_byte_narrow.for_mem_cols[1].mem_reg_0_0_0/ADDRARDADDR[14] (net: didactic/i_system_control/SysCtrl_SS/i_dmem/u_tc_sram/gen_1_ports.i_xpm_memory_spram/xpm_memory_base_inst/addra[14]) which is driven by a register (didactic/i_system_control/SysCtrl_SS/ctrl_reg_array/rvalid_reg_reg) that has an active asychronous set or reset. This may cause corruption of the memory contents and/or read values when the set/reset is asserted and is not analyzed by the default static timing analysis. It is suggested to eliminate the use of a set/reset to registers driving this RAMB pin or else use a synchronous reset in which the assertion of the reset is timed by default.
Related violations: <none>

REQP-1839#3 Warning
RAMB36 async control check  
The RAMB36E1 didactic/i_system_control/SysCtrl_SS/i_dmem/u_tc_sram/gen_1_ports.i_xpm_memory_spram/xpm_memory_base_inst/gen_wr_a.gen_byte_narrow.for_mem_cols[1].mem_reg_0_0_0 has an input control pin didactic/i_system_control/SysCtrl_SS/i_dmem/u_tc_sram/gen_1_ports.i_xpm_memory_spram/xpm_memory_base_inst/gen_wr_a.gen_byte_narrow.for_mem_cols[1].mem_reg_0_0_0/ADDRARDADDR[14] (net: didactic/i_system_control/SysCtrl_SS/i_dmem/u_tc_sram/gen_1_ports.i_xpm_memory_spram/xpm_memory_base_inst/addra[14]) which is driven by a register (didactic/i_system_control/SysCtrl_SS/i_ibex_wrapper/Ibex_Core/u_ibex_core/cs_registers_i/u_mepc_csr/rdata_q_reg[10]) that has an active asychronous set or reset. This may cause corruption of the memory contents and/or read values when the set/reset is asserted and is not analyzed by the default static timing analysis. It is suggested to eliminate the use of a set/reset to registers driving this RAMB pin or else use a synchronous reset in which the assertion of the reset is timed by default.
Related violations: <none>

REQP-1839#4 Warning
RAMB36 async control check  
The RAMB36E1 didactic/i_system_control/SysCtrl_SS/i_dmem/u_tc_sram/gen_1_ports.i_xpm_memory_spram/xpm_memory_base_inst/gen_wr_a.gen_byte_narrow.for_mem_cols[1].mem_reg_0_0_0 has an input control pin didactic/i_system_control/SysCtrl_SS/i_dmem/u_tc_sram/gen_1_ports.i_xpm_memory_spram/xpm_memory_base_inst/gen_wr_a.gen_byte_narrow.for_mem_cols[1].mem_reg_0_0_0/ADDRARDADDR[14] (net: didactic/i_system_control/SysCtrl_SS/i_dmem/u_tc_sram/gen_1_ports.i_xpm_memory_spram/xpm_memory_base_inst/addra[14]) which is driven by a register (didactic/i_system_control/SysCtrl_SS/i_ibex_wrapper/Ibex_Core/u_ibex_core/cs_registers_i/u_mepc_csr/rdata_q_reg[11]) that has an active asychronous set or reset. This may cause corruption of the memory contents and/or read values when the set/reset is asserted and is not analyzed by the default static timing analysis. It is suggested to eliminate the use of a set/reset to registers driving this RAMB pin or else use a synchronous reset in which the assertion of the reset is timed by default.
Related violations: <none>

REQP-1839#5 Warning
RAMB36 async control check  
The RAMB36E1 didactic/i_system_control/SysCtrl_SS/i_dmem/u_tc_sram/gen_1_ports.i_xpm_memory_spram/xpm_memory_base_inst/gen_wr_a.gen_byte_narrow.for_mem_cols[1].mem_reg_0_0_0 has an input control pin didactic/i_system_control/SysCtrl_SS/i_dmem/u_tc_sram/gen_1_ports.i_xpm_memory_spram/xpm_memory_base_inst/gen_wr_a.gen_byte_narrow.for_mem_cols[1].mem_reg_0_0_0/ADDRARDADDR[14] (net: didactic/i_system_control/SysCtrl_SS/i_dmem/u_tc_sram/gen_1_ports.i_xpm_memory_spram/xpm_memory_base_inst/addra[14]) which is driven by a register (didactic/i_system_control/SysCtrl_SS/i_ibex_wrapper/Ibex_Core/u_ibex_core/cs_registers_i/u_mepc_csr/rdata_q_reg[12]) that has an active asychronous set or reset. This may cause corruption of the memory contents and/or read values when the set/reset is asserted and is not analyzed by the default static timing analysis. It is suggested to eliminate the use of a set/reset to registers driving this RAMB pin or else use a synchronous reset in which the assertion of the reset is timed by default.
Related violations: <none>

REQP-1839#6 Warning
RAMB36 async control check  
The RAMB36E1 didactic/i_system_control/SysCtrl_SS/i_dmem/u_tc_sram/gen_1_ports.i_xpm_memory_spram/xpm_memory_base_inst/gen_wr_a.gen_byte_narrow.for_mem_cols[1].mem_reg_0_0_0 has an input control pin didactic/i_system_control/SysCtrl_SS/i_dmem/u_tc_sram/gen_1_ports.i_xpm_memory_spram/xpm_memory_base_inst/gen_wr_a.gen_byte_narrow.for_mem_cols[1].mem_reg_0_0_0/ADDRARDADDR[14] (net: didactic/i_system_control/SysCtrl_SS/i_dmem/u_tc_sram/gen_1_ports.i_xpm_memory_spram/xpm_memory_base_inst/addra[14]) which is driven by a register (didactic/i_system_control/SysCtrl_SS/i_ibex_wrapper/Ibex_Core/u_ibex_core/cs_registers_i/u_mepc_csr/rdata_q_reg[13]) that has an active asychronous set or reset. This may cause corruption of the memory contents and/or read values when the set/reset is asserted and is not analyzed by the default static timing analysis. It is suggested to eliminate the use of a set/reset to registers driving this RAMB pin or else use a synchronous reset in which the assertion of the reset is timed by default.
Related violations: <none>

REQP-1839#7 Warning
RAMB36 async control check  
The RAMB36E1 didactic/i_system_control/SysCtrl_SS/i_dmem/u_tc_sram/gen_1_ports.i_xpm_memory_spram/xpm_memory_base_inst/gen_wr_a.gen_byte_narrow.for_mem_cols[1].mem_reg_0_0_0 has an input control pin didactic/i_system_control/SysCtrl_SS/i_dmem/u_tc_sram/gen_1_ports.i_xpm_memory_spram/xpm_memory_base_inst/gen_wr_a.gen_byte_narrow.for_mem_cols[1].mem_reg_0_0_0/ADDRARDADDR[14] (net: didactic/i_system_control/SysCtrl_SS/i_dmem/u_tc_sram/gen_1_ports.i_xpm_memory_spram/xpm_memory_base_inst/addra[14]) which is driven by a register (didactic/i_system_control/SysCtrl_SS/i_ibex_wrapper/Ibex_Core/u_ibex_core/cs_registers_i/u_mepc_csr/rdata_q_reg[14]) that has an active asychronous set or reset. This may cause corruption of the memory contents and/or read values when the set/reset is asserted and is not analyzed by the default static timing analysis. It is suggested to eliminate the use of a set/reset to registers driving this RAMB pin or else use a synchronous reset in which the assertion of the reset is timed by default.
Related violations: <none>

REQP-1839#8 Warning
RAMB36 async control check  
The RAMB36E1 didactic/i_system_control/SysCtrl_SS/i_dmem/u_tc_sram/gen_1_ports.i_xpm_memory_spram/xpm_memory_base_inst/gen_wr_a.gen_byte_narrow.for_mem_cols[1].mem_reg_0_0_0 has an input control pin didactic/i_system_control/SysCtrl_SS/i_dmem/u_tc_sram/gen_1_ports.i_xpm_memory_spram/xpm_memory_base_inst/gen_wr_a.gen_byte_narrow.for_mem_cols[1].mem_reg_0_0_0/ADDRARDADDR[14] (net: didactic/i_system_control/SysCtrl_SS/i_dmem/u_tc_sram/gen_1_ports.i_xpm_memory_spram/xpm_memory_base_inst/addra[14]) which is driven by a register (didactic/i_system_control/SysCtrl_SS/i_ibex_wrapper/Ibex_Core/u_ibex_core/cs_registers_i/u_mepc_csr/rdata_q_reg[15]) that has an active asychronous set or reset. This may cause corruption of the memory contents and/or read values when the set/reset is asserted and is not analyzed by the default static timing analysis. It is suggested to eliminate the use of a set/reset to registers driving this RAMB pin or else use a synchronous reset in which the assertion of the reset is timed by default.
Related violations: <none>

REQP-1839#9 Warning
RAMB36 async control check  
The RAMB36E1 didactic/i_system_control/SysCtrl_SS/i_dmem/u_tc_sram/gen_1_ports.i_xpm_memory_spram/xpm_memory_base_inst/gen_wr_a.gen_byte_narrow.for_mem_cols[1].mem_reg_0_0_0 has an input control pin didactic/i_system_control/SysCtrl_SS/i_dmem/u_tc_sram/gen_1_ports.i_xpm_memory_spram/xpm_memory_base_inst/gen_wr_a.gen_byte_narrow.for_mem_cols[1].mem_reg_0_0_0/ADDRARDADDR[14] (net: didactic/i_system_control/SysCtrl_SS/i_dmem/u_tc_sram/gen_1_ports.i_xpm_memory_spram/xpm_memory_base_inst/addra[14]) which is driven by a register (didactic/i_system_control/SysCtrl_SS/i_ibex_wrapper/Ibex_Core/u_ibex_core/cs_registers_i/u_mepc_csr/rdata_q_reg[16]) that has an active asychronous set or reset. This may cause corruption of the memory contents and/or read values when the set/reset is asserted and is not analyzed by the default static timing analysis. It is suggested to eliminate the use of a set/reset to registers driving this RAMB pin or else use a synchronous reset in which the assertion of the reset is timed by default.
Related violations: <none>

REQP-1839#10 Warning
RAMB36 async control check  
The RAMB36E1 didactic/i_system_control/SysCtrl_SS/i_dmem/u_tc_sram/gen_1_ports.i_xpm_memory_spram/xpm_memory_base_inst/gen_wr_a.gen_byte_narrow.for_mem_cols[1].mem_reg_0_0_0 has an input control pin didactic/i_system_control/SysCtrl_SS/i_dmem/u_tc_sram/gen_1_ports.i_xpm_memory_spram/xpm_memory_base_inst/gen_wr_a.gen_byte_narrow.for_mem_cols[1].mem_reg_0_0_0/ADDRARDADDR[14] (net: didactic/i_system_control/SysCtrl_SS/i_dmem/u_tc_sram/gen_1_ports.i_xpm_memory_spram/xpm_memory_base_inst/addra[14]) which is driven by a register (didactic/i_system_control/SysCtrl_SS/i_ibex_wrapper/Ibex_Core/u_ibex_core/cs_registers_i/u_mepc_csr/rdata_q_reg[17]) that has an active asychronous set or reset. This may cause corruption of the memory contents and/or read values when the set/reset is asserted and is not analyzed by the default static timing analysis. It is suggested to eliminate the use of a set/reset to registers driving this RAMB pin or else use a synchronous reset in which the assertion of the reset is timed by default.
Related violations: <none>

REQP-1839#11 Warning
RAMB36 async control check  
The RAMB36E1 didactic/i_system_control/SysCtrl_SS/i_dmem/u_tc_sram/gen_1_ports.i_xpm_memory_spram/xpm_memory_base_inst/gen_wr_a.gen_byte_narrow.for_mem_cols[1].mem_reg_0_0_0 has an input control pin didactic/i_system_control/SysCtrl_SS/i_dmem/u_tc_sram/gen_1_ports.i_xpm_memory_spram/xpm_memory_base_inst/gen_wr_a.gen_byte_narrow.for_mem_cols[1].mem_reg_0_0_0/ADDRARDADDR[14] (net: didactic/i_system_control/SysCtrl_SS/i_dmem/u_tc_sram/gen_1_ports.i_xpm_memory_spram/xpm_memory_base_inst/addra[14]) which is driven by a register (didactic/i_system_control/SysCtrl_SS/i_ibex_wrapper/Ibex_Core/u_ibex_core/cs_registers_i/u_mepc_csr/rdata_q_reg[18]) that has an active asychronous set or reset. This may cause corruption of the memory contents and/or read values when the set/reset is asserted and is not analyzed by the default static timing analysis. It is suggested to eliminate the use of a set/reset to registers driving this RAMB pin or else use a synchronous reset in which the assertion of the reset is timed by default.
Related violations: <none>

REQP-1839#12 Warning
RAMB36 async control check  
The RAMB36E1 didactic/i_system_control/SysCtrl_SS/i_dmem/u_tc_sram/gen_1_ports.i_xpm_memory_spram/xpm_memory_base_inst/gen_wr_a.gen_byte_narrow.for_mem_cols[1].mem_reg_0_0_0 has an input control pin didactic/i_system_control/SysCtrl_SS/i_dmem/u_tc_sram/gen_1_ports.i_xpm_memory_spram/xpm_memory_base_inst/gen_wr_a.gen_byte_narrow.for_mem_cols[1].mem_reg_0_0_0/ADDRARDADDR[14] (net: didactic/i_system_control/SysCtrl_SS/i_dmem/u_tc_sram/gen_1_ports.i_xpm_memory_spram/xpm_memory_base_inst/addra[14]) which is driven by a register (didactic/i_system_control/SysCtrl_SS/i_ibex_wrapper/Ibex_Core/u_ibex_core/cs_registers_i/u_mepc_csr/rdata_q_reg[19]) that has an active asychronous set or reset. This may cause corruption of the memory contents and/or read values when the set/reset is asserted and is not analyzed by the default static timing analysis. It is suggested to eliminate the use of a set/reset to registers driving this RAMB pin or else use a synchronous reset in which the assertion of the reset is timed by default.
Related violations: <none>

REQP-1839#13 Warning
RAMB36 async control check  
The RAMB36E1 didactic/i_system_control/SysCtrl_SS/i_dmem/u_tc_sram/gen_1_ports.i_xpm_memory_spram/xpm_memory_base_inst/gen_wr_a.gen_byte_narrow.for_mem_cols[1].mem_reg_0_0_0 has an input control pin didactic/i_system_control/SysCtrl_SS/i_dmem/u_tc_sram/gen_1_ports.i_xpm_memory_spram/xpm_memory_base_inst/gen_wr_a.gen_byte_narrow.for_mem_cols[1].mem_reg_0_0_0/ADDRARDADDR[14] (net: didactic/i_system_control/SysCtrl_SS/i_dmem/u_tc_sram/gen_1_ports.i_xpm_memory_spram/xpm_memory_base_inst/addra[14]) which is driven by a register (didactic/i_system_control/SysCtrl_SS/i_ibex_wrapper/Ibex_Core/u_ibex_core/cs_registers_i/u_mepc_csr/rdata_q_reg[20]) that has an active asychronous set or reset. This may cause corruption of the memory contents and/or read values when the set/reset is asserted and is not analyzed by the default static timing analysis. It is suggested to eliminate the use of a set/reset to registers driving this RAMB pin or else use a synchronous reset in which the assertion of the reset is timed by default.
Related violations: <none>

REQP-1839#14 Warning
RAMB36 async control check  
The RAMB36E1 didactic/i_system_control/SysCtrl_SS/i_dmem/u_tc_sram/gen_1_ports.i_xpm_memory_spram/xpm_memory_base_inst/gen_wr_a.gen_byte_narrow.for_mem_cols[1].mem_reg_0_0_0 has an input control pin didactic/i_system_control/SysCtrl_SS/i_dmem/u_tc_sram/gen_1_ports.i_xpm_memory_spram/xpm_memory_base_inst/gen_wr_a.gen_byte_narrow.for_mem_cols[1].mem_reg_0_0_0/ADDRARDADDR[14] (net: didactic/i_system_control/SysCtrl_SS/i_dmem/u_tc_sram/gen_1_ports.i_xpm_memory_spram/xpm_memory_base_inst/addra[14]) which is driven by a register (didactic/i_system_control/SysCtrl_SS/i_ibex_wrapper/Ibex_Core/u_ibex_core/cs_registers_i/u_mepc_csr/rdata_q_reg[21]) that has an active asychronous set or reset. This may cause corruption of the memory contents and/or read values when the set/reset is asserted and is not analyzed by the default static timing analysis. It is suggested to eliminate the use of a set/reset to registers driving this RAMB pin or else use a synchronous reset in which the assertion of the reset is timed by default.
Related violations: <none>

REQP-1839#15 Warning
RAMB36 async control check  
The RAMB36E1 didactic/i_system_control/SysCtrl_SS/i_dmem/u_tc_sram/gen_1_ports.i_xpm_memory_spram/xpm_memory_base_inst/gen_wr_a.gen_byte_narrow.for_mem_cols[1].mem_reg_0_0_0 has an input control pin didactic/i_system_control/SysCtrl_SS/i_dmem/u_tc_sram/gen_1_ports.i_xpm_memory_spram/xpm_memory_base_inst/gen_wr_a.gen_byte_narrow.for_mem_cols[1].mem_reg_0_0_0/ADDRARDADDR[14] (net: didactic/i_system_control/SysCtrl_SS/i_dmem/u_tc_sram/gen_1_ports.i_xpm_memory_spram/xpm_memory_base_inst/addra[14]) which is driven by a register (didactic/i_system_control/SysCtrl_SS/i_ibex_wrapper/Ibex_Core/u_ibex_core/cs_registers_i/u_mepc_csr/rdata_q_reg[22]) that has an active asychronous set or reset. This may cause corruption of the memory contents and/or read values when the set/reset is asserted and is not analyzed by the default static timing analysis. It is suggested to eliminate the use of a set/reset to registers driving this RAMB pin or else use a synchronous reset in which the assertion of the reset is timed by default.
Related violations: <none>

REQP-1839#16 Warning
RAMB36 async control check  
The RAMB36E1 didactic/i_system_control/SysCtrl_SS/i_dmem/u_tc_sram/gen_1_ports.i_xpm_memory_spram/xpm_memory_base_inst/gen_wr_a.gen_byte_narrow.for_mem_cols[1].mem_reg_0_0_0 has an input control pin didactic/i_system_control/SysCtrl_SS/i_dmem/u_tc_sram/gen_1_ports.i_xpm_memory_spram/xpm_memory_base_inst/gen_wr_a.gen_byte_narrow.for_mem_cols[1].mem_reg_0_0_0/ADDRARDADDR[14] (net: didactic/i_system_control/SysCtrl_SS/i_dmem/u_tc_sram/gen_1_ports.i_xpm_memory_spram/xpm_memory_base_inst/addra[14]) which is driven by a register (didactic/i_system_control/SysCtrl_SS/i_ibex_wrapper/Ibex_Core/u_ibex_core/cs_registers_i/u_mepc_csr/rdata_q_reg[23]) that has an active asychronous set or reset. This may cause corruption of the memory contents and/or read values when the set/reset is asserted and is not analyzed by the default static timing analysis. It is suggested to eliminate the use of a set/reset to registers driving this RAMB pin or else use a synchronous reset in which the assertion of the reset is timed by default.
Related violations: <none>

REQP-1839#17 Warning
RAMB36 async control check  
The RAMB36E1 didactic/i_system_control/SysCtrl_SS/i_dmem/u_tc_sram/gen_1_ports.i_xpm_memory_spram/xpm_memory_base_inst/gen_wr_a.gen_byte_narrow.for_mem_cols[1].mem_reg_0_0_0 has an input control pin didactic/i_system_control/SysCtrl_SS/i_dmem/u_tc_sram/gen_1_ports.i_xpm_memory_spram/xpm_memory_base_inst/gen_wr_a.gen_byte_narrow.for_mem_cols[1].mem_reg_0_0_0/ADDRARDADDR[14] (net: didactic/i_system_control/SysCtrl_SS/i_dmem/u_tc_sram/gen_1_ports.i_xpm_memory_spram/xpm_memory_base_inst/addra[14]) which is driven by a register (didactic/i_system_control/SysCtrl_SS/i_ibex_wrapper/Ibex_Core/u_ibex_core/cs_registers_i/u_mepc_csr/rdata_q_reg[24]) that has an active asychronous set or reset. This may cause corruption of the memory contents and/or read values when the set/reset is asserted and is not analyzed by the default static timing analysis. It is suggested to eliminate the use of a set/reset to registers driving this RAMB pin or else use a synchronous reset in which the assertion of the reset is timed by default.
Related violations: <none>

REQP-1839#18 Warning
RAMB36 async control check  
The RAMB36E1 didactic/i_system_control/SysCtrl_SS/i_dmem/u_tc_sram/gen_1_ports.i_xpm_memory_spram/xpm_memory_base_inst/gen_wr_a.gen_byte_narrow.for_mem_cols[1].mem_reg_0_0_0 has an input control pin didactic/i_system_control/SysCtrl_SS/i_dmem/u_tc_sram/gen_1_ports.i_xpm_memory_spram/xpm_memory_base_inst/gen_wr_a.gen_byte_narrow.for_mem_cols[1].mem_reg_0_0_0/ADDRARDADDR[14] (net: didactic/i_system_control/SysCtrl_SS/i_dmem/u_tc_sram/gen_1_ports.i_xpm_memory_spram/xpm_memory_base_inst/addra[14]) which is driven by a register (didactic/i_system_control/SysCtrl_SS/i_ibex_wrapper/Ibex_Core/u_ibex_core/cs_registers_i/u_mepc_csr/rdata_q_reg[25]) that has an active asychronous set or reset. This may cause corruption of the memory contents and/or read values when the set/reset is asserted and is not analyzed by the default static timing analysis. It is suggested to eliminate the use of a set/reset to registers driving this RAMB pin or else use a synchronous reset in which the assertion of the reset is timed by default.
Related violations: <none>

REQP-1839#19 Warning
RAMB36 async control check  
The RAMB36E1 didactic/i_system_control/SysCtrl_SS/i_dmem/u_tc_sram/gen_1_ports.i_xpm_memory_spram/xpm_memory_base_inst/gen_wr_a.gen_byte_narrow.for_mem_cols[1].mem_reg_0_0_0 has an input control pin didactic/i_system_control/SysCtrl_SS/i_dmem/u_tc_sram/gen_1_ports.i_xpm_memory_spram/xpm_memory_base_inst/gen_wr_a.gen_byte_narrow.for_mem_cols[1].mem_reg_0_0_0/ADDRARDADDR[14] (net: didactic/i_system_control/SysCtrl_SS/i_dmem/u_tc_sram/gen_1_ports.i_xpm_memory_spram/xpm_memory_base_inst/addra[14]) which is driven by a register (didactic/i_system_control/SysCtrl_SS/i_ibex_wrapper/Ibex_Core/u_ibex_core/cs_registers_i/u_mepc_csr/rdata_q_reg[26]) that has an active asychronous set or reset. This may cause corruption of the memory contents and/or read values when the set/reset is asserted and is not analyzed by the default static timing analysis. It is suggested to eliminate the use of a set/reset to registers driving this RAMB pin or else use a synchronous reset in which the assertion of the reset is timed by default.
Related violations: <none>

REQP-1839#20 Warning
RAMB36 async control check  
The RAMB36E1 didactic/i_system_control/SysCtrl_SS/i_dmem/u_tc_sram/gen_1_ports.i_xpm_memory_spram/xpm_memory_base_inst/gen_wr_a.gen_byte_narrow.for_mem_cols[1].mem_reg_0_0_0 has an input control pin didactic/i_system_control/SysCtrl_SS/i_dmem/u_tc_sram/gen_1_ports.i_xpm_memory_spram/xpm_memory_base_inst/gen_wr_a.gen_byte_narrow.for_mem_cols[1].mem_reg_0_0_0/ADDRARDADDR[14] (net: didactic/i_system_control/SysCtrl_SS/i_dmem/u_tc_sram/gen_1_ports.i_xpm_memory_spram/xpm_memory_base_inst/addra[14]) which is driven by a register (didactic/i_system_control/SysCtrl_SS/i_ibex_wrapper/Ibex_Core/u_ibex_core/cs_registers_i/u_mstatus_csr/rdata_q_reg[5]) that has an active asychronous set or reset. This may cause corruption of the memory contents and/or read values when the set/reset is asserted and is not analyzed by the default static timing analysis. It is suggested to eliminate the use of a set/reset to registers driving this RAMB pin or else use a synchronous reset in which the assertion of the reset is timed by default.
Related violations: <none>

RPBF-3#1 Warning
IO port buffering is incomplete  
Device port jtag_tck expects both input and output buffering but the buffers are incomplete.
Related violations: <none>

RPBF-3#2 Warning
IO port buffering is incomplete  
Device port jtag_tdi expects both input and output buffering but the buffers are incomplete.
Related violations: <none>

RPBF-3#3 Warning
IO port buffering is incomplete  
Device port jtag_tms expects both input and output buffering but the buffers are incomplete.
Related violations: <none>

RPBF-3#4 Warning
IO port buffering is incomplete  
Device port jtag_trst expects both input and output buffering but the buffers are incomplete.
Related violations: <none>

RPBF-3#5 Warning
IO port buffering is incomplete  
Device port reset expects both input and output buffering but the buffers are incomplete.
Related violations: <none>

RPBF-3#6 Warning
IO port buffering is incomplete  
Device port uart_rx expects both input and output buffering but the buffers are incomplete.
Related violations: <none>


