Copyright 1986-2022 Xilinx, Inc. All Rights Reserved. Copyright 2022-2024 Advanced Micro Devices, Inc. All Rights Reserved.
--------------------------------------------------------------------------------------------------------------------------------------------------------------------
| Tool Version : Vivado v.2024.1 (lin64) Build 5076996 Wed May 22 18:36:09 MDT 2024
| Date         : Tue Jul  7 23:40:35 2026
| Host         : linux12.clients.eikon.tum.de running 64-bit Ubuntu 24.04.4 LTS
| Command      : report_methodology -file DidacticA7_methodology_drc_routed.rpt -pb DidacticA7_methodology_drc_routed.pb -rpx DidacticA7_methodology_drc_routed.rpx
| Design       : DidacticA7
| Device       : xc7a100tcsg324-1
| Speed File   : -1
| Design State : Fully Routed
--------------------------------------------------------------------------------------------------------------------------------------------------------------------

Report Methodology

Table of Contents
-----------------
1. REPORT SUMMARY
2. REPORT DETAILS

1. REPORT SUMMARY
-----------------
            Netlist: netlist
          Floorplan: checkpoint_DidacticA7
      Design limits: <entire design considered>
             Max violations: <unlimited>
             Violations found: 19
+-----------+------------------+------------------------------------------+------------+
| Rule      | Severity         | Description                              | Violations |
+-----------+------------------+------------------------------------------+------------+
| TIMING-14 | Critical Warning | LUT on the clock tree                    | 1          |
| HPDR-1    | Warning          | Port pin direction inconsistency         | 5          |
| HPDR-2    | Warning          | Port pin INOUT inconsistency             | 6          |
| LUTAR-1   | Warning          | LUT drives async reset alert             | 1          |
| TIMING-18 | Warning          | Missing input or output delay            | 3          |
| XDCH-2    | Warning          | Same min and max delay values on IO port | 3          |
+-----------+------------------+------------------------------------------+------------+

2. REPORT DETAILS
-----------------
TIMING-14#1 Critical Warning
LUT on the clock tree  
The LUT didactic/i_system_control/SysCtrl_SS/jtag_dbg_wrapper/i_dmi_jtag/i_dmi_jtag_tap/i_tck_inv/clk_o_INST_0 has been found on the clock tree. Run opt_design to optimize the clock trees, then re-run report_methodology. If LUT(s) are still present in the clock trees, modify the RTL or the synthesis options accordingly to move the clock gating logic to dedicated clock enable resources. Keep in mind that post-opt_design database cannot be used for pin-planning tasks
Related violations: <none>

HPDR-1#1 Warning
Port pin direction inconsistency  
Hierarchical port(pin) jtag_tdo direction INOUT is not consistent with the directions of the cell pins/ports found at that level of the netlist hierarchy. Please review the design and consider changing the port(pin) direction. Both drivers and loads were expected for the net (jtag_tdo) connected to this Port, but both were not found.
Related violations: <none>

HPDR-1#2 Warning
Port pin direction inconsistency  
Hierarchical port(pin) spi_csn[0] direction INOUT is not consistent with the directions of the cell pins/ports found at that level of the netlist hierarchy. Please review the design and consider changing the port(pin) direction. Both drivers and loads were expected for the net (spi_csn[0]) connected to this Port, but both were not found.
Related violations: <none>

HPDR-1#3 Warning
Port pin direction inconsistency  
Hierarchical port(pin) spi_csn[1] direction INOUT is not consistent with the directions of the cell pins/ports found at that level of the netlist hierarchy. Please review the design and consider changing the port(pin) direction. Both drivers and loads were expected for the net (spi_csn[1]) connected to this Port, but both were not found.
Related violations: <none>

HPDR-1#4 Warning
Port pin direction inconsistency  
Hierarchical port(pin) spi_sck direction INOUT is not consistent with the directions of the cell pins/ports found at that level of the netlist hierarchy. Please review the design and consider changing the port(pin) direction. Both drivers and loads were expected for the net (spi_sck) connected to this Port, but both were not found.
Related violations: <none>

HPDR-1#5 Warning
Port pin direction inconsistency  
Hierarchical port(pin) uart_tx direction INOUT is not consistent with the directions of the cell pins/ports found at that level of the netlist hierarchy. Please review the design and consider changing the port(pin) direction. Both drivers and loads were expected for the net (uart_tx) connected to this Port, but both were not found.
Related violations: <none>

HPDR-2#1 Warning
Port pin INOUT inconsistency  
Hierarchical port(pin) didactic/i_system_control/i_io_cell_frame/i_io_cell_jtag_tck/PAD direction INOUT is not consistent with the directions of the cell pins/ports found at that level of the netlist hierarchy. Please review the design and consider changing the port(pin) direction. Both drivers and loads were expected for the net (didactic/i_system_control/i_io_cell_frame/i_io_cell_jtag_tck/PAD) connected to this hierarchical pin/port, but both were not found.
Related violations: <none>

HPDR-2#2 Warning
Port pin INOUT inconsistency  
Hierarchical port(pin) didactic/i_system_control/i_io_cell_frame/i_io_cell_jtag_tdi/PAD direction INOUT is not consistent with the directions of the cell pins/ports found at that level of the netlist hierarchy. Please review the design and consider changing the port(pin) direction. Both drivers and loads were expected for the net (didactic/i_system_control/i_io_cell_frame/i_io_cell_jtag_tdi/PAD) connected to this hierarchical pin/port, but both were not found.
Related violations: <none>

HPDR-2#3 Warning
Port pin INOUT inconsistency  
Hierarchical port(pin) didactic/i_system_control/i_io_cell_frame/i_io_cell_jtag_tms/PAD direction INOUT is not consistent with the directions of the cell pins/ports found at that level of the netlist hierarchy. Please review the design and consider changing the port(pin) direction. Both drivers and loads were expected for the net (didactic/i_system_control/i_io_cell_frame/i_io_cell_jtag_tms/PAD) connected to this hierarchical pin/port, but both were not found.
Related violations: <none>

HPDR-2#4 Warning
Port pin INOUT inconsistency  
Hierarchical port(pin) didactic/i_system_control/i_io_cell_frame/i_io_cell_jtag_trst/PAD direction INOUT is not consistent with the directions of the cell pins/ports found at that level of the netlist hierarchy. Please review the design and consider changing the port(pin) direction. Both drivers and loads were expected for the net (didactic/i_system_control/i_io_cell_frame/i_io_cell_jtag_trst/PAD) connected to this hierarchical pin/port, but both were not found.
Related violations: <none>

HPDR-2#5 Warning
Port pin INOUT inconsistency  
Hierarchical port(pin) didactic/i_system_control/i_io_cell_frame/i_io_cell_rst/PAD direction INOUT is not consistent with the directions of the cell pins/ports found at that level of the netlist hierarchy. Please review the design and consider changing the port(pin) direction. Both drivers and loads were expected for the net (didactic/i_system_control/i_io_cell_frame/i_io_cell_rst/PAD) connected to this hierarchical pin/port, but both were not found.
Related violations: <none>

HPDR-2#6 Warning
Port pin INOUT inconsistency  
Hierarchical port(pin) didactic/i_system_control/i_io_cell_frame/i_io_cell_uart_rx/PAD direction INOUT is not consistent with the directions of the cell pins/ports found at that level of the netlist hierarchy. Please review the design and consider changing the port(pin) direction. Both drivers and loads were expected for the net (didactic/i_system_control/i_io_cell_frame/i_io_cell_uart_rx/PAD) connected to this hierarchical pin/port, but both were not found.
Related violations: <none>

LUTAR-1#1 Warning
LUT drives async reset alert  
LUT cell didactic/i_system_control/SysCtrl_SS/jtag_dbg_wrapper/core_reset_INST_0, with 2 or more inputs, drives asynchronous preset/clear pin(s) didactic/i_system_control/SysCtrl_SS/i_ibex_wrapper/Ibex_Core/g_clock_en_non_secure.core_busy_q_reg[0]/CLR,
didactic/i_system_control/SysCtrl_SS/i_ibex_wrapper/Ibex_Core/gen_regfile_ff.register_file_i/g_rf_flops[9].rf_reg_q_reg[2]/CLR,
didactic/i_system_control/SysCtrl_SS/i_ibex_wrapper/Ibex_Core/gen_regfile_ff.register_file_i/g_rf_flops[9].rf_reg_q_reg[30]/CLR,
didactic/i_system_control/SysCtrl_SS/i_ibex_wrapper/Ibex_Core/gen_regfile_ff.register_file_i/g_rf_flops[9].rf_reg_q_reg[31]/CLR,
didactic/i_system_control/SysCtrl_SS/i_ibex_wrapper/Ibex_Core/gen_regfile_ff.register_file_i/g_rf_flops[9].rf_reg_q_reg[3]/CLR,
didactic/i_system_control/SysCtrl_SS/i_ibex_wrapper/Ibex_Core/gen_regfile_ff.register_file_i/g_rf_flops[9].rf_reg_q_reg[4]/CLR,
didactic/i_system_control/SysCtrl_SS/i_ibex_wrapper/Ibex_Core/gen_regfile_ff.register_file_i/g_rf_flops[9].rf_reg_q_reg[5]/CLR,
didactic/i_system_control/SysCtrl_SS/i_ibex_wrapper/Ibex_Core/gen_regfile_ff.register_file_i/g_rf_flops[9].rf_reg_q_reg[6]/CLR,
didactic/i_system_control/SysCtrl_SS/i_ibex_wrapper/Ibex_Core/gen_regfile_ff.register_file_i/g_rf_flops[9].rf_reg_q_reg[7]/CLR,
didactic/i_system_control/SysCtrl_SS/i_ibex_wrapper/Ibex_Core/gen_regfile_ff.register_file_i/g_rf_flops[9].rf_reg_q_reg[8]/CLR,
didactic/i_system_control/SysCtrl_SS/i_ibex_wrapper/Ibex_Core/gen_regfile_ff.register_file_i/g_rf_flops[9].rf_reg_q_reg[9]/CLR,
didactic/i_system_control/SysCtrl_SS/i_ibex_wrapper/genblk1[0].i_tech_sync_irq/sync_reg_reg[1]/CLR,
didactic/i_system_control/SysCtrl_SS/i_ibex_wrapper/genblk1[1].i_tech_sync_irq/sync_reg_reg[1]/CLR,
didactic/i_system_control/SysCtrl_SS/i_ibex_wrapper/genblk1[2].i_tech_sync_irq/sync_reg_reg[1]/CLR,
didactic/i_system_control/SysCtrl_SS/i_ibex_wrapper/genblk1[3].i_tech_sync_irq/sync_reg_reg[1]/CLR
 (the first 15 of 1620 listed). The LUT may glitch and trigger an unexpected reset, even if it is a properly timed path.
Related violations: <none>

TIMING-18#1 Warning
Missing input or output delay  
An input delay is missing on jtag_tdi relative to the rising and/or falling clock edge(s) of jtag_clk.
Related violations: <none>

TIMING-18#2 Warning
Missing input or output delay  
An input delay is missing on jtag_tms relative to the rising and/or falling clock edge(s) of jtag_clk.
Related violations: <none>

TIMING-18#3 Warning
Missing input or output delay  
An output delay is missing on jtag_tdo relative to the rising and/or falling clock edge(s) of jtag_clk.
Related violations: <none>

XDCH-2#1 Warning
Same min and max delay values on IO port  
The same input delay of 5.000 ns has been defined on port 'jtag_tdi' relative to clock jtag_clk for both max and min. Make sure this reflects the design intent.
set_input_delay -clock jtag_clk -clock_fall 5.000 [get_ports jtag_tdi]
/nas/ei/home/ge87dix/Edu4Chip/Didactic-SoC/fpga/constraints/a7.xdc (Line: 15)
Related violations: <none>

XDCH-2#2 Warning
Same min and max delay values on IO port  
The same input delay of 5.000 ns has been defined on port 'jtag_tms' relative to clock jtag_clk for both max and min. Make sure this reflects the design intent.
set_input_delay -clock jtag_clk -clock_fall 5.000 [get_ports jtag_tms]
/nas/ei/home/ge87dix/Edu4Chip/Didactic-SoC/fpga/constraints/a7.xdc (Line: 16)
Related violations: <none>

XDCH-2#3 Warning
Same min and max delay values on IO port  
The same output delay of 5.000 ns has been defined on port 'jtag_tdo' relative to clock jtag_clk for both max and min. Make sure this reflects the design intent.
set_output_delay -clock jtag_clk 5.000 [get_ports jtag_tdo]
/nas/ei/home/ge87dix/Edu4Chip/Didactic-SoC/fpga/constraints/a7.xdc (Line: 17)
Related violations: <none>


